Archive member included because of file (symbol)

c:/embedded/tools/gcc-arm/bin/../lib/gcc/arm-none-eabi/4.8.4/armv7-m\libgcc.a(_arm_addsubdf3.o)
                              ./Framework/FNET/cpu/lpc17xx/fnet_lpc1768_timer.o (__aeabi_f2d)
c:/embedded/tools/gcc-arm/bin/../lib/gcc/arm-none-eabi/4.8.4/armv7-m\libgcc.a(_arm_muldivdf3.o)
                              ./Framework/FNET/cpu/lpc17xx/fnet_lpc1768_timer.o (__aeabi_dmul)
c:/embedded/tools/gcc-arm/bin/../lib/gcc/arm-none-eabi/4.8.4/armv7-m\libgcc.a(_arm_truncdfsf2.o)
                              ./Framework/FNET/cpu/lpc17xx/fnet_lpc1768_timer.o (__aeabi_d2f)
c:/embedded/tools/gcc-arm/bin/../lib/gcc/arm-none-eabi/4.8.4/armv7-m\libgcc.a(_arm_addsubsf3.o)
                              ./Framework/FNET/cpu/lpc17xx/fnet_lpc1768_timer.o (__aeabi_ui2f)
c:/embedded/tools/gcc-arm/bin/../lib/gcc/arm-none-eabi/4.8.4/armv7-m\libgcc.a(_arm_muldivsf3.o)
                              ./Framework/FNET/cpu/lpc17xx/fnet_lpc1768_timer.o (__aeabi_fdiv)
c:/embedded/tools/gcc-arm/bin/../lib/gcc/arm-none-eabi/4.8.4/armv7-m\libgcc.a(_arm_fixunssfsi.o)
                              ./Framework/FNET/cpu/lpc17xx/fnet_lpc1768_timer.o (__aeabi_f2uiz)
c:/embedded/tools/gcc-arm/bin/../lib/gcc/arm-none-eabi/4.8.4/armv7-m\libgcc.a(_aeabi_uldivmod.o)
                              ./Chip/Driver/Source/lpc177x_8x_uart.o (__aeabi_uldivmod)
c:/embedded/tools/gcc-arm/bin/../lib/gcc/arm-none-eabi/4.8.4/armv7-m\libgcc.a(bpabi.o)
                              c:/embedded/tools/gcc-arm/bin/../lib/gcc/arm-none-eabi/4.8.4/armv7-m\libgcc.a(_aeabi_uldivmod.o) (__gnu_uldivmod_helper)
c:/embedded/tools/gcc-arm/bin/../lib/gcc/arm-none-eabi/4.8.4/armv7-m\libgcc.a(_dvmd_tls.o)
                              c:/embedded/tools/gcc-arm/bin/../lib/gcc/arm-none-eabi/4.8.4/armv7-m\libgcc.a(_aeabi_uldivmod.o) (__aeabi_ldiv0)
c:/embedded/tools/gcc-arm/bin/../lib/gcc/arm-none-eabi/4.8.4/armv7-m\libgcc.a(_divdi3.o)
                              c:/embedded/tools/gcc-arm/bin/../lib/gcc/arm-none-eabi/4.8.4/armv7-m\libgcc.a(bpabi.o) (__divdi3)
c:/embedded/tools/gcc-arm/bin/../lib/gcc/arm-none-eabi/4.8.4/armv7-m\libgcc.a(_udivdi3.o)
                              c:/embedded/tools/gcc-arm/bin/../lib/gcc/arm-none-eabi/4.8.4/armv7-m\libgcc.a(bpabi.o) (__udivdi3)
c:/embedded/tools/gcc-arm/bin/../lib/gcc/arm-none-eabi/4.8.4/../../../../arm-none-eabi/lib/armv7-m\libg.a(lib_a-exit.o)
                              c:/embedded/tools/gcc-arm/bin/../lib/gcc/arm-none-eabi/4.8.4/../../../../arm-none-eabi/lib/armv7-m/crt0.o (exit)
c:/embedded/tools/gcc-arm/bin/../lib/gcc/arm-none-eabi/4.8.4/../../../../arm-none-eabi/lib/armv7-m\libg.a(lib_a-impure.o)
                              c:/embedded/tools/gcc-arm/bin/../lib/gcc/arm-none-eabi/4.8.4/../../../../arm-none-eabi/lib/armv7-m\libg.a(lib_a-exit.o) (_global_impure_ptr)
c:/embedded/tools/gcc-arm/bin/../lib/gcc/arm-none-eabi/4.8.4/../../../../arm-none-eabi/lib/armv7-m\libg.a(lib_a-init.o)
                              c:/embedded/tools/gcc-arm/bin/../lib/gcc/arm-none-eabi/4.8.4/../../../../arm-none-eabi/lib/armv7-m/crt0.o (__libc_init_array)
c:/embedded/tools/gcc-arm/bin/../lib/gcc/arm-none-eabi/4.8.4/../../../../arm-none-eabi/lib/armv7-m\libg.a(lib_a-memset.o)
                              c:/embedded/tools/gcc-arm/bin/../lib/gcc/arm-none-eabi/4.8.4/../../../../arm-none-eabi/lib/armv7-m/crt0.o (memset)
c:/embedded/tools/gcc-arm/bin/../lib/gcc/arm-none-eabi/4.8.4/../../../../arm-none-eabi/lib/armv7-m\libg.a(lib_a-__call_atexit.o)
                              c:/embedded/tools/gcc-arm/bin/../lib/gcc/arm-none-eabi/4.8.4/../../../../arm-none-eabi/lib/armv7-m\libg.a(lib_a-exit.o) (__call_exitprocs)
c:/embedded/tools/gcc-arm/bin/../lib/gcc/arm-none-eabi/4.8.4/../../../../arm-none-eabi/lib/armv7-m\libg.a(lib_a-atexit.o)
                              c:/embedded/tools/gcc-arm/bin/../lib/gcc/arm-none-eabi/4.8.4/../../../../arm-none-eabi/lib/armv7-m\libg.a(lib_a-__call_atexit.o) (atexit)
c:/embedded/tools/gcc-arm/bin/../lib/gcc/arm-none-eabi/4.8.4/../../../../arm-none-eabi/lib/armv7-m\libg.a(lib_a-fini.o)
                              c:/embedded/tools/gcc-arm/bin/../lib/gcc/arm-none-eabi/4.8.4/../../../../arm-none-eabi/lib/armv7-m\libg.a(lib_a-__call_atexit.o) (__libc_fini_array)
c:/embedded/tools/gcc-arm/bin/../lib/gcc/arm-none-eabi/4.8.4/../../../../arm-none-eabi/lib/armv7-m\libg.a(lib_a-__atexit.o)
                              c:/embedded/tools/gcc-arm/bin/../lib/gcc/arm-none-eabi/4.8.4/../../../../arm-none-eabi/lib/armv7-m\libg.a(lib_a-atexit.o) (__register_exitproc)
c:/embedded/tools/gcc-arm/bin/../lib/gcc/arm-none-eabi/4.8.4/../../../../arm-none-eabi/lib/armv7-m\libnosys.a(_exit.o)
                              c:/embedded/tools/gcc-arm/bin/../lib/gcc/arm-none-eabi/4.8.4/../../../../arm-none-eabi/lib/armv7-m\libg.a(lib_a-exit.o) (_exit)

Allocating common symbols
Common symbol       size              file

[...]
Memory Configuration

Name             Origin             Length             Attributes
FLASH            0x00000000         0x00080000         xr
RAM              0x10000000         0x00010000         xrw
RAM1             0x20000000         0x00004000         xrw
RAM2             0x20004000         0x00004000         xrw
*default*        0x00000000         0xffffffff

Linker script and memory map

LOAD c:/embedded/tools/gcc-arm/bin/../lib/gcc/arm-none-eabi/4.8.4/armv7-m/crti.o
LOAD c:/embedded/tools/gcc-arm/bin/../lib/gcc/arm-none-eabi/4.8.4/armv7-m/crtbegin.o
LOAD c:/embedded/tools/gcc-arm/bin/../lib/gcc/arm-none-eabi/4.8.4/../../../../arm-none-eabi/lib/armv7-m/crt0.o
LOAD ./Framework/FNET/stack/fnet_arp.o
LOAD ./Framework/FNET/stack/fnet_checksum.o
LOAD ./Framework/FNET/stack/fnet_error.o
LOAD ./Framework/FNET/stack/fnet_eth.o
LOAD ./Framework/FNET/stack/fnet_icmp.o
LOAD ./Framework/FNET/stack/fnet_icmp6.o
LOAD ./Framework/FNET/stack/fnet_igmp.o
LOAD ./Framework/FNET/stack/fnet_inet.o
LOAD ./Framework/FNET/stack/fnet_ip.o
LOAD ./Framework/FNET/stack/fnet_ip6.o
LOAD ./Framework/FNET/stack/fnet_isr.o
LOAD ./Framework/FNET/stack/fnet_loop.o
LOAD ./Framework/FNET/stack/fnet_mempool.o
LOAD ./Framework/FNET/stack/fnet_nd6.o
LOAD ./Framework/FNET/stack/fnet_netbuf.o
LOAD ./Framework/FNET/stack/fnet_netif.o
LOAD ./Framework/FNET/stack/fnet_prot.o
LOAD ./Framework/FNET/stack/fnet_raw.o
LOAD ./Framework/FNET/stack/fnet_socket.o
LOAD ./Framework/FNET/stack/fnet_stack.o
LOAD ./Framework/FNET/stack/fnet_stdlib.o
LOAD ./Framework/FNET/stack/fnet_tcp.o
LOAD ./Framework/FNET/stack/fnet_timer.o
LOAD ./Framework/FNET/stack/fnet_udp.o
LOAD ./Framework/FNET/services/tftp/fnet_tftp_cln.o
LOAD ./Framework/FNET/services/tftp/fnet_tftp_srv.o
LOAD ./Framework/FNET/services/telnet/fnet_telnet.o
LOAD ./Framework/FNET/services/shell/fnet_shell.o
LOAD ./Framework/FNET/services/serial/fnet_serial.o
LOAD ./Framework/FNET/services/poll/fnet_poll.o
LOAD ./Framework/FNET/services/ping/fnet_ping.o
LOAD ./Framework/FNET/services/http/fnet_http.o
LOAD ./Framework/FNET/services/http/fnet_http_auth.o
LOAD ./Framework/FNET/services/http/fnet_http_cgi.o
LOAD ./Framework/FNET/services/http/fnet_http_get.o
LOAD ./Framework/FNET/services/http/fnet_http_post.o
LOAD ./Framework/FNET/services/http/fnet_http_ssi.o
LOAD ./Framework/FNET/services/fs/fnet_fs.o
LOAD ./Framework/FNET/services/fs/fnet_fs_rom.o
LOAD ./Framework/FNET/services/fs/fnet_fs_root.o
LOAD ./Framework/FNET/services/flash/fnet_flash.o
LOAD ./Framework/FNET/services/dns/fnet_dns.o
LOAD ./Framework/FNET/services/dhcp/fnet_dhcp.o
LOAD ./Framework/FNET/os/ucosII/fnet_ucosII_isr.o
LOAD ./Framework/FNET/os/freertos/fnet_freertos.o
LOAD ./Framework/FNET/os/brtos/fnet_brtos.o
LOAD ./Framework/FNET/cpu/lpc17xx/fnet_lpc.o
LOAD ./Framework/FNET/cpu/lpc17xx/fnet_lpc1768_serial.o
LOAD ./Framework/FNET/cpu/lpc17xx/fnet_lpc1768_timer.o
LOAD ./Framework/FNET/cpu/lpc17xx/fnet_lpc_eth.o
LOAD ./Framework/FNET/cpu/common/fnet_fec.o
LOAD ./Framework/FNET/cpu/fnet_cpu.o
LOAD ./Framework/FNET/fapp_fs_image.o
LOAD ./Framework/FNET/fapp_fs_image_http09.o
LOAD ./Framework/FNET/fapp_http_cgi.o
LOAD ./Framework/FNET/fnet_main.o
LOAD ./Chip/Driver/Source/debug_frmwrk.o
LOAD ./Chip/Driver/Source/lpc177x_8x_adc.o
LOAD ./Chip/Driver/Source/lpc177x_8x_bod.o
LOAD ./Chip/Driver/Source/lpc177x_8x_can.o
LOAD ./Chip/Driver/Source/lpc177x_8x_clkpwr.o
LOAD ./Chip/Driver/Source/lpc177x_8x_crc.o
LOAD ./Chip/Driver/Source/lpc177x_8x_dac.o
LOAD ./Chip/Driver/Source/lpc177x_8x_eeprom.o
LOAD ./Chip/Driver/Source/lpc177x_8x_emac.o
LOAD ./Chip/Driver/Source/lpc177x_8x_emc.o
LOAD ./Chip/Driver/Source/lpc177x_8x_exti.o
LOAD ./Chip/Driver/Source/lpc177x_8x_gpdma.o
LOAD ./Chip/Driver/Source/lpc177x_8x_gpio.o
LOAD ./Chip/Driver/Source/lpc177x_8x_i2c.o
LOAD ./Chip/Driver/Source/lpc177x_8x_i2s.o
LOAD ./Chip/Driver/Source/lpc177x_8x_iap.o
LOAD ./Chip/Driver/Source/lpc177x_8x_lcd.o
LOAD ./Chip/Driver/Source/lpc177x_8x_mci.o
LOAD ./Chip/Driver/Source/lpc177x_8x_mcpwm.o
LOAD ./Chip/Driver/Source/lpc177x_8x_nvic.o
LOAD ./Chip/Driver/Source/lpc177x_8x_pinsel.o
LOAD ./Chip/Driver/Source/lpc177x_8x_pwm.o
LOAD ./Chip/Driver/Source/lpc177x_8x_qei.o
LOAD ./Chip/Driver/Source/lpc177x_8x_rtc.o
LOAD ./Chip/Driver/Source/lpc177x_8x_ssp.o
LOAD ./Chip/Driver/Source/lpc177x_8x_systick.o
LOAD ./Chip/Driver/Source/lpc177x_8x_timer.o
LOAD ./Chip/Driver/Source/lpc177x_8x_uart.o
LOAD ./Chip/Driver/Source/lpc177x_8x_wwdt.o
LOAD ./Chip/Core/Source/Template/GCC/startup_LPC177x_8x.o
LOAD ./Chip/Core/Source/Template/system_LPC177x_8x.o
LOAD ./main.o
START GROUP
LOAD c:/embedded/tools/gcc-arm/bin/../lib/gcc/arm-none-eabi/4.8.4/armv7-m\libgcc.a
LOAD c:/embedded/tools/gcc-arm/bin/../lib/gcc/arm-none-eabi/4.8.4/../../../../arm-none-eabi/lib/armv7-m\libg.a
LOAD c:/embedded/tools/gcc-arm/bin/../lib/gcc/arm-none-eabi/4.8.4/../../../../arm-none-eabi/lib/armv7-m\libc.a
END GROUP
LOAD c:/embedded/tools/gcc-arm/bin/../lib/gcc/arm-none-eabi/4.8.4/armv7-m/crtend.o
LOAD c:/embedded/tools/gcc-arm/bin/../lib/gcc/arm-none-eabi/4.8.4/armv7-m/crtn.o
START GROUP
LOAD c:/embedded/tools/gcc-arm/bin/../lib/gcc/arm-none-eabi/4.8.4/armv7-m\libgcc.a
LOAD c:/embedded/tools/gcc-arm/bin/../lib/gcc/arm-none-eabi/4.8.4/../../../../arm-none-eabi/lib/armv7-m\libc.a
LOAD c:/embedded/tools/gcc-arm/bin/../lib/gcc/arm-none-eabi/4.8.4/../../../../arm-none-eabi/lib/armv7-m\libm.a
LOAD c:/embedded/tools/gcc-arm/bin/../lib/gcc/arm-none-eabi/4.8.4/../../../../arm-none-eabi/lib/armv7-m\libnosys.a
END GROUP

.text           0x00000000    0x1c190
 *(.isr_vector)
 .isr_vector    0x00000000       0xe4 ./Chip/Core/Source/Template/GCC/startup_LPC177x_8x.o
                0x00000000                __isr_vector
 *crti.o(.text*)
 .text          0x000000e4        0x0 c:/embedded/tools/gcc-arm/bin/../lib/gcc/arm-none-eabi/4.8.4/armv7-m/crti.o
 *crtbegin.o(.text*)
 .text          0x000000e4       0x54 c:/embedded/tools/gcc-arm/bin/../lib/gcc/arm-none-eabi/4.8.4/armv7-m/crtbegin.o
 *crt0.o(.text*)
 .text          0x00000138       0x74 c:/embedded/tools/gcc-arm/bin/../lib/gcc/arm-none-eabi/4.8.4/../../../../arm-none-eabi/lib/armv7-m/crt0.o
                0x00000138                _start
                0x00000138                _mainCRTStartup
                0x000001ac                . = DEFINED (__nxp_crp)?0x2fc:.
 *(.NXP.CRP)
 *(.text*)
 .text          0x000001ac        0x0 ./Framework/FNET/stack/fnet_arp.o
 .text.fnet_arp_init
                0x000001ac       0x90 ./Framework/FNET/stack/fnet_arp.o
                0x000001ac                fnet_arp_init
 .text.fnet_arp_release
                0x0000023c       0x2c ./Framework/FNET/stack/fnet_arp.o
                0x0000023c                fnet_arp_release
 .text.fnet_arp_timer
                0x00000268       0xa0 ./Framework/FNET/stack/fnet_arp.o
 .text.fnet_arp_add_entry
                0x00000308      0x1b0 ./Framework/FNET/stack/fnet_arp.o
 .text.fnet_arp_update_entry
                0x000004b8       0x88 ./Framework/FNET/stack/fnet_arp.o
 .text.fnet_arp_lookup
                0x00000540       0x80 ./Framework/FNET/stack/fnet_arp.o
                0x00000540                fnet_arp_lookup
 .text.fnet_arp_resolve
                0x000005c0       0xd0 ./Framework/FNET/stack/fnet_arp.o
                0x000005c0                fnet_arp_resolve
 .text.fnet_arp_input
                0x00000690      0x1b8 ./Framework/FNET/stack/fnet_arp.o
                0x00000690                fnet_arp_input
 .text.fnet_arp_request
                0x00000848       0xb8 ./Framework/FNET/stack/fnet_arp.o
                0x00000848                fnet_arp_request
 .text.fnet_arp_ip_duplicated
                0x00000900       0x28 ./Framework/FNET/stack/fnet_arp.o
 .text.fnet_arp_drain
                0x00000928       0x88 ./Framework/FNET/stack/fnet_arp.o
                0x00000928                fnet_arp_drain
 .text          0x000009b0        0x0 ./Framework/FNET/stack/fnet_checksum.o
 .text.fnet_checksum_low
                0x000009b0      0x194 ./Framework/FNET/stack/fnet_checksum.o
 .text.fnet_checksum_nb
                0x00000b44       0xc0 ./Framework/FNET/stack/fnet_checksum.o
 .text.fnet_checksum
                0x00000c04       0x3c ./Framework/FNET/stack/fnet_checksum.o
                0x00000c04                fnet_checksum
 .text.fnet_checksum_buf
                0x00000c40       0x3c ./Framework/FNET/stack/fnet_checksum.o
                0x00000c40                fnet_checksum_buf
 .text.fnet_checksum_pseudo_buf
                0x00000c7c       0x74 ./Framework/FNET/stack/fnet_checksum.o
                0x00000c7c                fnet_checksum_pseudo_buf
 .text.fnet_checksum_pseudo_start
                0x00000cf0       0x54 ./Framework/FNET/stack/fnet_checksum.o
                0x00000cf0                fnet_checksum_pseudo_start
 .text.fnet_checksum_pseudo_end
                0x00000d44       0x58 ./Framework/FNET/stack/fnet_checksum.o
                0x00000d44                fnet_checksum_pseudo_end
 .text          0x00000d9c        0x0 ./Framework/FNET/stack/fnet_error.o
 .text.fnet_error_get
                0x00000d9c       0x18 ./Framework/FNET/stack/fnet_error.o
                0x00000d9c                fnet_error_get
 .text.fnet_error_set
                0x00000db4       0x1c ./Framework/FNET/stack/fnet_error.o
                0x00000db4                fnet_error_set
 .text          0x00000dd0        0x0 ./Framework/FNET/stack/fnet_eth.o
 .text.fnet_mac_to_str
                0x00000dd0       0x54 ./Framework/FNET/stack/fnet_eth.o
                0x00000dd0                fnet_mac_to_str
 .text.fnet_str_to_mac
                0x00000e24      0x124 ./Framework/FNET/stack/fnet_eth.o
                0x00000e24                fnet_str_to_mac
 .text.fnet_eth_prot_input
                0x00000f48       0x64 ./Framework/FNET/stack/fnet_eth.o
                0x00000f48                fnet_eth_prot_input
 .text.fnet_eth_init
                0x00000fac       0x54 ./Framework/FNET/stack/fnet_eth.o
                0x00000fac                fnet_eth_init
 .text.fnet_eth_release
                0x00001000       0x30 ./Framework/FNET/stack/fnet_eth.o
                0x00001000                fnet_eth_release
 .text.fnet_eth_drain
                0x00001030       0x14 ./Framework/FNET/stack/fnet_eth.o
                0x00001030                fnet_eth_drain
 .text.fnet_eth_change_addr_notify
                0x00001044       0x34 ./Framework/FNET/stack/fnet_eth.o
                0x00001044                fnet_eth_change_addr_notify
 .text.fnet_eth_timer
                0x00001078       0x40 ./Framework/FNET/stack/fnet_eth.o
 .text.fnet_eth_output_ip4
                0x000010b8       0xc0 ./Framework/FNET/stack/fnet_eth.o
                0x000010b8                fnet_eth_output_ip4
 .text.fnet_eth_trace
                0x00001178       0xa0 ./Framework/FNET/stack/fnet_eth.o
                0x00001178                fnet_eth_trace
 .text          0x00001218        0x0 ./Framework/FNET/stack/fnet_icmp.o
 .text.fnet_icmp_input
                0x00001218      0x240 ./Framework/FNET/stack/fnet_icmp.o
 .text.fnet_icmp_output
                0x00001458       0x5c ./Framework/FNET/stack/fnet_icmp.o
 .text.fnet_icmp_error
                0x000014b4      0x254 ./Framework/FNET/stack/fnet_icmp.o
                0x000014b4                fnet_icmp_error
 .text.fnet_icmp_trace
                0x00001708       0x60 ./Framework/FNET/stack/fnet_icmp.o
                0x00001708                fnet_icmp_trace
 .text          0x00001768        0x0 ./Framework/FNET/stack/fnet_icmp6.o
 .text          0x00001768        0x0 ./Framework/FNET/stack/fnet_igmp.o
 .text          0x00001768        0x0 ./Framework/FNET/stack/fnet_inet.o
 .text.fnet_inet_ntoa
                0x00001768       0x20 ./Framework/FNET/stack/fnet_inet.o
                0x00001768                fnet_inet_ntoa
 .text.fnet_inet_aton
                0x00001788       0x20 ./Framework/FNET/stack/fnet_inet.o
                0x00001788                fnet_inet_aton
 .text.fnet_inet_ntop
                0x000017a8       0x30 ./Framework/FNET/stack/fnet_inet.o
                0x000017a8                fnet_inet_ntop
 .text.fnet_inet_pton
                0x000017d8       0x3c ./Framework/FNET/stack/fnet_inet.o
                0x000017d8                fnet_inet_pton
 .text.fnet_inet_ptos
                0x00001814       0x38 ./Framework/FNET/stack/fnet_inet.o
                0x00001814                fnet_inet_ptos
 .text.fnet_inet_pton_ip4
                0x0000184c       0xdc ./Framework/FNET/stack/fnet_inet.o
 .text.fnet_inet_ntop_ip4
                0x00001928       0x74 ./Framework/FNET/stack/fnet_inet.o
 .text          0x0000199c        0x0 ./Framework/FNET/stack/fnet_ip.o
 .text.fnet_ip_init
                0x0000199c       0x3c ./Framework/FNET/stack/fnet_ip.o
                0x0000199c                fnet_ip_init
 .text.fnet_ip_release
                0x000019d8        0xc ./Framework/FNET/stack/fnet_ip.o
                0x000019d8                fnet_ip_release
 .text.fnet_ip_route
                0x000019e4       0x48 ./Framework/FNET/stack/fnet_ip.o
                0x000019e4                fnet_ip_route
 .text.fnet_ip_will_fragment
                0x00001a2c       0x30 ./Framework/FNET/stack/fnet_ip.o
                0x00001a2c                fnet_ip_will_fragment
 .text.fnet_ip_output
                0x00001a5c      0x170 ./Framework/FNET/stack/fnet_ip.o
                0x00001a5c                fnet_ip_output
 .text.fnet_ip_netif_output
                0x00001bcc       0x84 ./Framework/FNET/stack/fnet_ip.o
 .text.fnet_ip_input
                0x00001c50       0x48 ./Framework/FNET/stack/fnet_ip.o
                0x00001c50                fnet_ip_input
 .text.fnet_ip_input_low
                0x00001c98      0x1b0 ./Framework/FNET/stack/fnet_ip.o
                0x00001c98                fnet_ip_input_low
 .text.fnet_ip_drain
                0x00001e48       0x30 ./Framework/FNET/stack/fnet_ip.o
                0x00001e48                fnet_ip_drain
 .text.fnet_ip_addr_is_broadcast
                0x00001e78       0xa4 ./Framework/FNET/stack/fnet_ip.o
                0x00001e78                fnet_ip_addr_is_broadcast
 .text.fnet_ip_maximum_packet
                0x00001f1c       0x38 ./Framework/FNET/stack/fnet_ip.o
                0x00001f1c                fnet_ip_maximum_packet
 .text.fnet_ip_trace
                0x00001f54      0x13c ./Framework/FNET/stack/fnet_ip.o
                0x00001f54                fnet_ip_trace
 .text.fnet_ip_setsockopt
                0x00002090       0xa0 ./Framework/FNET/stack/fnet_ip.o
                0x00002090                fnet_ip_setsockopt
 .text.fnet_ip_getsockopt
                0x00002130       0xbc ./Framework/FNET/stack/fnet_ip.o
                0x00002130                fnet_ip_getsockopt
 .text.fnet_ip_queue_append
                0x000021ec       0x74 ./Framework/FNET/stack/fnet_ip.o
                0x000021ec                fnet_ip_queue_append
 .text.fnet_ip_queue_read
                0x00002260       0x60 ./Framework/FNET/stack/fnet_ip.o
                0x00002260                fnet_ip_queue_read
 .text          0x000022c0        0x0 ./Framework/FNET/stack/fnet_ip6.o
 .text          0x000022c0        0x0 ./Framework/FNET/stack/fnet_isr.o
 .text.fnet_isr_handler
                0x000022c0       0x8c ./Framework/FNET/stack/fnet_isr.o
                0x000022c0                fnet_isr_handler
 .text.fnet_isr_vector_init
                0x0000234c       0x38 ./Framework/FNET/stack/fnet_isr.o
                0x0000234c                fnet_isr_vector_init
 .text.fnet_event_init
                0x00002384       0x40 ./Framework/FNET/stack/fnet_isr.o
                0x00002384                fnet_event_init
 .text.fnet_isr_register
                0x000023c4       0x70 ./Framework/FNET/stack/fnet_isr.o
 .text.fnet_isr_vector_release
                0x00002434       0x84 ./Framework/FNET/stack/fnet_isr.o
                0x00002434                fnet_isr_vector_release
 .text.fnet_isr_lock
                0x000024b8       0x1c ./Framework/FNET/stack/fnet_isr.o
                0x000024b8                fnet_isr_lock
 .text.fnet_isr_unlock
                0x000024d4       0x68 ./Framework/FNET/stack/fnet_isr.o
                0x000024d4                fnet_isr_unlock
 .text.fnet_event_raise
                0x0000253c       0x94 ./Framework/FNET/stack/fnet_isr.o
                0x0000253c                fnet_event_raise
 .text.fnet_isr_init
                0x000025d0       0x20 ./Framework/FNET/stack/fnet_isr.o
                0x000025d0                fnet_isr_init
 .text          0x000025f0        0x0 ./Framework/FNET/stack/fnet_loop.o
 .text          0x000025f0        0x0 ./Framework/FNET/stack/fnet_mempool.o
 .text.fnet_mempool_init
                0x000025f0       0x88 ./Framework/FNET/stack/fnet_mempool.o
                0x000025f0                fnet_mempool_init
 .text.fnet_mempool_release
                0x00002678       0x1c ./Framework/FNET/stack/fnet_mempool.o
                0x00002678                fnet_mempool_release
 .text.fnet_mempool_free
                0x00002694       0xe4 ./Framework/FNET/stack/fnet_mempool.o
                0x00002694                fnet_mempool_free
 .text.fnet_mempool_malloc
                0x00002778       0xec ./Framework/FNET/stack/fnet_mempool.o
                0x00002778                fnet_mempool_malloc
 .text.fnet_mempool_free_mem_status
                0x00002864       0x64 ./Framework/FNET/stack/fnet_mempool.o
                0x00002864                fnet_mempool_free_mem_status
 .text.fnet_mempool_malloc_max
                0x000028c8       0x6c ./Framework/FNET/stack/fnet_mempool.o
                0x000028c8                fnet_mempool_malloc_max
 .text          0x00002934        0x0 ./Framework/FNET/stack/fnet_nd6.o
 .text          0x00002934        0x0 ./Framework/FNET/stack/fnet_netbuf.o
 .text.fnet_netbuf_new
                0x00002934       0xb4 ./Framework/FNET/stack/fnet_netbuf.o
                0x00002934                fnet_netbuf_new
 .text.fnet_netbuf_copy
                0x000029e8      0x200 ./Framework/FNET/stack/fnet_netbuf.o
                0x000029e8                fnet_netbuf_copy
 .text.fnet_netbuf_from_buf
                0x00002be8       0x38 ./Framework/FNET/stack/fnet_netbuf.o
                0x00002be8                fnet_netbuf_from_buf
 .text.fnet_netbuf_to_buf
                0x00002c20       0xfc ./Framework/FNET/stack/fnet_netbuf.o
                0x00002c20                fnet_netbuf_to_buf
 .text.fnet_netbuf_free
                0x00002d1c       0x4c ./Framework/FNET/stack/fnet_netbuf.o
                0x00002d1c                fnet_netbuf_free
 .text.fnet_netbuf_free_chain
                0x00002d68       0x4c ./Framework/FNET/stack/fnet_netbuf.o
                0x00002d68                fnet_netbuf_free_chain
 .text.fnet_netbuf_pullup
                0x00002db4      0x170 ./Framework/FNET/stack/fnet_netbuf.o
                0x00002db4                fnet_netbuf_pullup
 .text.fnet_netbuf_trim
                0x00002f24      0x138 ./Framework/FNET/stack/fnet_netbuf.o
                0x00002f24                fnet_netbuf_trim
 .text.fnet_netbuf_cut_center
                0x0000305c      0x224 ./Framework/FNET/stack/fnet_netbuf.o
                0x0000305c                fnet_netbuf_cut_center
 .text.fnet_netbuf_concat
                0x00003280       0x64 ./Framework/FNET/stack/fnet_netbuf.o
                0x00003280                fnet_netbuf_concat
 .text.fnet_netbuf_add_chain
                0x000032e4       0x40 ./Framework/FNET/stack/fnet_netbuf.o
                0x000032e4                fnet_netbuf_add_chain
 .text.fnet_netbuf_del_chain
                0x00003324       0x70 ./Framework/FNET/stack/fnet_netbuf.o
                0x00003324                fnet_netbuf_del_chain
 .text.fnet_heap_init
                0x00003394       0x3c ./Framework/FNET/stack/fnet_netbuf.o
                0x00003394                fnet_heap_init
 .text.fnet_free_netbuf
                0x000033d0       0x20 ./Framework/FNET/stack/fnet_netbuf.o
                0x000033d0                fnet_free_netbuf
 .text.fnet_malloc_netbuf
                0x000033f0       0x24 ./Framework/FNET/stack/fnet_netbuf.o
                0x000033f0                fnet_malloc_netbuf
 .text.fnet_free_mem_status_netbuf
                0x00003414       0x18 ./Framework/FNET/stack/fnet_netbuf.o
                0x00003414                fnet_free_mem_status_netbuf
 .text.fnet_malloc_max_netbuf
                0x0000342c       0x18 ./Framework/FNET/stack/fnet_netbuf.o
                0x0000342c                fnet_malloc_max_netbuf
 .text.fnet_mem_release_netbuf
                0x00003444       0x14 ./Framework/FNET/stack/fnet_netbuf.o
                0x00003444                fnet_mem_release_netbuf
 .text.fnet_free
                0x00003458       0x20 ./Framework/FNET/stack/fnet_netbuf.o
                0x00003458                fnet_free
 .text.fnet_malloc
                0x00003478       0x24 ./Framework/FNET/stack/fnet_netbuf.o
                0x00003478                fnet_malloc
 .text.fnet_free_mem_status
                0x0000349c       0x18 ./Framework/FNET/stack/fnet_netbuf.o
                0x0000349c                fnet_free_mem_status
 .text.fnet_malloc_max
                0x000034b4       0x18 ./Framework/FNET/stack/fnet_netbuf.o
                0x000034b4                fnet_malloc_max
 .text.fnet_mem_release
                0x000034cc       0x14 ./Framework/FNET/stack/fnet_netbuf.o
                0x000034cc                fnet_mem_release
 .text          0x000034e0        0x0 ./Framework/FNET/stack/fnet_netif.o
 .text.fnet_netif_init_all
                0x000034e0       0x90 ./Framework/FNET/stack/fnet_netif.o
                0x000034e0                fnet_netif_init_all
 .text.fnet_netif_release_all
                0x00003570       0x44 ./Framework/FNET/stack/fnet_netif.o
                0x00003570                fnet_netif_release_all
 .text.fnet_netif_drain
                0x000035b4       0x40 ./Framework/FNET/stack/fnet_netif.o
                0x000035b4                fnet_netif_drain
 .text.fnet_netif_get_by_name
                0x000035f4       0x50 ./Framework/FNET/stack/fnet_netif.o
                0x000035f4                fnet_netif_get_by_name
 .text.fnet_netif_get_by_number
                0x00003644       0x44 ./Framework/FNET/stack/fnet_netif.o
                0x00003644                fnet_netif_get_by_number
 .text.fnet_netif_get_by_ip4_addr
                0x00003688       0x44 ./Framework/FNET/stack/fnet_netif.o
                0x00003688                fnet_netif_get_by_ip4_addr
 .text.fnet_netif_get_by_sockaddr
                0x000036cc       0x34 ./Framework/FNET/stack/fnet_netif.o
                0x000036cc                fnet_netif_get_by_sockaddr
 .text.fnet_netif_init
                0x00003700       0xa0 ./Framework/FNET/stack/fnet_netif.o
                0x00003700                fnet_netif_init
 .text.fnet_netif_release
                0x000037a0       0x5c ./Framework/FNET/stack/fnet_netif.o
                0x000037a0                fnet_netif_release
 .text.fnet_netif_set_default
                0x000037fc       0x24 ./Framework/FNET/stack/fnet_netif.o
                0x000037fc                fnet_netif_set_default
 .text.fnet_netif_set_ip4_addr
                0x00003820       0xe4 ./Framework/FNET/stack/fnet_netif.o
                0x00003820                fnet_netif_set_ip4_addr
 .text.fnet_netif_set_ip4_subnet_mask
                0x00003904       0x48 ./Framework/FNET/stack/fnet_netif.o
                0x00003904                fnet_netif_set_ip4_subnet_mask
 .text.fnet_netif_set_ip4_gateway
                0x0000394c       0x2c ./Framework/FNET/stack/fnet_netif.o
                0x0000394c                fnet_netif_set_ip4_gateway
 .text.fnet_netif_get_default
                0x00003978       0x18 ./Framework/FNET/stack/fnet_netif.o
                0x00003978                fnet_netif_get_default
 .text.fnet_netif_get_ip4_addr
                0x00003990       0x28 ./Framework/FNET/stack/fnet_netif.o
                0x00003990                fnet_netif_get_ip4_addr
 .text.fnet_netif_get_ip4_subnet_mask
                0x000039b8       0x28 ./Framework/FNET/stack/fnet_netif.o
                0x000039b8                fnet_netif_get_ip4_subnet_mask
 .text.fnet_netif_get_ip4_gateway
                0x000039e0       0x28 ./Framework/FNET/stack/fnet_netif.o
                0x000039e0                fnet_netif_get_ip4_gateway
 .text.fnet_netif_get_name
                0x00003a08       0x30 ./Framework/FNET/stack/fnet_netif.o
                0x00003a08                fnet_netif_get_name
 .text.fnet_netif_get_ip4_addr_automatic
                0x00003a38       0x28 ./Framework/FNET/stack/fnet_netif.o
                0x00003a38                fnet_netif_get_ip4_addr_automatic
 .text.fnet_netif_set_ip4_addr_automatic
                0x00003a60       0x24 ./Framework/FNET/stack/fnet_netif.o
                0x00003a60                fnet_netif_set_ip4_addr_automatic
 .text.fnet_netif_get_hw_addr
                0x00003a84       0x60 ./Framework/FNET/stack/fnet_netif.o
                0x00003a84                fnet_netif_get_hw_addr
 .text.fnet_netif_set_hw_addr
                0x00003ae4       0x5c ./Framework/FNET/stack/fnet_netif.o
                0x00003ae4                fnet_netif_set_hw_addr
 .text.fnet_netif_type
                0x00003b40       0x30 ./Framework/FNET/stack/fnet_netif.o
                0x00003b40                fnet_netif_type
 .text.fnet_netif_connected
                0x00003b70       0x38 ./Framework/FNET/stack/fnet_netif.o
                0x00003b70                fnet_netif_connected
 .text.fnet_netif_get_statistics
                0x00003ba8       0x44 ./Framework/FNET/stack/fnet_netif.o
                0x00003ba8                fnet_netif_get_statistics
 .text.fnet_netif_dupip_handler_init
                0x00003bec       0x1c ./Framework/FNET/stack/fnet_netif.o
                0x00003bec                fnet_netif_dupip_handler_init
 .text.fnet_netif_dupip_handler_signal
                0x00003c08       0x24 ./Framework/FNET/stack/fnet_netif.o
                0x00003c08                fnet_netif_dupip_handler_signal
 .text.fnet_netif_assign_scope_id
                0x00003c2c       0x58 ./Framework/FNET/stack/fnet_netif.o
 .text.fnet_netif_get_scope_id
                0x00003c84       0x2c ./Framework/FNET/stack/fnet_netif.o
                0x00003c84                fnet_netif_get_scope_id
 .text.fnet_netif_get_by_scope_id
                0x00003cb0       0x44 ./Framework/FNET/stack/fnet_netif.o
                0x00003cb0                fnet_netif_get_by_scope_id
 .text          0x00003cf4        0x0 ./Framework/FNET/stack/fnet_prot.o
 .text.fnet_prot_init
                0x00003cf4       0x7c ./Framework/FNET/stack/fnet_prot.o
                0x00003cf4                fnet_prot_init
 .text.fnet_prot_release
                0x00003d70       0x48 ./Framework/FNET/stack/fnet_prot.o
                0x00003d70                fnet_prot_release
 .text.fnet_prot_find
                0x00003db8       0x9c ./Framework/FNET/stack/fnet_prot.o
                0x00003db8                fnet_prot_find
 .text.fnet_prot_drain
                0x00003e54       0x44 ./Framework/FNET/stack/fnet_prot.o
                0x00003e54                fnet_prot_drain
 .text          0x00003e98        0x0 ./Framework/FNET/stack/fnet_raw.o
 .text.fnet_raw_release
                0x00003e98       0x20 ./Framework/FNET/stack/fnet_raw.o
 .text.fnet_raw_output
                0x00003eb8       0x6c ./Framework/FNET/stack/fnet_raw.o
 .text.fnet_raw_input_ip4
                0x00003f24       0x68 ./Framework/FNET/stack/fnet_raw.o
                0x00003f24                fnet_raw_input_ip4
 .text.fnet_raw_input
                0x00003f8c      0x1a0 ./Framework/FNET/stack/fnet_raw.o
 .text.fnet_raw_attach
                0x0000412c       0x38 ./Framework/FNET/stack/fnet_raw.o
 .text.fnet_raw_detach
                0x00004164       0x28 ./Framework/FNET/stack/fnet_raw.o
 .text.fnet_raw_shutdown
                0x0000418c       0x48 ./Framework/FNET/stack/fnet_raw.o
 .text.fnet_raw_connect
                0x000041d4       0x48 ./Framework/FNET/stack/fnet_raw.o
 .text.fnet_raw_snd
                0x0000421c       0xcc ./Framework/FNET/stack/fnet_raw.o
 .text.fnet_raw_rcv
                0x000042e8       0x94 ./Framework/FNET/stack/fnet_raw.o
 .text          0x0000437c        0x0 ./Framework/FNET/stack/fnet_socket.o
 .text.fnet_socket_init
                0x0000437c       0x14 ./Framework/FNET/stack/fnet_socket.o
                0x0000437c                fnet_socket_init
 .text.fnet_socket_set_error
                0x00004390       0x38 ./Framework/FNET/stack/fnet_socket.o
                0x00004390                fnet_socket_set_error
 .text.fnet_socket_list_add
                0x000043c8       0x3c ./Framework/FNET/stack/fnet_socket.o
                0x000043c8                fnet_socket_list_add
 .text.fnet_socket_list_del
                0x00004404       0x48 ./Framework/FNET/stack/fnet_socket.o
                0x00004404                fnet_socket_list_del
 .text.fnet_socket_desc_alloc
                0x0000444c       0x54 ./Framework/FNET/stack/fnet_socket.o
 .text.fnet_socket_desc_set
                0x000044a0       0x28 ./Framework/FNET/stack/fnet_socket.o
 .text.fnet_socket_desc_free
                0x000044c8       0x20 ./Framework/FNET/stack/fnet_socket.o
 .text.fnet_socket_desc_find
                0x000044e8       0x48 ./Framework/FNET/stack/fnet_socket.o
 .text.fnet_socket_release
                0x00004530       0x3c ./Framework/FNET/stack/fnet_socket.o
                0x00004530                fnet_socket_release
 .text.fnet_socket_conflict
                0x0000456c       0xa0 ./Framework/FNET/stack/fnet_socket.o
                0x0000456c                fnet_socket_conflict
 .text.fnet_socket_lookup
                0x0000460c      0x10c ./Framework/FNET/stack/fnet_socket.o
                0x0000460c                fnet_socket_lookup
 .text.fnet_socket_get_uniqueport
                0x00004718       0x78 ./Framework/FNET/stack/fnet_socket.o
                0x00004718                fnet_socket_get_uniqueport
 .text.fnet_socket_copy
                0x00004790       0x88 ./Framework/FNET/stack/fnet_socket.o
                0x00004790                fnet_socket_copy
 .text.socket   0x00004818      0x104 ./Framework/FNET/stack/fnet_socket.o
                0x00004818                socket
 .text.connect  0x0000491c      0x18c ./Framework/FNET/stack/fnet_socket.o
                0x0000491c                connect
 .text.bind     0x00004aa8      0x130 ./Framework/FNET/stack/fnet_socket.o
                0x00004aa8                bind
 .text.closesocket
                0x00004bd8       0x60 ./Framework/FNET/stack/fnet_socket.o
                0x00004bd8                closesocket
 .text.shutdown
                0x00004c38       0x60 ./Framework/FNET/stack/fnet_socket.o
                0x00004c38                shutdown
 .text.listen   0x00004c98       0x98 ./Framework/FNET/stack/fnet_socket.o
                0x00004c98                listen
 .text.accept   0x00004d30       0xfc ./Framework/FNET/stack/fnet_socket.o
                0x00004d30                accept
 .text.send     0x00004e2c       0x2c ./Framework/FNET/stack/fnet_socket.o
                0x00004e2c                send
 .text.sendto   0x00004e58       0xdc ./Framework/FNET/stack/fnet_socket.o
                0x00004e58                sendto
 .text.recv     0x00004f34       0x2c ./Framework/FNET/stack/fnet_socket.o
                0x00004f34                recv
 .text.recvfrom
                0x00004f60       0xe0 ./Framework/FNET/stack/fnet_socket.o
                0x00004f60                recvfrom
 .text.getsockname
                0x00005040       0x90 ./Framework/FNET/stack/fnet_socket.o
                0x00005040                getsockname
 .text.getpeername
                0x000050d0       0x8c ./Framework/FNET/stack/fnet_socket.o
                0x000050d0                getpeername
 .text.setsockopt
                0x0000515c      0x17c ./Framework/FNET/stack/fnet_socket.o
                0x0000515c                setsockopt
 .text.getsockopt
                0x000052d8      0x288 ./Framework/FNET/stack/fnet_socket.o
                0x000052d8                getsockopt
 .text.fnet_socket_buffer_release
                0x00005560       0x50 ./Framework/FNET/stack/fnet_socket.o
                0x00005560                fnet_socket_buffer_release
 .text.fnet_socket_buffer_append_record
                0x000055b0       0x58 ./Framework/FNET/stack/fnet_socket.o
                0x000055b0                fnet_socket_buffer_append_record
 .text.fnet_socket_buffer_append_address
                0x00005608       0x84 ./Framework/FNET/stack/fnet_socket.o
                0x00005608                fnet_socket_buffer_append_address
 .text.fnet_socket_buffer_read_record
                0x0000568c       0x70 ./Framework/FNET/stack/fnet_socket.o
                0x0000568c                fnet_socket_buffer_read_record
 .text.fnet_socket_buffer_read_address
                0x000056fc       0xa8 ./Framework/FNET/stack/fnet_socket.o
                0x000056fc                fnet_socket_buffer_read_address
 .text.fnet_socket_addr_check_len
                0x000057a4       0x4c ./Framework/FNET/stack/fnet_socket.o
 .text.fnet_socket_addr_is_multicast
                0x000057f0       0x40 ./Framework/FNET/stack/fnet_socket.o
                0x000057f0                fnet_socket_addr_is_multicast
 .text.fnet_socket_addr_is_broadcast
                0x00005830       0x38 ./Framework/FNET/stack/fnet_socket.o
                0x00005830                fnet_socket_addr_is_broadcast
 .text.fnet_socket_addr_is_unspecified
                0x00005868       0x3c ./Framework/FNET/stack/fnet_socket.o
                0x00005868                fnet_socket_addr_is_unspecified
 .text.fnet_socket_addr_are_equal
                0x000058a4       0x54 ./Framework/FNET/stack/fnet_socket.o
                0x000058a4                fnet_socket_addr_are_equal
 .text.fnet_socket_ip_addr_copy
                0x000058f8       0x40 ./Framework/FNET/stack/fnet_socket.o
                0x000058f8                fnet_socket_ip_addr_copy
 .text.fnet_socket_addr_copy
                0x00005938       0x34 ./Framework/FNET/stack/fnet_socket.o
                0x00005938                fnet_socket_addr_copy
 .text.fnet_socket_addr_route
                0x0000596c       0x34 ./Framework/FNET/stack/fnet_socket.o
                0x0000596c                fnet_socket_addr_route
 .text          0x000059a0        0x0 ./Framework/FNET/stack/fnet_stack.o
 .text.fnet_init
                0x000059a0       0x54 ./Framework/FNET/stack/fnet_stack.o
                0x000059a0                fnet_init
 .text.fnet_init_static
                0x000059f4       0x28 ./Framework/FNET/stack/fnet_stack.o
                0x000059f4                fnet_init_static
 .text.fnet_release
                0x00005a1c       0x1c ./Framework/FNET/stack/fnet_stack.o
                0x00005a1c                fnet_release
 .text.fnet_stack_init
                0x00005a38       0x64 ./Framework/FNET/stack/fnet_stack.o
 .text.fnet_stack_release
                0x00005a9c       0x18 ./Framework/FNET/stack/fnet_stack.o
 .text          0x00005ab4        0x0 ./Framework/FNET/stack/fnet_stdlib.o
 .text.fnet_memcpy
                0x00005ab4      0x33c ./Framework/FNET/stack/fnet_stdlib.o
                0x00005ab4                fnet_memcpy
 .text.fnet_memset
                0x00005df0       0x3c ./Framework/FNET/stack/fnet_stdlib.o
                0x00005df0                fnet_memset
 .text.fnet_memset_zero
                0x00005e2c       0x1c ./Framework/FNET/stack/fnet_stdlib.o
                0x00005e2c                fnet_memset_zero
 .text.fnet_memcmp
                0x00005e48       0x50 ./Framework/FNET/stack/fnet_stdlib.o
                0x00005e48                fnet_memcmp
 .text.fnet_strcmp
                0x00005e98       0x54 ./Framework/FNET/stack/fnet_stdlib.o
                0x00005e98                fnet_strcmp
 .text.fnet_strlen
                0x00005eec       0x3c ./Framework/FNET/stack/fnet_stdlib.o
                0x00005eec                fnet_strlen
 .text.fnet_strcat
                0x00005f28       0x50 ./Framework/FNET/stack/fnet_stdlib.o
                0x00005f28                fnet_strcat
 .text.fnet_strncat
                0x00005f78       0x68 ./Framework/FNET/stack/fnet_stdlib.o
                0x00005f78                fnet_strncat
 .text.fnet_strcpy
                0x00005fe0       0x48 ./Framework/FNET/stack/fnet_stdlib.o
                0x00005fe0                fnet_strcpy
 .text.fnet_strncpy
                0x00006028       0x5c ./Framework/FNET/stack/fnet_stdlib.o
                0x00006028                fnet_strncpy
 .text.fnet_strrchr
                0x00006084       0x6c ./Framework/FNET/stack/fnet_stdlib.o
                0x00006084                fnet_strrchr
 .text.fnet_strchr
                0x000060f0       0x60 ./Framework/FNET/stack/fnet_stdlib.o
                0x000060f0                fnet_strchr
 .text.fnet_strstr
                0x00006150       0x98 ./Framework/FNET/stack/fnet_stdlib.o
                0x00006150                fnet_strstr
 .text.fnet_strncmp
                0x000061e8       0x64 ./Framework/FNET/stack/fnet_stdlib.o
                0x000061e8                fnet_strncmp
 .text.fnet_strtoul
                0x0000624c      0x1a0 ./Framework/FNET/stack/fnet_stdlib.o
                0x0000624c                fnet_strtoul
 .text.fnet_tolower
                0x000063ec       0x34 ./Framework/FNET/stack/fnet_stdlib.o
 .text.fnet_strcasecmp
                0x00006420       0x6c ./Framework/FNET/stack/fnet_stdlib.o
                0x00006420                fnet_strcasecmp
 .text.fnet_strcmp_splitter
                0x0000648c       0xa8 ./Framework/FNET/stack/fnet_stdlib.o
                0x0000648c                fnet_strcmp_splitter
 .text.fnet_strtok_r
                0x00006534       0xbc ./Framework/FNET/stack/fnet_stdlib.o
                0x00006534                fnet_strtok_r
 .text          0x000065f0        0x0 ./Framework/FNET/stack/fnet_tcp.o
 .text.fnet_tcp_init
                0x000065f0       0x68 ./Framework/FNET/stack/fnet_tcp.o
 .text.fnet_tcp_release
                0x00006658       0x6c ./Framework/FNET/stack/fnet_tcp.o
 .text.fnet_tcp_input_ip4
                0x000066c4       0x5c ./Framework/FNET/stack/fnet_tcp.o
 .text.fnet_tcp_input
                0x00006720      0x158 ./Framework/FNET/stack/fnet_tcp.o
 .text.fnet_tcp_ctrlinput
                0x00006878       0xfc ./Framework/FNET/stack/fnet_tcp.o
 .text.fnet_tcp_attach
                0x00006974       0x88 ./Framework/FNET/stack/fnet_tcp.o
 .text.fnet_tcp_close
                0x000069fc      0x144 ./Framework/FNET/stack/fnet_tcp.o
 .text.fnet_tcp_connect
                0x00006b40       0xf0 ./Framework/FNET/stack/fnet_tcp.o
 .text.fnet_tcp_accept
                0x00006c30       0x5c ./Framework/FNET/stack/fnet_tcp.o
 .text.fnet_tcp_rcv
                0x00006c8c      0x194 ./Framework/FNET/stack/fnet_tcp.o
 .text.fnet_tcp_snd
                0x00006e20      0x270 ./Framework/FNET/stack/fnet_tcp.o
 .text.fnet_tcp_shutdown
                0x00007090       0x74 ./Framework/FNET/stack/fnet_tcp.o
 .text.fnet_tcp_setsockopt
                0x00007104      0x134 ./Framework/FNET/stack/fnet_tcp.o
 .text.fnet_tcp_getsockopt
                0x00007238      0x114 ./Framework/FNET/stack/fnet_tcp.o
 .text.fnet_tcp_listen
                0x0000734c       0xa0 ./Framework/FNET/stack/fnet_tcp.o
 .text.fnet_tcp_drain
                0x000073ec       0x70 ./Framework/FNET/stack/fnet_tcp.o
 .text.fnet_tcp_initconnection
                0x0000745c       0xf4 ./Framework/FNET/stack/fnet_tcp.o
 .text.fnet_tcp_inputsk
                0x00007550      0x844 ./Framework/FNET/stack/fnet_tcp.o
 .text.fnet_tcp_dataprocess
                0x00007d94      0x478 ./Framework/FNET/stack/fnet_tcp.o
 .text.fnet_tcp_addinpbuf
                0x0000820c      0x414 ./Framework/FNET/stack/fnet_tcp.o
 .text.fnet_tcp_sendanydata
                0x00008620      0x294 ./Framework/FNET/stack/fnet_tcp.o
 .text.fnet_tcp_urgprocessing
                0x000088b4      0x19c ./Framework/FNET/stack/fnet_tcp.o
 .text.fnet_tcp_finprocessing
                0x00008a50       0x7c ./Framework/FNET/stack/fnet_tcp.o
 .text.fnet_tcp_getrcvwnd
                0x00008acc       0x70 ./Framework/FNET/stack/fnet_tcp.o
 .text.fnet_tcp_slowtimo
                0x00008b3c       0x84 ./Framework/FNET/stack/fnet_tcp.o
 .text.fnet_tcp_fasttimo
                0x00008bc0       0x50 ./Framework/FNET/stack/fnet_tcp.o
 .text.fnet_tcp_slowtimosk
                0x00008c10      0x170 ./Framework/FNET/stack/fnet_tcp.o
 .text.fnet_tcp_fasttimosk
                0x00008d80       0x54 ./Framework/FNET/stack/fnet_tcp.o
 .text.fnet_tcp_rtimeo
                0x00008dd4      0x174 ./Framework/FNET/stack/fnet_tcp.o
 .text.fnet_tcp_ktimeo
                0x00008f48       0xc8 ./Framework/FNET/stack/fnet_tcp.o
 .text.fnet_tcp_ptimeo
                0x00009010       0x9c ./Framework/FNET/stack/fnet_tcp.o
 .text.fnet_tcp_sendseg
                0x000090ac      0x1c8 ./Framework/FNET/stack/fnet_tcp.o
 .text.fnet_tcp_sendheadseg
                0x00009274      0x1c0 ./Framework/FNET/stack/fnet_tcp.o
 .text.fnet_tcp_senddataseg
                0x00009434      0x284 ./Framework/FNET/stack/fnet_tcp.o
 .text.fnet_tcp_sendack
                0x000096b8       0xb4 ./Framework/FNET/stack/fnet_tcp.o
 .text.fnet_tcp_sendrst
                0x0000976c       0xd8 ./Framework/FNET/stack/fnet_tcp.o
 .text.fnet_tcp_sendrstsk
                0x00009844       0xa4 ./Framework/FNET/stack/fnet_tcp.o
 .text.fnet_tcp_abortsk
                0x000098e8       0x4c ./Framework/FNET/stack/fnet_tcp.o
 .text.fnet_tcp_addopt
                0x00009934       0xbc ./Framework/FNET/stack/fnet_tcp.o
 .text.fnet_tcp_getopt
                0x000099f0      0x120 ./Framework/FNET/stack/fnet_tcp.o
 .text.fnet_tcp_setsynopt
                0x00009b10       0xa8 ./Framework/FNET/stack/fnet_tcp.o
 .text.fnet_tcp_getsynopt
                0x00009bb8       0x4c ./Framework/FNET/stack/fnet_tcp.o
 .text.fnet_tcp_findsk
                0x00009c04      0x140 ./Framework/FNET/stack/fnet_tcp.o
 .text.fnet_tcp_addpartialsk
                0x00009d44       0x2c ./Framework/FNET/stack/fnet_tcp.o
 .text.fnet_tcp_movesk2incominglist
                0x00009d70       0x40 ./Framework/FNET/stack/fnet_tcp.o
 .text.fnet_tcp_closesk
                0x00009db0       0x74 ./Framework/FNET/stack/fnet_tcp.o
 .text.fnet_tcp_delpartialsk
                0x00009e24       0x28 ./Framework/FNET/stack/fnet_tcp.o
 .text.fnet_tcp_delincomingsk
                0x00009e4c       0x28 ./Framework/FNET/stack/fnet_tcp.o
 .text.fnet_tcp_delcb
                0x00009e74       0x24 ./Framework/FNET/stack/fnet_tcp.o
 .text.fnet_tcp_deletetmpbuf
                0x00009e98       0x38 ./Framework/FNET/stack/fnet_tcp.o
 .text.fnet_tcp_delsk
                0x00009ed0       0x24 ./Framework/FNET/stack/fnet_tcp.o
 .text.fnet_tcp_hit
                0x00009ef4       0x4c ./Framework/FNET/stack/fnet_tcp.o
 .text.fnet_tcp_getsize
                0x00009f40       0x34 ./Framework/FNET/stack/fnet_tcp.o
 .text.fnet_tcp_trace
                0x00009f74      0x1a8 ./Framework/FNET/stack/fnet_tcp.o
                0x00009f74                fnet_tcp_trace
 .text          0x0000a11c        0x0 ./Framework/FNET/stack/fnet_timer.o
 .text.fnet_timer_init
                0x0000a11c       0x24 ./Framework/FNET/stack/fnet_timer.o
                0x0000a11c                fnet_timer_init
 .text.fnet_timer_release
                0x0000a140       0x38 ./Framework/FNET/stack/fnet_timer.o
                0x0000a140                fnet_timer_release
 .text.fnet_timer_ticks
                0x0000a178       0x18 ./Framework/FNET/stack/fnet_timer.o
                0x0000a178                fnet_timer_ticks
 .text.fnet_timer_seconds
                0x0000a190       0x24 ./Framework/FNET/stack/fnet_timer.o
                0x0000a190                fnet_timer_seconds
 .text.fnet_timer_ms
                0x0000a1b4       0x1c ./Framework/FNET/stack/fnet_timer.o
                0x0000a1b4                fnet_timer_ms
 .text.fnet_timer_ticks_inc
                0x0000a1d0       0x1c ./Framework/FNET/stack/fnet_timer.o
                0x0000a1d0                fnet_timer_ticks_inc
 .text.fnet_timer_handler_bottom
                0x0000a1ec       0x60 ./Framework/FNET/stack/fnet_timer.o
                0x0000a1ec                fnet_timer_handler_bottom
 .text.fnet_timer_new
                0x0000a24c       0x60 ./Framework/FNET/stack/fnet_timer.o
                0x0000a24c                fnet_timer_new
 .text.fnet_timer_free
                0x0000a2ac       0x58 ./Framework/FNET/stack/fnet_timer.o
                0x0000a2ac                fnet_timer_free
 .text.fnet_timer_reset_all
                0x0000a304       0x34 ./Framework/FNET/stack/fnet_timer.o
                0x0000a304                fnet_timer_reset_all
 .text.fnet_timer_get_interval
                0x0000a338       0x2c ./Framework/FNET/stack/fnet_timer.o
                0x0000a338                fnet_timer_get_interval
 .text.fnet_timer_delay
                0x0000a364       0x30 ./Framework/FNET/stack/fnet_timer.o
                0x0000a364                fnet_timer_delay
 .text.fnet_timer_ms2ticks
                0x0000a394       0x24 ./Framework/FNET/stack/fnet_timer.o
                0x0000a394                fnet_timer_ms2ticks
 .text          0x0000a3b8        0x0 ./Framework/FNET/stack/fnet_udp.o
 .text.fnet_udp_release
                0x0000a3b8       0x20 ./Framework/FNET/stack/fnet_udp.o
 .text.fnet_udp_output
                0x0000a3d8       0xe4 ./Framework/FNET/stack/fnet_udp.o
 .text.fnet_udp_input_ip4
                0x0000a4bc       0x5c ./Framework/FNET/stack/fnet_udp.o
 .text.fnet_udp_input
                0x0000a518      0x27c ./Framework/FNET/stack/fnet_udp.o
 .text.fnet_udp_attach
                0x0000a794       0x38 ./Framework/FNET/stack/fnet_udp.o
 .text.fnet_udp_detach
                0x0000a7cc       0x28 ./Framework/FNET/stack/fnet_udp.o
 .text.fnet_udp_shutdown
                0x0000a7f4       0x48 ./Framework/FNET/stack/fnet_udp.o
 .text.fnet_udp_connect
                0x0000a83c       0x38 ./Framework/FNET/stack/fnet_udp.o
 .text.fnet_udp_snd
                0x0000a874       0xfc ./Framework/FNET/stack/fnet_udp.o
 .text.fnet_udp_rcv
                0x0000a970       0xa4 ./Framework/FNET/stack/fnet_udp.o
 .text.fnet_udp_control_input
                0x0000aa14       0xf8 ./Framework/FNET/stack/fnet_udp.o
 .text.fnet_udp_trace
                0x0000ab0c       0x94 ./Framework/FNET/stack/fnet_udp.o
                0x0000ab0c                fnet_udp_trace
 .text          0x0000aba0        0x0 ./Framework/FNET/services/tftp/fnet_tftp_cln.o
 .text          0x0000aba0        0x0 ./Framework/FNET/services/tftp/fnet_tftp_srv.o
 .text          0x0000aba0        0x0 ./Framework/FNET/services/telnet/fnet_telnet.o
 .text.tx_buffer_write
                0x0000aba0       0x2c ./Framework/FNET/services/telnet/fnet_telnet.o
 .text.tx_buffer_free_space
                0x0000abcc       0x1c ./Framework/FNET/services/telnet/fnet_telnet.o
 .text.rx_buffer_write
                0x0000abe8       0x40 ./Framework/FNET/services/telnet/fnet_telnet.o
 .text.rx_buffer_read
                0x0000ac28       0x40 ./Framework/FNET/services/telnet/fnet_telnet.o
 .text.rx_buffer_free_space
                0x0000ac68       0x34 ./Framework/FNET/services/telnet/fnet_telnet.o
 .text.fnet_telnet_putchar
                0x0000ac9c       0x3c ./Framework/FNET/services/telnet/fnet_telnet.o
 .text.fnet_telnet_getchar
                0x0000acd8       0x30 ./Framework/FNET/services/telnet/fnet_telnet.o
 .text.fnet_telnet_flush
                0x0000ad08       0x18 ./Framework/FNET/services/telnet/fnet_telnet.o
 .text.fnet_telnet_send
                0x0000ad20       0x9c ./Framework/FNET/services/telnet/fnet_telnet.o
 .text.fnet_telnet_send_cmd
                0x0000adbc       0x50 ./Framework/FNET/services/telnet/fnet_telnet.o
 .text.fnet_telnet_state_machine
                0x0000ae0c      0x344 ./Framework/FNET/services/telnet/fnet_telnet.o
 .text.fnet_telnet_init
                0x0000b150      0x2e0 ./Framework/FNET/services/telnet/fnet_telnet.o
                0x0000b150                fnet_telnet_init
 .text.fnet_telnet_release
                0x0000b430       0x90 ./Framework/FNET/services/telnet/fnet_telnet.o
                0x0000b430                fnet_telnet_release
 .text.fnet_telnet_close_session
                0x0000b4c0       0x34 ./Framework/FNET/services/telnet/fnet_telnet.o
                0x0000b4c0                fnet_telnet_close_session
 .text.fnet_telnet_enabled
                0x0000b4f4       0x2c ./Framework/FNET/services/telnet/fnet_telnet.o
                0x0000b4f4                fnet_telnet_enabled
 .text          0x0000b520        0x0 ./Framework/FNET/services/shell/fnet_shell.o
 .text.fnet_shell_echo
                0x0000b520       0x24 ./Framework/FNET/services/shell/fnet_shell.o
 .text.fnet_shell_state_machine
                0x0000b544      0x36c ./Framework/FNET/services/shell/fnet_shell.o
 .text.fnet_shell_init
                0x0000b8b0      0x120 ./Framework/FNET/services/shell/fnet_shell.o
                0x0000b8b0                fnet_shell_init
 .text.fnet_shell_release
                0x0000b9d0       0x30 ./Framework/FNET/services/shell/fnet_shell.o
                0x0000b9d0                fnet_shell_release
 .text.fnet_shell_esc_clear
                0x0000ba00       0x58 ./Framework/FNET/services/shell/fnet_shell.o
 .text.fnet_shell_make_argv
                0x0000ba58      0x124 ./Framework/FNET/services/shell/fnet_shell.o
 .text.fnet_shell_printf
                0x0000bb7c       0x48 ./Framework/FNET/services/shell/fnet_shell.o
                0x0000bb7c                fnet_shell_printf
 .text.fnet_shell_println
                0x0000bbc4       0x5c ./Framework/FNET/services/shell/fnet_shell.o
                0x0000bbc4                fnet_shell_println
 .text.fnet_shell_putchar
                0x0000bc20       0x30 ./Framework/FNET/services/shell/fnet_shell.o
                0x0000bc20                fnet_shell_putchar
 .text.fnet_shell_getchar
                0x0000bc50       0x30 ./Framework/FNET/services/shell/fnet_shell.o
                0x0000bc50                fnet_shell_getchar
 .text.fnet_shell_script
                0x0000bc80       0x44 ./Framework/FNET/services/shell/fnet_shell.o
                0x0000bc80                fnet_shell_script
 .text.fnet_shell_script_release
                0x0000bcc4       0x28 ./Framework/FNET/services/shell/fnet_shell.o
                0x0000bcc4                fnet_shell_script_release
 .text.fnet_shell_help
                0x0000bcec       0x44 ./Framework/FNET/services/shell/fnet_shell.o
                0x0000bcec                fnet_shell_help
 .text.fnet_shell_ctrlc
                0x0000bd30       0x34 ./Framework/FNET/services/shell/fnet_shell.o
                0x0000bd30                fnet_shell_ctrlc
 .text.fnet_shell_block
                0x0000bd64       0x44 ./Framework/FNET/services/shell/fnet_shell.o
                0x0000bd64                fnet_shell_block
 .text.fnet_shell_unblock
                0x0000bda8       0x24 ./Framework/FNET/services/shell/fnet_shell.o
                0x0000bda8                fnet_shell_unblock
 .text          0x0000bdcc        0x0 ./Framework/FNET/services/serial/fnet_serial.o
 .text.fnet_serial_putchar
                0x0000bdcc       0x20 ./Framework/FNET/services/serial/fnet_serial.o
                0x0000bdcc                fnet_serial_putchar
 .text.fnet_serial_getchar
                0x0000bdec       0x20 ./Framework/FNET/services/serial/fnet_serial.o
                0x0000bdec                fnet_serial_getchar
 .text.fnet_serial_flush
                0x0000be0c       0x24 ./Framework/FNET/services/serial/fnet_serial.o
                0x0000be0c                fnet_serial_flush
 .text.fnet_serial_printk_mknumstr
                0x0000be30      0x100 ./Framework/FNET/services/serial/fnet_serial.o
 .text.fnet_serial_printk_pad
                0x0000bf30       0x40 ./Framework/FNET/services/serial/fnet_serial.o
 .text.fnet_serial_vprintf
                0x0000bf70      0x628 ./Framework/FNET/services/serial/fnet_serial.o
                0x0000bf70                fnet_serial_vprintf
 .text.fnet_serial_printf
                0x0000c598       0x2c ./Framework/FNET/services/serial/fnet_serial.o
                0x0000c598                fnet_serial_printf
 .text.fnet_printf
                0x0000c5c4       0x2c ./Framework/FNET/services/serial/fnet_serial.o
                0x0000c5c4                fnet_printf
 .text.fnet_println
                0x0000c5f0       0x44 ./Framework/FNET/services/serial/fnet_serial.o
                0x0000c5f0                fnet_println
 .text.fnet_serial_buffer_putchar
                0x0000c634       0x40 ./Framework/FNET/services/serial/fnet_serial.o
 .text.fnet_sprintf
                0x0000c674       0x58 ./Framework/FNET/services/serial/fnet_serial.o
                0x0000c674                fnet_sprintf
 .text.fnet_snprintf
                0x0000c6cc       0x70 ./Framework/FNET/services/serial/fnet_serial.o
                0x0000c6cc                fnet_snprintf
 .text.fnet_putchar
                0x0000c73c       0x18 ./Framework/FNET/services/serial/fnet_serial.o
                0x0000c73c                fnet_putchar
 .text.fnet_getchar
                0x0000c754       0x10 ./Framework/FNET/services/serial/fnet_serial.o
                0x0000c754                fnet_getchar
 .text          0x0000c764        0x0 ./Framework/FNET/services/poll/fnet_poll.o
 .text.fnet_poll_services
                0x0000c764       0x48 ./Framework/FNET/services/poll/fnet_poll.o
                0x0000c764                fnet_poll_services
 .text.fnet_poll_services_release
                0x0000c7ac       0x14 ./Framework/FNET/services/poll/fnet_poll.o
                0x0000c7ac                fnet_poll_services_release
 .text.fnet_poll_service_register
                0x0000c7c0       0x78 ./Framework/FNET/services/poll/fnet_poll.o
                0x0000c7c0                fnet_poll_service_register
 .text.fnet_poll_service_unregister
                0x0000c838       0x38 ./Framework/FNET/services/poll/fnet_poll.o
                0x0000c838                fnet_poll_service_unregister
 .text          0x0000c870        0x0 ./Framework/FNET/services/ping/fnet_ping.o
 .text.fnet_ping_request
                0x0000c870      0x16c ./Framework/FNET/services/ping/fnet_ping.o
                0x0000c870                fnet_ping_request
 .text.fnet_ping_state_machine
                0x0000c9dc      0x278 ./Framework/FNET/services/ping/fnet_ping.o
 .text.fnet_ping_release
                0x0000cc54       0x2c ./Framework/FNET/services/ping/fnet_ping.o
                0x0000cc54                fnet_ping_release
 .text.fnet_ping_state
                0x0000cc80       0x18 ./Framework/FNET/services/ping/fnet_ping.o
                0x0000cc80                fnet_ping_state
 .text          0x0000cc98        0x0 ./Framework/FNET/services/http/fnet_http.o
 .text.fnet_http_state_machine
                0x0000cc98      0x4e8 ./Framework/FNET/services/http/fnet_http.o
 .text.fnet_http_init
                0x0000d180      0x270 ./Framework/FNET/services/http/fnet_http.o
                0x0000d180                fnet_http_init
 .text.fnet_http_release
                0x0000d3f0       0x98 ./Framework/FNET/services/http/fnet_http.o
                0x0000d3f0                fnet_http_release
 .text.fnet_http_enabled
                0x0000d488       0x2c ./Framework/FNET/services/http/fnet_http.o
                0x0000d488                fnet_http_enabled
 .text.fnet_http_tx_status_line
                0x0000d4b4      0x230 ./Framework/FNET/services/http/fnet_http.o
 .text.fnet_http_find_handler
                0x0000d6e4       0x78 ./Framework/FNET/services/http/fnet_http.o
                0x0000d6e4                fnet_http_find_handler
 .text.fnet_http_find_content_type
                0x0000d75c       0x78 ./Framework/FNET/services/http/fnet_http.o
                0x0000d75c                fnet_http_find_content_type
 .text.fnet_http_default_handle
                0x0000d7d4       0xa0 ./Framework/FNET/services/http/fnet_http.o
                0x0000d7d4                fnet_http_default_handle
 .text.fnet_http_default_send
                0x0000d874       0x30 ./Framework/FNET/services/http/fnet_http.o
                0x0000d874                fnet_http_default_send
 .text.fnet_http_default_close
                0x0000d8a4       0x30 ./Framework/FNET/services/http/fnet_http.o
                0x0000d8a4                fnet_http_default_close
 .text.fnet_http_query_unencode
                0x0000d8d4      0x12c ./Framework/FNET/services/http/fnet_http.o
                0x0000d8d4                fnet_http_query_unencode
 .text.fnet_http_uri_parse
                0x0000da00       0xdc ./Framework/FNET/services/http/fnet_http.o
                0x0000da00                fnet_http_uri_parse
 .text.fnet_http_version_parse
                0x0000dadc       0xc4 ./Framework/FNET/services/http/fnet_http.o
 .text.fnet_http_status_ok
                0x0000dba0       0x30 ./Framework/FNET/services/http/fnet_http.o
 .text          0x0000dbd0        0x0 ./Framework/FNET/services/http/fnet_http_auth.o
 .text          0x0000dbd0        0x0 ./Framework/FNET/services/http/fnet_http_cgi.o
 .text.fnet_http_cgi_handle
                0x0000dbd0       0xc0 ./Framework/FNET/services/http/fnet_http_cgi.o
 .text.fnet_http_cgi_send
                0x0000dc90       0x58 ./Framework/FNET/services/http/fnet_http_cgi.o
 .text          0x0000dce8        0x0 ./Framework/FNET/services/http/fnet_http_get.o
 .text.fnet_http_get_handle
                0x0000dce8       0x58 ./Framework/FNET/services/http/fnet_http_get.o
 .text.fnet_http_get_send
                0x0000dd40       0x44 ./Framework/FNET/services/http/fnet_http_get.o
 .text.fnet_http_get_close
                0x0000dd84       0x38 ./Framework/FNET/services/http/fnet_http_get.o
 .text          0x0000ddbc        0x0 ./Framework/FNET/services/http/fnet_http_post.o
 .text          0x0000ddbc        0x0 ./Framework/FNET/services/http/fnet_http_ssi.o
 .text.fnet_http_ssi_handle
                0x0000ddbc       0x2c ./Framework/FNET/services/http/fnet_http_ssi.o
 .text.fnet_http_ssi_send
                0x0000dde8      0x270 ./Framework/FNET/services/http/fnet_http_ssi.o
 .text          0x0000e058        0x0 ./Framework/FNET/services/fs/fnet_fs.o
 .text.fnet_fs_init
                0x0000e058       0x3c ./Framework/FNET/services/fs/fnet_fs.o
                0x0000e058                fnet_fs_init
 .text.fnet_fs_release
                0x0000e094       0x38 ./Framework/FNET/services/fs/fnet_fs.o
                0x0000e094                fnet_fs_release
 .text.fnet_fs_register
                0x0000e0cc       0x40 ./Framework/FNET/services/fs/fnet_fs.o
                0x0000e0cc                fnet_fs_register
 .text.fnet_fs_unregister
                0x0000e10c       0x4c ./Framework/FNET/services/fs/fnet_fs.o
                0x0000e10c                fnet_fs_unregister
 .text.fnet_fs_find_name
                0x0000e158       0x4c ./Framework/FNET/services/fs/fnet_fs.o
                0x0000e158                fnet_fs_find_name
 .text.fnet_fs_mount
                0x0000e1a4       0xc0 ./Framework/FNET/services/fs/fnet_fs.o
                0x0000e1a4                fnet_fs_mount
 .text.fnet_fs_path_cmp
                0x0000e264       0xa8 ./Framework/FNET/services/fs/fnet_fs.o
                0x0000e264                fnet_fs_path_cmp
 .text.fnet_fs_find_mount
                0x0000e30c       0x68 ./Framework/FNET/services/fs/fnet_fs.o
 .text.fnet_fs_unmount
                0x0000e374       0x68 ./Framework/FNET/services/fs/fnet_fs.o
                0x0000e374                fnet_fs_unmount
 .text.fnet_fs_opendir
                0x0000e3dc       0xbc ./Framework/FNET/services/fs/fnet_fs.o
                0x0000e3dc                fnet_fs_opendir
 .text.fnet_fs_closedir
                0x0000e498       0x30 ./Framework/FNET/services/fs/fnet_fs.o
                0x0000e498                fnet_fs_closedir
 .text.fnet_fs_readdir
                0x0000e4c8       0x64 ./Framework/FNET/services/fs/fnet_fs.o
                0x0000e4c8                fnet_fs_readdir
 .text.fnet_fs_rewinddir
                0x0000e52c       0x24 ./Framework/FNET/services/fs/fnet_fs.o
                0x0000e52c                fnet_fs_rewinddir
 .text.fnet_fs_fopen
                0x0000e550       0x20 ./Framework/FNET/services/fs/fnet_fs.o
                0x0000e550                fnet_fs_fopen
 .text.fnet_fs_fopen_re
                0x0000e570      0x14c ./Framework/FNET/services/fs/fnet_fs.o
                0x0000e570                fnet_fs_fopen_re
 .text.fnet_fs_fclose
                0x0000e6bc       0x30 ./Framework/FNET/services/fs/fnet_fs.o
                0x0000e6bc                fnet_fs_fclose
 .text.fnet_fs_rewind
                0x0000e6ec       0x24 ./Framework/FNET/services/fs/fnet_fs.o
                0x0000e6ec                fnet_fs_rewind
 .text.fnet_fs_fread
                0x0000e710       0x74 ./Framework/FNET/services/fs/fnet_fs.o
                0x0000e710                fnet_fs_fread
 .text.fnet_fs_feof
                0x0000e784       0x34 ./Framework/FNET/services/fs/fnet_fs.o
                0x0000e784                fnet_fs_feof
 .text.fnet_fs_fgetc
                0x0000e7b8       0x70 ./Framework/FNET/services/fs/fnet_fs.o
                0x0000e7b8                fnet_fs_fgetc
 .text.fnet_fs_fseek
                0x0000e828       0x68 ./Framework/FNET/services/fs/fnet_fs.o
                0x0000e828                fnet_fs_fseek
 .text.fnet_fs_ftell
                0x0000e890       0x2c ./Framework/FNET/services/fs/fnet_fs.o
                0x0000e890                fnet_fs_ftell
 .text.fnet_fs_finfo
                0x0000e8bc       0x64 ./Framework/FNET/services/fs/fnet_fs.o
                0x0000e8bc                fnet_fs_finfo
 .text          0x0000e920        0x0 ./Framework/FNET/services/fs/fnet_fs_rom.o
 .text.fnet_fs_rom_register
                0x0000e920       0x24 ./Framework/FNET/services/fs/fnet_fs_rom.o
                0x0000e920                fnet_fs_rom_register
 .text.fnet_fs_rom_unregister
                0x0000e944       0x24 ./Framework/FNET/services/fs/fnet_fs_rom.o
                0x0000e944                fnet_fs_rom_unregister
 .text.fnet_fs_rom_mount
                0x0000e968       0x44 ./Framework/FNET/services/fs/fnet_fs_rom.o
                0x0000e968                fnet_fs_rom_mount
 .text.fnet_fs_rom_find
                0x0000e9ac       0xb0 ./Framework/FNET/services/fs/fnet_fs_rom.o
 .text.fnet_fs_rom_opendir
                0x0000ea5c       0x58 ./Framework/FNET/services/fs/fnet_fs_rom.o
                0x0000ea5c                fnet_fs_rom_opendir
 .text.fnet_fs_rom_fill_dirent
                0x0000eab4       0x3c ./Framework/FNET/services/fs/fnet_fs_rom.o
 .text.fnet_fs_rom_readdir
                0x0000eaf0       0x98 ./Framework/FNET/services/fs/fnet_fs_rom.o
                0x0000eaf0                fnet_fs_rom_readdir
 .text.fnet_fs_rom_fopen
                0x0000eb88       0x7c ./Framework/FNET/services/fs/fnet_fs_rom.o
                0x0000eb88                fnet_fs_rom_fopen
 .text.fnet_fs_rom_fread
                0x0000ec04       0xa0 ./Framework/FNET/services/fs/fnet_fs_rom.o
                0x0000ec04                fnet_fs_rom_fread
 .text.fnet_fs_rom_fseek
                0x0000eca4       0x98 ./Framework/FNET/services/fs/fnet_fs_rom.o
                0x0000eca4                fnet_fs_rom_fseek
 .text.fnet_fs_rom_finfo
                0x0000ed3c       0x40 ./Framework/FNET/services/fs/fnet_fs_rom.o
                0x0000ed3c                fnet_fs_rom_finfo
 .text          0x0000ed7c        0x0 ./Framework/FNET/services/fs/fnet_fs_root.o
 .text.fnet_fs_root_register
                0x0000ed7c       0x24 ./Framework/FNET/services/fs/fnet_fs_root.o
                0x0000ed7c                fnet_fs_root_register
 .text.fnet_fs_root_unregister
                0x0000eda0       0x24 ./Framework/FNET/services/fs/fnet_fs_root.o
                0x0000eda0                fnet_fs_root_unregister
 .text.fnet_fs_root_opendir
                0x0000edc4       0x38 ./Framework/FNET/services/fs/fnet_fs_root.o
                0x0000edc4                fnet_fs_root_opendir
 .text.fnet_fs_root_readdir
                0x0000edfc       0xb8 ./Framework/FNET/services/fs/fnet_fs_root.o
                0x0000edfc                fnet_fs_root_readdir
 .text          0x0000eeb4        0x0 ./Framework/FNET/services/flash/fnet_flash.o
 .text          0x0000eeb4        0x0 ./Framework/FNET/services/dns/fnet_dns.o
 .text          0x0000eeb4        0x0 ./Framework/FNET/services/dhcp/fnet_dhcp.o
 .text          0x0000eeb4        0x0 ./Framework/FNET/os/ucosII/fnet_ucosII_isr.o
 .text          0x0000eeb4        0x0 ./Framework/FNET/os/freertos/fnet_freertos.o
 .text          0x0000eeb4        0x0 ./Framework/FNET/os/brtos/fnet_brtos.o
 .text          0x0000eeb4        0x0 ./Framework/FNET/cpu/lpc17xx/fnet_lpc.o
 .text.fnet_cpu_irq_disable
                0x0000eeb4       0x44 ./Framework/FNET/cpu/lpc17xx/fnet_lpc.o
                0x0000eeb4                fnet_cpu_irq_disable
 .text.fnet_cpu_irq_enable
                0x0000eef8       0x3c ./Framework/FNET/cpu/lpc17xx/fnet_lpc.o
                0x0000eef8                fnet_cpu_irq_enable
 .text.fnet_cpu_isr_install
                0x0000ef34       0x18 ./Framework/FNET/cpu/lpc17xx/fnet_lpc.o
                0x0000ef34                fnet_cpu_isr_install
 .text          0x0000ef4c        0x0 ./Framework/FNET/cpu/lpc17xx/fnet_lpc1768_serial.o
 .text.fnet_cpu_serial_putchar
                0x0000ef4c       0x44 ./Framework/FNET/cpu/lpc17xx/fnet_lpc1768_serial.o
                0x0000ef4c                fnet_cpu_serial_putchar
 .text.fnet_cpu_serial_getchar
                0x0000ef90       0x34 ./Framework/FNET/cpu/lpc17xx/fnet_lpc1768_serial.o
                0x0000ef90                fnet_cpu_serial_getchar
 .text.fnet_cpu_serial_init
                0x0000efc4       0xa4 ./Framework/FNET/cpu/lpc17xx/fnet_lpc1768_serial.o
                0x0000efc4                fnet_cpu_serial_init
 .text          0x0000f068        0x0 ./Framework/FNET/cpu/lpc17xx/fnet_lpc1768_timer.o
 .text.NVIC_EnableIRQ
                0x0000f068       0x30 ./Framework/FNET/cpu/lpc17xx/fnet_lpc1768_timer.o
 .text.fnet_cpu_timer_handler_top
                0x0000f098       0x1c ./Framework/FNET/cpu/lpc17xx/fnet_lpc1768_timer.o
                0x0000f098                fnet_cpu_timer_handler_top
 .text.fnet_cpu_timer_handler_bottom
                0x0000f0b4       0x14 ./Framework/FNET/cpu/lpc17xx/fnet_lpc1768_timer.o
                0x0000f0b4                fnet_cpu_timer_handler_bottom
 .text.TIMER2_IRQHandler
                0x0000f0c8       0x14 ./Framework/FNET/cpu/lpc17xx/fnet_lpc1768_timer.o
                0x0000f0c8                TIMER2_IRQHandler
 *fill*         0x0000f0dc        0x4 
 .text.fnet_cpu_timer_init
                0x0000f0e0       0xe8 ./Framework/FNET/cpu/lpc17xx/fnet_lpc1768_timer.o
                0x0000f0e0                fnet_cpu_timer_init
 .text.fnet_cpu_timer_release
                0x0000f1c8       0x2c ./Framework/FNET/cpu/lpc17xx/fnet_lpc1768_timer.o
                0x0000f1c8                fnet_cpu_timer_release
 .text          0x0000f1f4        0x0 ./Framework/FNET/cpu/lpc17xx/fnet_lpc_eth.o
 .text.NVIC_EnableIRQ
                0x0000f1f4       0x30 ./Framework/FNET/cpu/lpc17xx/fnet_lpc_eth.o
 .text.fnet_lpceth_write_to_phy
                0x0000f224       0x50 ./Framework/FNET/cpu/lpc17xx/fnet_lpc_eth.o
                0x0000f224                fnet_lpceth_write_to_phy
 .text.fnet_lpceth_read_from_phy
                0x0000f274       0x5c ./Framework/FNET/cpu/lpc17xx/fnet_lpc_eth.o
                0x0000f274                fnet_lpceth_read_from_phy
 .text.fnet_eth_io_init
                0x0000f2d0       0xd8 ./Framework/FNET/cpu/lpc17xx/fnet_lpc_eth.o
                0x0000f2d0                fnet_eth_io_init
 .text.fnet_lpceth_init
                0x0000f3a8      0x2a8 ./Framework/FNET/cpu/lpc17xx/fnet_lpc_eth.o
                0x0000f3a8                fnet_lpceth_init
 .text.fnet_lpceth_init_dma
                0x0000f650      0x140 ./Framework/FNET/cpu/lpc17xx/fnet_lpc_eth.o
                0x0000f650                fnet_lpceth_init_dma
 .text.fnet_lpceth_release
                0x0000f790       0x14 ./Framework/FNET/cpu/lpc17xx/fnet_lpc_eth.o
                0x0000f790                fnet_lpceth_release
 .text.fnet_lpceth_input
                0x0000f7a4      0x144 ./Framework/FNET/cpu/lpc17xx/fnet_lpc_eth.o
                0x0000f7a4                fnet_lpceth_input
 .text.fnet_lpceth_output
                0x0000f8e8      0x190 ./Framework/FNET/cpu/lpc17xx/fnet_lpc_eth.o
                0x0000f8e8                fnet_lpceth_output
 .text.fnet_lpceth_get_hw_addr
                0x0000fa78       0x74 ./Framework/FNET/cpu/lpc17xx/fnet_lpc_eth.o
                0x0000fa78                fnet_lpceth_get_hw_addr
 .text.fnet_lpceth_set_hw_addr
                0x0000faec       0x58 ./Framework/FNET/cpu/lpc17xx/fnet_lpc_eth.o
                0x0000faec                fnet_lpceth_set_hw_addr
 .text.fnet_lpceth_get_statistics
                0x0000fb44       0x30 ./Framework/FNET/cpu/lpc17xx/fnet_lpc_eth.o
                0x0000fb44                fnet_lpceth_get_statistics
 .text.fnet_lpceth_is_connected
                0x0000fb74       0x18 ./Framework/FNET/cpu/lpc17xx/fnet_lpc_eth.o
                0x0000fb74                fnet_lpceth_is_connected
 .text.fnet_lpceth_interrupt_handler_top
                0x0000fb8c       0xd8 ./Framework/FNET/cpu/lpc17xx/fnet_lpc_eth.o
                0x0000fb8c                fnet_lpceth_interrupt_handler_top
 .text.fnet_lpceth_interrupt_handler_bottom
                0x0000fc64       0x44 ./Framework/FNET/cpu/lpc17xx/fnet_lpc_eth.o
                0x0000fc64                fnet_lpceth_interrupt_handler_bottom
 .text.ENET_IRQHandler
                0x0000fca8        0xc ./Framework/FNET/cpu/lpc17xx/fnet_lpc_eth.o
                0x0000fca8                ENET_IRQHandler
 .text          0x0000fcb4        0x0 ./Framework/FNET/cpu/common/fnet_fec.o
 .text          0x0000fcb4        0x0 ./Framework/FNET/cpu/fnet_cpu.o
 .text.fnet_htons
                0x0000fcb4       0x2c ./Framework/FNET/cpu/fnet_cpu.o
                0x0000fcb4                fnet_htons
 .text.fnet_htonl
                0x0000fce0       0x38 ./Framework/FNET/cpu/fnet_cpu.o
                0x0000fce0                fnet_htonl
 .text          0x0000fd18        0x0 ./Framework/FNET/fapp_fs_image.o
 .text          0x0000fd18        0x0 ./Framework/FNET/fapp_fs_image_http09.o
 .text          0x0000fd18        0x0 ./Framework/FNET/fapp_http_cgi.o
 .text.init_http
                0x0000fd18       0x70 ./Framework/FNET/fapp_http_cgi.o
                0x0000fd18                init_http
 .text.fapp_http_cgi_stdata_handle
                0x0000fd88       0xb8 ./Framework/FNET/fapp_http_cgi.o
 .text.fapp_http_cgi_rand
                0x0000fe40       0x34 ./Framework/FNET/fapp_http_cgi.o
 .text.fapp_http_cgi_graph_handle
                0x0000fe74       0x68 ./Framework/FNET/fapp_http_cgi.o
 .text.fapp_http_string_buffer_respond
                0x0000fedc       0x74 ./Framework/FNET/fapp_http_cgi.o
 .text          0x0000ff50        0x0 ./Framework/FNET/fnet_main.o
 .text.FNET_START
                0x0000ff50       0x9c ./Framework/FNET/fnet_main.o
                0x0000ff50                FNET_START
 .text          0x0000ffec        0x0 ./Chip/Driver/Source/debug_frmwrk.o
 .text          0x0000ffec        0x0 ./Chip/Driver/Source/lpc177x_8x_adc.o
 .text          0x0000ffec        0x0 ./Chip/Driver/Source/lpc177x_8x_bod.o
 .text          0x0000ffec        0x0 ./Chip/Driver/Source/lpc177x_8x_can.o
 .text          0x0000ffec        0x0 ./Chip/Driver/Source/lpc177x_8x_clkpwr.o
 .text.CLKPWR_SetCLKDiv
                0x0000ffec       0xdc ./Chip/Driver/Source/lpc177x_8x_clkpwr.o
                0x0000ffec                CLKPWR_SetCLKDiv
 .text.CLKPWR_GetCLK
                0x000100c8       0x60 ./Chip/Driver/Source/lpc177x_8x_clkpwr.o
                0x000100c8                CLKPWR_GetCLK
 .text.CLKPWR_ConfigPPWR
                0x00010128       0x4c ./Chip/Driver/Source/lpc177x_8x_clkpwr.o
                0x00010128                CLKPWR_ConfigPPWR
 .text.CLKPWR_Sleep
                0x00010174       0x1c ./Chip/Driver/Source/lpc177x_8x_clkpwr.o
                0x00010174                CLKPWR_Sleep
 .text.CLKPWR_DeepSleep
                0x00010190       0x24 ./Chip/Driver/Source/lpc177x_8x_clkpwr.o
                0x00010190                CLKPWR_DeepSleep
 .text.CLKPWR_PowerDown
                0x000101b4       0x24 ./Chip/Driver/Source/lpc177x_8x_clkpwr.o
                0x000101b4                CLKPWR_PowerDown
 .text.CLKPWR_DeepPowerDown
                0x000101d8       0x24 ./Chip/Driver/Source/lpc177x_8x_clkpwr.o
                0x000101d8                CLKPWR_DeepPowerDown
 .text          0x000101fc        0x0 ./Chip/Driver/Source/lpc177x_8x_crc.o
 .text          0x000101fc        0x0 ./Chip/Driver/Source/lpc177x_8x_dac.o
 .text          0x000101fc        0x0 ./Chip/Driver/Source/lpc177x_8x_eeprom.o
 .text          0x000101fc        0x0 ./Chip/Driver/Source/lpc177x_8x_emac.o
 .text          0x000101fc        0x0 ./Chip/Driver/Source/lpc177x_8x_emc.o
 .text          0x000101fc        0x0 ./Chip/Driver/Source/lpc177x_8x_exti.o
 .text          0x000101fc        0x0 ./Chip/Driver/Source/lpc177x_8x_gpdma.o
 .text          0x000101fc        0x0 ./Chip/Driver/Source/lpc177x_8x_gpio.o
 .text.GPIO_GetPointer
                0x000101fc       0x80 ./Chip/Driver/Source/lpc177x_8x_gpio.o
 .text.FIO_HalfWordGetPointer
                0x0001027c       0x80 ./Chip/Driver/Source/lpc177x_8x_gpio.o
 .text.FIO_ByteGetPointer
                0x000102fc       0x80 ./Chip/Driver/Source/lpc177x_8x_gpio.o
 .text.GPIO_Init
                0x0001037c       0x14 ./Chip/Driver/Source/lpc177x_8x_gpio.o
                0x0001037c                GPIO_Init
 .text.GPIO_Deinit
                0x00010390       0x14 ./Chip/Driver/Source/lpc177x_8x_gpio.o
                0x00010390                GPIO_Deinit
 .text.GPIO_SetDir
                0x000103a4       0x48 ./Chip/Driver/Source/lpc177x_8x_gpio.o
                0x000103a4                GPIO_SetDir
 .text.GPIO_SetValue
                0x000103ec       0x28 ./Chip/Driver/Source/lpc177x_8x_gpio.o
                0x000103ec                GPIO_SetValue
 .text.GPIO_ClearValue
                0x00010414       0x28 ./Chip/Driver/Source/lpc177x_8x_gpio.o
                0x00010414                GPIO_ClearValue
 .text.GPIO_OutputValue
                0x0001043c       0x34 ./Chip/Driver/Source/lpc177x_8x_gpio.o
                0x0001043c                GPIO_OutputValue
 .text.GPIO_ReadValue
                0x00010470       0x2c ./Chip/Driver/Source/lpc177x_8x_gpio.o
                0x00010470                GPIO_ReadValue
 .text.GPIO_IntCmd
                0x0001049c       0x70 ./Chip/Driver/Source/lpc177x_8x_gpio.o
                0x0001049c                GPIO_IntCmd
 .text.GPIO_GetIntStatus
                0x0001050c       0xbc ./Chip/Driver/Source/lpc177x_8x_gpio.o
                0x0001050c                GPIO_GetIntStatus
 .text.GPIO_ClearInt
                0x000105c8       0x38 ./Chip/Driver/Source/lpc177x_8x_gpio.o
                0x000105c8                GPIO_ClearInt
 .text.FIO_SetDir
                0x00010600       0x24 ./Chip/Driver/Source/lpc177x_8x_gpio.o
                0x00010600                FIO_SetDir
 .text.FIO_SetValue
                0x00010624       0x1c ./Chip/Driver/Source/lpc177x_8x_gpio.o
                0x00010624                FIO_SetValue
 .text.FIO_ClearValue
                0x00010640       0x1c ./Chip/Driver/Source/lpc177x_8x_gpio.o
                0x00010640                FIO_ClearValue
 .text.FIO_ReadValue
                0x0001065c       0x1c ./Chip/Driver/Source/lpc177x_8x_gpio.o
                0x0001065c                FIO_ReadValue
 .text.FIO_IntCmd
                0x00010678       0x24 ./Chip/Driver/Source/lpc177x_8x_gpio.o
                0x00010678                FIO_IntCmd
 .text.FIO_GetIntStatus
                0x0001069c       0x28 ./Chip/Driver/Source/lpc177x_8x_gpio.o
                0x0001069c                FIO_GetIntStatus
 .text.FIO_ClearInt
                0x000106c4       0x1c ./Chip/Driver/Source/lpc177x_8x_gpio.o
                0x000106c4                FIO_ClearInt
 .text.FIO_SetMask
                0x000106e0       0x48 ./Chip/Driver/Source/lpc177x_8x_gpio.o
                0x000106e0                FIO_SetMask
 .text.FIO_HalfWordSetDir
                0x00010728       0x8c ./Chip/Driver/Source/lpc177x_8x_gpio.o
                0x00010728                FIO_HalfWordSetDir
 .text.FIO_HalfWordSetMask
                0x000107b4       0x8c ./Chip/Driver/Source/lpc177x_8x_gpio.o
                0x000107b4                FIO_HalfWordSetMask
 .text.FIO_HalfWordSetValue
                0x00010840       0x3c ./Chip/Driver/Source/lpc177x_8x_gpio.o
                0x00010840                FIO_HalfWordSetValue
 .text.FIO_HalfWordClearValue
                0x0001087c       0x3c ./Chip/Driver/Source/lpc177x_8x_gpio.o
                0x0001087c                FIO_HalfWordClearValue
 .text.FIO_HalfWordReadValue
                0x000108b8       0x40 ./Chip/Driver/Source/lpc177x_8x_gpio.o
                0x000108b8                FIO_HalfWordReadValue
 .text.FIO_ByteSetDir
                0x000108f8       0x68 ./Chip/Driver/Source/lpc177x_8x_gpio.o
                0x000108f8                FIO_ByteSetDir
 .text.FIO_ByteSetMask
                0x00010960       0x70 ./Chip/Driver/Source/lpc177x_8x_gpio.o
                0x00010960                FIO_ByteSetMask
 .text.FIO_ByteSetValue
                0x000109d0       0x38 ./Chip/Driver/Source/lpc177x_8x_gpio.o
                0x000109d0                FIO_ByteSetValue
 .text.FIO_ByteClearValue
                0x00010a08       0x38 ./Chip/Driver/Source/lpc177x_8x_gpio.o
                0x00010a08                FIO_ByteClearValue
 .text.FIO_ByteReadValue
                0x00010a40       0x3c ./Chip/Driver/Source/lpc177x_8x_gpio.o
                0x00010a40                FIO_ByteReadValue
 .text          0x00010a7c        0x0 ./Chip/Driver/Source/lpc177x_8x_i2c.o
 .text          0x00010a7c        0x0 ./Chip/Driver/Source/lpc177x_8x_i2s.o
 .text          0x00010a7c        0x0 ./Chip/Driver/Source/lpc177x_8x_iap.o
 .text          0x00010a7c        0x0 ./Chip/Driver/Source/lpc177x_8x_lcd.o
 .text          0x00010a7c        0x0 ./Chip/Driver/Source/lpc177x_8x_mci.o
 .text          0x00010a7c        0x0 ./Chip/Driver/Source/lpc177x_8x_mcpwm.o
 .text          0x00010a7c        0x0 ./Chip/Driver/Source/lpc177x_8x_nvic.o
 .text.NVIC_DeInit
                0x00010a7c       0x58 ./Chip/Driver/Source/lpc177x_8x_nvic.o
                0x00010a7c                NVIC_DeInit
 .text.NVIC_SCBDeInit
                0x00010ad4       0x74 ./Chip/Driver/Source/lpc177x_8x_nvic.o
                0x00010ad4                NVIC_SCBDeInit
 .text.NVIC_SetVTOR
                0x00010b48       0x1c ./Chip/Driver/Source/lpc177x_8x_nvic.o
                0x00010b48                NVIC_SetVTOR
 .text          0x00010b64        0x0 ./Chip/Driver/Source/lpc177x_8x_pinsel.o
 .text.PIN_GetPointer
                0x00010b64       0x34 ./Chip/Driver/Source/lpc177x_8x_pinsel.o
 .text.PINSEL_GetPinType
                0x00010b98      0x11c ./Chip/Driver/Source/lpc177x_8x_pinsel.o
                0x00010b98                PINSEL_GetPinType
 .text.PINSEL_ConfigPin
                0x00010cb4       0x68 ./Chip/Driver/Source/lpc177x_8x_pinsel.o
                0x00010cb4                PINSEL_ConfigPin
 .text.PINSEL_SetPinMode
                0x00010d1c       0x84 ./Chip/Driver/Source/lpc177x_8x_pinsel.o
                0x00010d1c                PINSEL_SetPinMode
 .text.PINSEL_SetHysMode
                0x00010da0       0x80 ./Chip/Driver/Source/lpc177x_8x_pinsel.o
                0x00010da0                PINSEL_SetHysMode
 .text.PINSEL_SetInvertInput
                0x00010e20       0x7c ./Chip/Driver/Source/lpc177x_8x_pinsel.o
                0x00010e20                PINSEL_SetInvertInput
 .text.PINSEL_SetSlewMode
                0x00010e9c       0x80 ./Chip/Driver/Source/lpc177x_8x_pinsel.o
                0x00010e9c                PINSEL_SetSlewMode
 .text.PINSEL_SetI2CMode
                0x00010f1c       0xc4 ./Chip/Driver/Source/lpc177x_8x_pinsel.o
                0x00010f1c                PINSEL_SetI2CMode
 .text.PINSEL_SetOpenDrainMode
                0x00010fe0       0x88 ./Chip/Driver/Source/lpc177x_8x_pinsel.o
                0x00010fe0                PINSEL_SetOpenDrainMode
 .text.PINSEL_SetAnalogPinMode
                0x00011068       0x7c ./Chip/Driver/Source/lpc177x_8x_pinsel.o
                0x00011068                PINSEL_SetAnalogPinMode
 .text.PINSEL_DacEnable
                0x000110e4       0x80 ./Chip/Driver/Source/lpc177x_8x_pinsel.o
                0x000110e4                PINSEL_DacEnable
 .text.PINSEL_SetFilter
                0x00011164       0x80 ./Chip/Driver/Source/lpc177x_8x_pinsel.o
                0x00011164                PINSEL_SetFilter
 .text.PINSEL_SetI2CFilter
                0x000111e4       0x7c ./Chip/Driver/Source/lpc177x_8x_pinsel.o
                0x000111e4                PINSEL_SetI2CFilter
 .text          0x00011260        0x0 ./Chip/Driver/Source/lpc177x_8x_pwm.o
 .text          0x00011260        0x0 ./Chip/Driver/Source/lpc177x_8x_qei.o
 .text          0x00011260        0x0 ./Chip/Driver/Source/lpc177x_8x_rtc.o
 .text          0x00011260        0x0 ./Chip/Driver/Source/lpc177x_8x_ssp.o
 .text          0x00011260        0x0 ./Chip/Driver/Source/lpc177x_8x_systick.o
 .text          0x00011260        0x0 ./Chip/Driver/Source/lpc177x_8x_timer.o
 .text          0x00011260        0x0 ./Chip/Driver/Source/lpc177x_8x_uart.o
 .text.uart_set_divisors
                0x00011260      0x2d8 ./Chip/Driver/Source/lpc177x_8x_uart.o
 .text.uart_get_pointer
                0x00011538       0x4c ./Chip/Driver/Source/lpc177x_8x_uart.o
 .text.UART_Init
                0x00011584      0x2fc ./Chip/Driver/Source/lpc177x_8x_uart.o
                0x00011584                UART_Init
 .text.UART_DeInit
                0x00011880       0x70 ./Chip/Driver/Source/lpc177x_8x_uart.o
                0x00011880                UART_DeInit
 .text.UART_ConfigStructInit
                0x000118f0       0x2c ./Chip/Driver/Source/lpc177x_8x_uart.o
                0x000118f0                UART_ConfigStructInit
 .text.UART_SendByte
                0x0001191c       0x78 ./Chip/Driver/Source/lpc177x_8x_uart.o
                0x0001191c                UART_SendByte
 .text.UART_ReceiveByte
                0x00011994       0x78 ./Chip/Driver/Source/lpc177x_8x_uart.o
                0x00011994                UART_ReceiveByte
 .text.UART_Send
                0x00011a0c      0x148 ./Chip/Driver/Source/lpc177x_8x_uart.o
                0x00011a0c                UART_Send
 .text.UART_Receive
                0x00011b54      0x110 ./Chip/Driver/Source/lpc177x_8x_uart.o
                0x00011b54                UART_Receive
 .text.UART_ForceBreak
                0x00011c64       0xa0 ./Chip/Driver/Source/lpc177x_8x_uart.o
                0x00011c64                UART_ForceBreak
 .text.UART_IntConfig
                0x00011d04      0x118 ./Chip/Driver/Source/lpc177x_8x_uart.o
                0x00011d04                UART_IntConfig
 .text.UART_GetLineStatus
                0x00011e1c       0x78 ./Chip/Driver/Source/lpc177x_8x_uart.o
                0x00011e1c                UART_GetLineStatus
 .text.UART_GetIntId
                0x00011e94       0x8c ./Chip/Driver/Source/lpc177x_8x_uart.o
                0x00011e94                UART_GetIntId
 .text.UART_CheckBusy
                0x00011f20       0xa4 ./Chip/Driver/Source/lpc177x_8x_uart.o
                0x00011f20                UART_CheckBusy
 .text.UART_FIFOConfig
                0x00011fc4      0x100 ./Chip/Driver/Source/lpc177x_8x_uart.o
                0x00011fc4                UART_FIFOConfig
 .text.UART_FIFOConfigStructInit
                0x000120c4       0x2c ./Chip/Driver/Source/lpc177x_8x_uart.o
                0x000120c4                UART_FIFOConfigStructInit
 .text.UART_ABCmd
                0x000120f0      0x13c ./Chip/Driver/Source/lpc177x_8x_uart.o
                0x000120f0                UART_ABCmd
 .text.UART_ABClearIntPending
                0x0001222c       0x5c ./Chip/Driver/Source/lpc177x_8x_uart.o
                0x0001222c                UART_ABClearIntPending
 .text.UART_TxCmd
                0x00012288       0x94 ./Chip/Driver/Source/lpc177x_8x_uart.o
                0x00012288                UART_TxCmd
 .text.UART_IrDAInvtInputCmd
                0x0001231c       0x4c ./Chip/Driver/Source/lpc177x_8x_uart.o
                0x0001231c                UART_IrDAInvtInputCmd
 .text.UART_IrDACmd
                0x00012368       0x44 ./Chip/Driver/Source/lpc177x_8x_uart.o
                0x00012368                UART_IrDACmd
 .text.UART_IrDAPulseDivConfig
                0x000123ac       0x50 ./Chip/Driver/Source/lpc177x_8x_uart.o
                0x000123ac                UART_IrDAPulseDivConfig
 .text.UART_FullModemForcePinState
                0x000123fc       0x78 ./Chip/Driver/Source/lpc177x_8x_uart.o
                0x000123fc                UART_FullModemForcePinState
 .text.UART_FullModemConfigMode
                0x00012474       0x7c ./Chip/Driver/Source/lpc177x_8x_uart.o
                0x00012474                UART_FullModemConfigMode
 .text.UART_FullModemGetStatus
                0x000124f0       0x2c ./Chip/Driver/Source/lpc177x_8x_uart.o
                0x000124f0                UART_FullModemGetStatus
 .text.UART_RS485Config
                0x0001251c      0x118 ./Chip/Driver/Source/lpc177x_8x_uart.o
                0x0001251c                UART_RS485Config
 .text.UART_RS485ReceiverCmd
                0x00012634       0x64 ./Chip/Driver/Source/lpc177x_8x_uart.o
                0x00012634                UART_RS485ReceiverCmd
 .text.UART_RS485Send
                0x00012698       0xc4 ./Chip/Driver/Source/lpc177x_8x_uart.o
                0x00012698                UART_RS485Send
 .text.UART_RS485SendSlvAddr
                0x0001275c       0x24 ./Chip/Driver/Source/lpc177x_8x_uart.o
                0x0001275c                UART_RS485SendSlvAddr
 .text.UART_RS485SendData
                0x00012780       0x28 ./Chip/Driver/Source/lpc177x_8x_uart.o
                0x00012780                UART_RS485SendData
 .text          0x000127a8        0x0 ./Chip/Driver/Source/lpc177x_8x_wwdt.o
 .text          0x000127a8       0x9c ./Chip/Core/Source/Template/GCC/startup_LPC177x_8x.o
                0x000127a8                Reset_Handler
                0x000127dc                NMI_Handler
                0x000127e0                MemManage_Handler
                0x000127e2                BusFault_Handler
                0x000127e4                UsageFault_Handler
                0x000127e6                SVC_Handler
                0x000127e8                DebugMon_Handler
                0x000127ea                PendSV_Handler
                0x000127ee                Default_Handler
                0x000127f0                WDT_IRQHandler
                0x000127f2                TIMER0_IRQHandler
                0x000127f4                TIMER1_IRQHandler
                0x000127f8                TIMER3_IRQHandler
                0x000127fa                UART0_IRQHandler
                0x000127fc                UART1_IRQHandler
                0x000127fe                UART2_IRQHandler
                0x00012800                UART3_IRQHandler
                0x00012802                PWM1_IRQHandler
                0x00012804                I2C0_IRQHandler
                0x00012806                I2C1_IRQHandler
                0x00012808                I2C2_IRQHandler
                0x0001280a                SPI_IRQHandler
                0x0001280c                SSP0_IRQHandler
                0x0001280e                SSP1_IRQHandler
                0x00012810                PLL0_IRQHandler
                0x00012812                RTC_IRQHandler
                0x00012814                EINT0_IRQHandler
                0x00012816                EINT1_IRQHandler
                0x00012818                EINT2_IRQHandler
                0x0001281a                EINT3_IRQHandler
                0x0001281c                ADC_IRQHandler
                0x0001281e                BOD_IRQHandler
                0x00012820                USB_IRQHandler
                0x00012822                CAN_IRQHandler
                0x00012824                DMA_IRQHandler
                0x00012826                I2S_IRQHandler
                0x00012828                FNET_ENET_IRQHandler
                0x0001282a                SDIO_IRQHandler
                0x0001282c                MCPWM_IRQHandler
                0x0001282e                QEI_IRQHandler
                0x00012830                PLL1_IRQHandler
                0x00012832                USBActivity_IRQHandler
                0x00012834                CANActivity_IRQHandler
                0x00012836                UART4_IRQHandler
                0x00012838                SSP2_IRQHandler
                0x0001283a                LCD_IRQHandler
                0x0001283c                GPIO_IRQHandler
                0x0001283e                PWM0_IRQHandler
                0x00012840                EEPROM_IRQHandler
 .text          0x00012844        0x0 ./Chip/Core/Source/Template/system_LPC177x_8x.o
 .text.SystemCoreClockUpdate
                0x00012844      0x37c ./Chip/Core/Source/Template/system_LPC177x_8x.o
                0x00012844                SystemCoreClockUpdate
 .text.SystemInit
                0x00012bc0       0xec ./Chip/Core/Source/Template/system_LPC177x_8x.o
                0x00012bc0                SystemInit
 .text          0x00012cac        0x0 ./main.o
 .text.SysTick_Handler
                0x00012cac       0x1c ./main.o
                0x00012cac                SysTick_Handler
 .text.cpu_serial_init
                0x00012cc8       0x30 ./main.o
                0x00012cc8                cpu_serial_init
 .text.Delay    0x00012cf8       0x2c ./main.o
                0x00012cf8                Delay
 .text.HardFault_Handler
                0x00012d24       0x20 ./main.o
                0x00012d24                HardFault_Handler
 .text.HW_initialize_ETH
                0x00012d44       0x60 ./main.o
                0x00012d44                HW_initialize_ETH
 .text.Initialize_UART
                0x00012da4       0xd8 ./main.o
                0x00012da4                Initialize_UART
 .text.main     0x00012e7c       0xa0 ./main.o
                0x00012e7c                main
 .text          0x00012f1c      0x370 c:/embedded/tools/gcc-arm/bin/../lib/gcc/arm-none-eabi/4.8.4/armv7-m\libgcc.a(_arm_addsubdf3.o)
                0x00012f1c                __aeabi_drsub
                0x00012f24                __aeabi_dsub
                0x00012f24                __subdf3
                0x00012f28                __aeabi_dadd
                0x00012f28                __adddf3
                0x000131a0                __floatunsidf
                0x000131a0                __aeabi_ui2d
                0x000131c0                __floatsidf
                0x000131c0                __aeabi_i2d
                0x000131e4                __aeabi_f2d
                0x000131e4                __extendsfdf2
                0x00013220                __floatundidf
                0x00013220                __aeabi_ul2d
                0x00013230                __floatdidf
                0x00013230                __aeabi_l2d