Archive member included because of file (symbol)

c:/embedded/tools/gcc-arm/bin/../lib/gcc/arm-none-eabi/4.8.4/armv7-m\libgcc.a(_arm_addsubdf3.o)
                              ./Framework/FNET/cpu/lpc17xx/fnet_lpc1768_timer.o (__aeabi_f2d)
c:/embedded/tools/gcc-arm/bin/../lib/gcc/arm-none-eabi/4.8.4/armv7-m\libgcc.a(_arm_muldivdf3.o)
                              ./Framework/FNET/cpu/lpc17xx/fnet_lpc1768_timer.o (__aeabi_dmul)
c:/embedded/tools/gcc-arm/bin/../lib/gcc/arm-none-eabi/4.8.4/armv7-m\libgcc.a(_arm_truncdfsf2.o)
                              ./Framework/FNET/cpu/lpc17xx/fnet_lpc1768_timer.o (__aeabi_d2f)
c:/embedded/tools/gcc-arm/bin/../lib/gcc/arm-none-eabi/4.8.4/armv7-m\libgcc.a(_arm_addsubsf3.o)
                              ./Framework/FNET/cpu/lpc17xx/fnet_lpc1768_timer.o (__aeabi_ui2f)
c:/embedded/tools/gcc-arm/bin/../lib/gcc/arm-none-eabi/4.8.4/armv7-m\libgcc.a(_arm_muldivsf3.o)
                              ./Framework/FNET/cpu/lpc17xx/fnet_lpc1768_timer.o (__aeabi_fdiv)
c:/embedded/tools/gcc-arm/bin/../lib/gcc/arm-none-eabi/4.8.4/armv7-m\libgcc.a(_arm_fixunssfsi.o)
                              ./Framework/FNET/cpu/lpc17xx/fnet_lpc1768_timer.o (__aeabi_f2uiz)
c:/embedded/tools/gcc-arm/bin/../lib/gcc/arm-none-eabi/4.8.4/armv7-m\libgcc.a(_aeabi_uldivmod.o)
                              ./Chip/Driver/Source/lpc177x_8x_uart.o (__aeabi_uldivmod)
c:/embedded/tools/gcc-arm/bin/../lib/gcc/arm-none-eabi/4.8.4/armv7-m\libgcc.a(bpabi.o)
                              c:/embedded/tools/gcc-arm/bin/../lib/gcc/arm-none-eabi/4.8.4/armv7-m\libgcc.a(_aeabi_uldivmod.o) (__gnu_uldivmod_helper)
c:/embedded/tools/gcc-arm/bin/../lib/gcc/arm-none-eabi/4.8.4/armv7-m\libgcc.a(_dvmd_tls.o)
                              c:/embedded/tools/gcc-arm/bin/../lib/gcc/arm-none-eabi/4.8.4/armv7-m\libgcc.a(_aeabi_uldivmod.o) (__aeabi_ldiv0)
c:/embedded/tools/gcc-arm/bin/../lib/gcc/arm-none-eabi/4.8.4/armv7-m\libgcc.a(_divdi3.o)
                              c:/embedded/tools/gcc-arm/bin/../lib/gcc/arm-none-eabi/4.8.4/armv7-m\libgcc.a(bpabi.o) (__divdi3)
c:/embedded/tools/gcc-arm/bin/../lib/gcc/arm-none-eabi/4.8.4/armv7-m\libgcc.a(_udivdi3.o)
                              c:/embedded/tools/gcc-arm/bin/../lib/gcc/arm-none-eabi/4.8.4/armv7-m\libgcc.a(bpabi.o) (__udivdi3)
c:/embedded/tools/gcc-arm/bin/../lib/gcc/arm-none-eabi/4.8.4/../../../../arm-none-eabi/lib/armv7-m\libg.a(lib_a-exit.o)
                              c:/embedded/tools/gcc-arm/bin/../lib/gcc/arm-none-eabi/4.8.4/../../../../arm-none-eabi/lib/armv7-m/crt0.o (exit)
c:/embedded/tools/gcc-arm/bin/../lib/gcc/arm-none-eabi/4.8.4/../../../../arm-none-eabi/lib/armv7-m\libg.a(lib_a-impure.o)
                              c:/embedded/tools/gcc-arm/bin/../lib/gcc/arm-none-eabi/4.8.4/../../../../arm-none-eabi/lib/armv7-m\libg.a(lib_a-exit.o) (_global_impure_ptr)
c:/embedded/tools/gcc-arm/bin/../lib/gcc/arm-none-eabi/4.8.4/../../../../arm-none-eabi/lib/armv7-m\libg.a(lib_a-init.o)
                              c:/embedded/tools/gcc-arm/bin/../lib/gcc/arm-none-eabi/4.8.4/../../../../arm-none-eabi/lib/armv7-m/crt0.o (__libc_init_array)
c:/embedded/tools/gcc-arm/bin/../lib/gcc/arm-none-eabi/4.8.4/../../../../arm-none-eabi/lib/armv7-m\libg.a(lib_a-memset.o)
                              c:/embedded/tools/gcc-arm/bin/../lib/gcc/arm-none-eabi/4.8.4/../../../../arm-none-eabi/lib/armv7-m/crt0.o (memset)
c:/embedded/tools/gcc-arm/bin/../lib/gcc/arm-none-eabi/4.8.4/../../../../arm-none-eabi/lib/armv7-m\libg.a(lib_a-__call_atexit.o)
                              c:/embedded/tools/gcc-arm/bin/../lib/gcc/arm-none-eabi/4.8.4/../../../../arm-none-eabi/lib/armv7-m\libg.a(lib_a-exit.o) (__call_exitprocs)
c:/embedded/tools/gcc-arm/bin/../lib/gcc/arm-none-eabi/4.8.4/../../../../arm-none-eabi/lib/armv7-m\libg.a(lib_a-atexit.o)
                              c:/embedded/tools/gcc-arm/bin/../lib/gcc/arm-none-eabi/4.8.4/../../../../arm-none-eabi/lib/armv7-m\libg.a(lib_a-__call_atexit.o) (atexit)
c:/embedded/tools/gcc-arm/bin/../lib/gcc/arm-none-eabi/4.8.4/../../../../arm-none-eabi/lib/armv7-m\libg.a(lib_a-fini.o)
                              c:/embedded/tools/gcc-arm/bin/../lib/gcc/arm-none-eabi/4.8.4/../../../../arm-none-eabi/lib/armv7-m\libg.a(lib_a-__call_atexit.o) (__libc_fini_array)
c:/embedded/tools/gcc-arm/bin/../lib/gcc/arm-none-eabi/4.8.4/../../../../arm-none-eabi/lib/armv7-m\libg.a(lib_a-__atexit.o)
                              c:/embedded/tools/gcc-arm/bin/../lib/gcc/arm-none-eabi/4.8.4/../../../../arm-none-eabi/lib/armv7-m\libg.a(lib_a-atexit.o) (__register_exitproc)
c:/embedded/tools/gcc-arm/bin/../lib/gcc/arm-none-eabi/4.8.4/../../../../arm-none-eabi/lib/armv7-m\libnosys.a(_exit.o)
                              c:/embedded/tools/gcc-arm/bin/../lib/gcc/arm-none-eabi/4.8.4/../../../../arm-none-eabi/lib/armv7-m\libg.a(lib_a-exit.o) (_exit)

Allocating common symbols
Common symbol       size              file

[...]
Memory Configuration

Name             Origin             Length             Attributes
FLASH            0x00000000         0x00080000         xr
RAM              0x10000000         0x00010000         xrw
RAM1             0x20000000         0x00004000         xrw
RAM2             0x20004000         0x00004000         xrw
*default*        0x00000000         0xffffffff

Linker script and memory map

LOAD c:/embedded/tools/gcc-arm/bin/../lib/gcc/arm-none-eabi/4.8.4/armv7-m/crti.o
LOAD c:/embedded/tools/gcc-arm/bin/../lib/gcc/arm-none-eabi/4.8.4/armv7-m/crtbegin.o
LOAD c:/embedded/tools/gcc-arm/bin/../lib/gcc/arm-none-eabi/4.8.4/../../../../arm-none-eabi/lib/armv7-m/crt0.o
LOAD ./Framework/FNET/stack/fnet_arp.o
LOAD ./Framework/FNET/stack/fnet_checksum.o
LOAD ./Framework/FNET/stack/fnet_error.o
LOAD ./Framework/FNET/stack/fnet_eth.o
LOAD ./Framework/FNET/stack/fnet_icmp.o
LOAD ./Framework/FNET/stack/fnet_icmp6.o
LOAD ./Framework/FNET/stack/fnet_igmp.o
LOAD ./Framework/FNET/stack/fnet_inet.o
LOAD ./Framework/FNET/stack/fnet_ip.o
LOAD ./Framework/FNET/stack/fnet_ip6.o
LOAD ./Framework/FNET/stack/fnet_isr.o
LOAD ./Framework/FNET/stack/fnet_loop.o
LOAD ./Framework/FNET/stack/fnet_mempool.o
LOAD ./Framework/FNET/stack/fnet_nd6.o
LOAD ./Framework/FNET/stack/fnet_netbuf.o
LOAD ./Framework/FNET/stack/fnet_netif.o
LOAD ./Framework/FNET/stack/fnet_prot.o
LOAD ./Framework/FNET/stack/fnet_raw.o
LOAD ./Framework/FNET/stack/fnet_socket.o
LOAD ./Framework/FNET/stack/fnet_stack.o
LOAD ./Framework/FNET/stack/fnet_stdlib.o
LOAD ./Framework/FNET/stack/fnet_tcp.o
LOAD ./Framework/FNET/stack/fnet_timer.o
LOAD ./Framework/FNET/stack/fnet_udp.o
LOAD ./Framework/FNET/services/tftp/fnet_tftp_cln.o
LOAD ./Framework/FNET/services/tftp/fnet_tftp_srv.o
LOAD ./Framework/FNET/services/telnet/fnet_telnet.o
LOAD ./Framework/FNET/services/shell/fnet_shell.o
LOAD ./Framework/FNET/services/serial/fnet_serial.o
LOAD ./Framework/FNET/services/poll/fnet_poll.o
LOAD ./Framework/FNET/services/ping/fnet_ping.o
LOAD ./Framework/FNET/services/http/fnet_http.o
LOAD ./Framework/FNET/services/http/fnet_http_auth.o
LOAD ./Framework/FNET/services/http/fnet_http_cgi.o
LOAD ./Framework/FNET/services/http/fnet_http_get.o
LOAD ./Framework/FNET/services/http/fnet_http_post.o
LOAD ./Framework/FNET/services/http/fnet_http_ssi.o
LOAD ./Framework/FNET/services/fs/fnet_fs.o
LOAD ./Framework/FNET/services/fs/fnet_fs_rom.o
LOAD ./Framework/FNET/services/fs/fnet_fs_root.o
LOAD ./Framework/FNET/services/flash/fnet_flash.o
LOAD ./Framework/FNET/services/dns/fnet_dns.o
LOAD ./Framework/FNET/services/dhcp/fnet_dhcp.o
LOAD ./Framework/FNET/os/ucosII/fnet_ucosII_isr.o
LOAD ./Framework/FNET/os/freertos/fnet_freertos.o
LOAD ./Framework/FNET/os/brtos/fnet_brtos.o
LOAD ./Framework/FNET/cpu/lpc17xx/fnet_lpc.o
LOAD ./Framework/FNET/cpu/lpc17xx/fnet_lpc1768_serial.o
LOAD ./Framework/FNET/cpu/lpc17xx/fnet_lpc1768_timer.o
LOAD ./Framework/FNET/cpu/lpc17xx/fnet_lpc_eth.o
LOAD ./Framework/FNET/cpu/common/fnet_fec.o
LOAD ./Framework/FNET/cpu/fnet_cpu.o
LOAD ./Framework/FNET/fapp_fs_image.o
LOAD ./Framework/FNET/fapp_fs_image_http09.o
LOAD ./Framework/FNET/fapp_http_cgi.o
LOAD ./Framework/FNET/fnet_main.o
LOAD ./Chip/Driver/Source/debug_frmwrk.o
LOAD ./Chip/Driver/Source/lpc177x_8x_adc.o
LOAD ./Chip/Driver/Source/lpc177x_8x_bod.o
LOAD ./Chip/Driver/Source/lpc177x_8x_can.o
LOAD ./Chip/Driver/Source/lpc177x_8x_clkpwr.o
LOAD ./Chip/Driver/Source/lpc177x_8x_crc.o
LOAD ./Chip/Driver/Source/lpc177x_8x_dac.o
LOAD ./Chip/Driver/Source/lpc177x_8x_eeprom.o
LOAD ./Chip/Driver/Source/lpc177x_8x_emac.o
LOAD ./Chip/Driver/Source/lpc177x_8x_emc.o
LOAD ./Chip/Driver/Source/lpc177x_8x_exti.o
LOAD ./Chip/Driver/Source/lpc177x_8x_gpdma.o
LOAD ./Chip/Driver/Source/lpc177x_8x_gpio.o
LOAD ./Chip/Driver/Source/lpc177x_8x_i2c.o
LOAD ./Chip/Driver/Source/lpc177x_8x_i2s.o
LOAD ./Chip/Driver/Source/lpc177x_8x_iap.o
LOAD ./Chip/Driver/Source/lpc177x_8x_lcd.o
LOAD ./Chip/Driver/Source/lpc177x_8x_mci.o
LOAD ./Chip/Driver/Source/lpc177x_8x_mcpwm.o
LOAD ./Chip/Driver/Source/lpc177x_8x_nvic.o
LOAD ./Chip/Driver/Source/lpc177x_8x_pinsel.o
LOAD ./Chip/Driver/Source/lpc177x_8x_pwm.o
LOAD ./Chip/Driver/Source/lpc177x_8x_qei.o
LOAD ./Chip/Driver/Source/lpc177x_8x_rtc.o
LOAD ./Chip/Driver/Source/lpc177x_8x_ssp.o
LOAD ./Chip/Driver/Source/lpc177x_8x_systick.o
LOAD ./Chip/Driver/Source/lpc177x_8x_timer.o
LOAD ./Chip/Driver/Source/lpc177x_8x_uart.o
LOAD ./Chip/Driver/Source/lpc177x_8x_wwdt.o
LOAD ./Chip/Core/Source/Template/GCC/startup_LPC177x_8x.o
LOAD ./Chip/Core/Source/Template/system_LPC177x_8x.o
LOAD ./main.o
START GROUP
LOAD c:/embedded/tools/gcc-arm/bin/../lib/gcc/arm-none-eabi/4.8.4/armv7-m\libgcc.a
LOAD c:/embedded/tools/gcc-arm/bin/../lib/gcc/arm-none-eabi/4.8.4/../../../../arm-none-eabi/lib/armv7-m\libg.a
LOAD c:/embedded/tools/gcc-arm/bin/../lib/gcc/arm-none-eabi/4.8.4/../../../../arm-none-eabi/lib/armv7-m\libc.a
END GROUP
LOAD c:/embedded/tools/gcc-arm/bin/../lib/gcc/arm-none-eabi/4.8.4/armv7-m/crtend.o
LOAD c:/embedded/tools/gcc-arm/bin/../lib/gcc/arm-none-eabi/4.8.4/armv7-m/crtn.o
START GROUP
LOAD c:/embedded/tools/gcc-arm/bin/../lib/gcc/arm-none-eabi/4.8.4/armv7-m\libgcc.a
LOAD c:/embedded/tools/gcc-arm/bin/../lib/gcc/arm-none-eabi/4.8.4/../../../../arm-none-eabi/lib/armv7-m\libc.a
LOAD c:/embedded/tools/gcc-arm/bin/../lib/gcc/arm-none-eabi/4.8.4/../../../../arm-none-eabi/lib/armv7-m\libm.a
LOAD c:/embedded/tools/gcc-arm/bin/../lib/gcc/arm-none-eabi/4.8.4/../../../../arm-none-eabi/lib/armv7-m\libnosys.a
END GROUP

.text           0x00000000    0x1afe8
 *(.isr_vector)
 .isr_vector    0x00000000       0xe4 ./Chip/Core/Source/Template/GCC/startup_LPC177x_8x.o
                0x00000000                __isr_vector
 *crti.o(.text*)
 .text          0x000000e4        0x0 c:/embedded/tools/gcc-arm/bin/../lib/gcc/arm-none-eabi/4.8.4/armv7-m/crti.o
 *crtbegin.o(.text*)
 .text          0x000000e4       0x54 c:/embedded/tools/gcc-arm/bin/../lib/gcc/arm-none-eabi/4.8.4/armv7-m/crtbegin.o
 *crt0.o(.text*)
 .text          0x00000138       0x74 c:/embedded/tools/gcc-arm/bin/../lib/gcc/arm-none-eabi/4.8.4/../../../../arm-none-eabi/lib/armv7-m/crt0.o
                0x00000138                _start
                0x00000138                _mainCRTStartup
                0x000001ac                . = DEFINED (__nxp_crp)?0x2fc:.
 *(.NXP.CRP)
 *(.text*)
 .text          0x000001ac        0x0 ./Framework/FNET/stack/fnet_arp.o
 .text.fnet_arp_init
                0x000001ac       0x90 ./Framework/FNET/stack/fnet_arp.o
                0x000001ac                fnet_arp_init
 .text.fnet_arp_release
                0x0000023c       0x2c ./Framework/FNET/stack/fnet_arp.o
                0x0000023c                fnet_arp_release
 .text.fnet_arp_timer
                0x00000268       0xa0 ./Framework/FNET/stack/fnet_arp.o
 .text.fnet_arp_add_entry
                0x00000308      0x1b0 ./Framework/FNET/stack/fnet_arp.o
 .text.fnet_arp_update_entry
                0x000004b8       0x88 ./Framework/FNET/stack/fnet_arp.o
 .text.fnet_arp_lookup
                0x00000540       0x80 ./Framework/FNET/stack/fnet_arp.o
                0x00000540                fnet_arp_lookup
 .text.fnet_arp_resolve
                0x000005c0       0xd0 ./Framework/FNET/stack/fnet_arp.o
                0x000005c0                fnet_arp_resolve
 .text.fnet_arp_input
                0x00000690      0x1b8 ./Framework/FNET/stack/fnet_arp.o
                0x00000690                fnet_arp_input
 .text.fnet_arp_request
                0x00000848       0xb8 ./Framework/FNET/stack/fnet_arp.o
                0x00000848                fnet_arp_request
 .text.fnet_arp_ip_duplicated
                0x00000900       0x14 ./Framework/FNET/stack/fnet_arp.o
 .text.fnet_arp_drain
                0x00000914       0x88 ./Framework/FNET/stack/fnet_arp.o
                0x00000914                fnet_arp_drain
 .text          0x0000099c        0x0 ./Framework/FNET/stack/fnet_checksum.o
 .text.fnet_checksum_low
                0x0000099c      0x194 ./Framework/FNET/stack/fnet_checksum.o
 .text.fnet_checksum_nb
                0x00000b30       0xc0 ./Framework/FNET/stack/fnet_checksum.o
 .text.fnet_checksum
                0x00000bf0       0x3c ./Framework/FNET/stack/fnet_checksum.o
                0x00000bf0                fnet_checksum
 .text.fnet_checksum_buf
                0x00000c2c       0x3c ./Framework/FNET/stack/fnet_checksum.o
                0x00000c2c                fnet_checksum_buf
 .text.fnet_checksum_pseudo_buf
                0x00000c68       0x74 ./Framework/FNET/stack/fnet_checksum.o
                0x00000c68                fnet_checksum_pseudo_buf
 .text.fnet_checksum_pseudo_start
                0x00000cdc       0x54 ./Framework/FNET/stack/fnet_checksum.o
                0x00000cdc                fnet_checksum_pseudo_start
 .text.fnet_checksum_pseudo_end
                0x00000d30       0x58 ./Framework/FNET/stack/fnet_checksum.o
                0x00000d30                fnet_checksum_pseudo_end
 .text          0x00000d88        0x0 ./Framework/FNET/stack/fnet_error.o
 .text.fnet_error_get
                0x00000d88       0x18 ./Framework/FNET/stack/fnet_error.o
                0x00000d88                fnet_error_get
 .text.fnet_error_set
                0x00000da0       0x1c ./Framework/FNET/stack/fnet_error.o
                0x00000da0                fnet_error_set
 .text          0x00000dbc        0x0 ./Framework/FNET/stack/fnet_eth.o
 .text.fnet_mac_to_str
                0x00000dbc       0x54 ./Framework/FNET/stack/fnet_eth.o
                0x00000dbc                fnet_mac_to_str
 .text.fnet_str_to_mac
                0x00000e10      0x124 ./Framework/FNET/stack/fnet_eth.o
                0x00000e10                fnet_str_to_mac
 .text.fnet_eth_prot_input
                0x00000f34       0x64 ./Framework/FNET/stack/fnet_eth.o
                0x00000f34                fnet_eth_prot_input
 .text.fnet_eth_init
                0x00000f98       0x54 ./Framework/FNET/stack/fnet_eth.o
                0x00000f98                fnet_eth_init
 .text.fnet_eth_release
                0x00000fec       0x30 ./Framework/FNET/stack/fnet_eth.o
                0x00000fec                fnet_eth_release
 .text.fnet_eth_drain
                0x0000101c       0x14 ./Framework/FNET/stack/fnet_eth.o
                0x0000101c                fnet_eth_drain
 .text.fnet_eth_change_addr_notify
                0x00001030       0x34 ./Framework/FNET/stack/fnet_eth.o
                0x00001030                fnet_eth_change_addr_notify
 .text.fnet_eth_timer
                0x00001064       0x40 ./Framework/FNET/stack/fnet_eth.o
 .text.fnet_eth_output_ip4
                0x000010a4       0xc0 ./Framework/FNET/stack/fnet_eth.o
                0x000010a4                fnet_eth_output_ip4
 .text          0x00001164        0x0 ./Framework/FNET/stack/fnet_icmp.o
 .text.fnet_icmp_input
                0x00001164      0x234 ./Framework/FNET/stack/fnet_icmp.o
 .text.fnet_icmp_output
                0x00001398       0x5c ./Framework/FNET/stack/fnet_icmp.o
 .text.fnet_icmp_error
                0x000013f4      0x254 ./Framework/FNET/stack/fnet_icmp.o
                0x000013f4                fnet_icmp_error
 .text          0x00001648        0x0 ./Framework/FNET/stack/fnet_icmp6.o
 .text          0x00001648        0x0 ./Framework/FNET/stack/fnet_igmp.o
 .text          0x00001648        0x0 ./Framework/FNET/stack/fnet_inet.o
 .text.fnet_inet_ntoa
                0x00001648       0x20 ./Framework/FNET/stack/fnet_inet.o
                0x00001648                fnet_inet_ntoa
 .text.fnet_inet_aton
                0x00001668       0x20 ./Framework/FNET/stack/fnet_inet.o
                0x00001668                fnet_inet_aton
 .text.fnet_inet_ntop
                0x00001688       0x30 ./Framework/FNET/stack/fnet_inet.o
                0x00001688                fnet_inet_ntop
 .text.fnet_inet_pton
                0x000016b8       0x3c ./Framework/FNET/stack/fnet_inet.o
                0x000016b8                fnet_inet_pton
 .text.fnet_inet_ptos
                0x000016f4       0x38 ./Framework/FNET/stack/fnet_inet.o
                0x000016f4                fnet_inet_ptos
 .text.fnet_inet_pton_ip4
                0x0000172c       0xdc ./Framework/FNET/stack/fnet_inet.o
 .text.fnet_inet_ntop_ip4
                0x00001808       0x74 ./Framework/FNET/stack/fnet_inet.o
 .text          0x0000187c        0x0 ./Framework/FNET/stack/fnet_ip.o
 .text.fnet_ip_init
                0x0000187c       0x3c ./Framework/FNET/stack/fnet_ip.o
                0x0000187c                fnet_ip_init
 .text.fnet_ip_release
                0x000018b8        0xc ./Framework/FNET/stack/fnet_ip.o
                0x000018b8                fnet_ip_release
 .text.fnet_ip_route
                0x000018c4       0x48 ./Framework/FNET/stack/fnet_ip.o
                0x000018c4                fnet_ip_route
 .text.fnet_ip_will_fragment
                0x0000190c       0x30 ./Framework/FNET/stack/fnet_ip.o
                0x0000190c                fnet_ip_will_fragment
 .text.fnet_ip_output
                0x0000193c      0x170 ./Framework/FNET/stack/fnet_ip.o
                0x0000193c                fnet_ip_output
 .text.fnet_ip_netif_output
                0x00001aac       0x84 ./Framework/FNET/stack/fnet_ip.o
 .text.fnet_ip_input
                0x00001b30       0x48 ./Framework/FNET/stack/fnet_ip.o
                0x00001b30                fnet_ip_input
 .text.fnet_ip_input_low
                0x00001b78      0x1a4 ./Framework/FNET/stack/fnet_ip.o
                0x00001b78                fnet_ip_input_low
 .text.fnet_ip_drain
                0x00001d1c       0x30 ./Framework/FNET/stack/fnet_ip.o
                0x00001d1c                fnet_ip_drain
 .text.fnet_ip_addr_is_broadcast
                0x00001d4c       0xa4 ./Framework/FNET/stack/fnet_ip.o
                0x00001d4c                fnet_ip_addr_is_broadcast
 .text.fnet_ip_maximum_packet
                0x00001df0       0x38 ./Framework/FNET/stack/fnet_ip.o
                0x00001df0                fnet_ip_maximum_packet
 .text.fnet_ip_setsockopt
                0x00001e28       0xa0 ./Framework/FNET/stack/fnet_ip.o
                0x00001e28                fnet_ip_setsockopt
 .text.fnet_ip_getsockopt
                0x00001ec8       0xbc ./Framework/FNET/stack/fnet_ip.o
                0x00001ec8                fnet_ip_getsockopt
 .text.fnet_ip_queue_append
                0x00001f84       0x74 ./Framework/FNET/stack/fnet_ip.o
                0x00001f84                fnet_ip_queue_append
 .text.fnet_ip_queue_read
                0x00001ff8       0x60 ./Framework/FNET/stack/fnet_ip.o
                0x00001ff8                fnet_ip_queue_read
 .text          0x00002058        0x0 ./Framework/FNET/stack/fnet_ip6.o
 .text          0x00002058        0x0 ./Framework/FNET/stack/fnet_isr.o
 .text.fnet_isr_handler
                0x00002058       0x8c ./Framework/FNET/stack/fnet_isr.o
                0x00002058                fnet_isr_handler
 .text.fnet_isr_vector_init
                0x000020e4       0x38 ./Framework/FNET/stack/fnet_isr.o
                0x000020e4                fnet_isr_vector_init
 .text.fnet_event_init
                0x0000211c       0x40 ./Framework/FNET/stack/fnet_isr.o
                0x0000211c                fnet_event_init
 .text.fnet_isr_register
                0x0000215c       0x70 ./Framework/FNET/stack/fnet_isr.o
 .text.fnet_isr_vector_release
                0x000021cc       0x84 ./Framework/FNET/stack/fnet_isr.o
                0x000021cc                fnet_isr_vector_release
 .text.fnet_isr_lock
                0x00002250       0x1c ./Framework/FNET/stack/fnet_isr.o
                0x00002250                fnet_isr_lock
 .text.fnet_isr_unlock
                0x0000226c       0x68 ./Framework/FNET/stack/fnet_isr.o
                0x0000226c                fnet_isr_unlock
 .text.fnet_event_raise
                0x000022d4       0x94 ./Framework/FNET/stack/fnet_isr.o
                0x000022d4                fnet_event_raise
 .text.fnet_isr_init
                0x00002368       0x20 ./Framework/FNET/stack/fnet_isr.o
                0x00002368                fnet_isr_init
 .text          0x00002388        0x0 ./Framework/FNET/stack/fnet_loop.o
 .text          0x00002388        0x0 ./Framework/FNET/stack/fnet_mempool.o
 .text.fnet_mempool_init
                0x00002388       0x88 ./Framework/FNET/stack/fnet_mempool.o
                0x00002388                fnet_mempool_init
 .text.fnet_mempool_release
                0x00002410       0x1c ./Framework/FNET/stack/fnet_mempool.o
                0x00002410                fnet_mempool_release
 .text.fnet_mempool_free
                0x0000242c       0xe4 ./Framework/FNET/stack/fnet_mempool.o
                0x0000242c                fnet_mempool_free
 .text.fnet_mempool_malloc
                0x00002510       0xec ./Framework/FNET/stack/fnet_mempool.o
                0x00002510                fnet_mempool_malloc
 .text.fnet_mempool_free_mem_status
                0x000025fc       0x64 ./Framework/FNET/stack/fnet_mempool.o
                0x000025fc                fnet_mempool_free_mem_status
 .text.fnet_mempool_malloc_max
                0x00002660       0x6c ./Framework/FNET/stack/fnet_mempool.o
                0x00002660                fnet_mempool_malloc_max
 .text          0x000026cc        0x0 ./Framework/FNET/stack/fnet_nd6.o
 .text          0x000026cc        0x0 ./Framework/FNET/stack/fnet_netbuf.o
 .text.fnet_netbuf_new
                0x000026cc       0xb4 ./Framework/FNET/stack/fnet_netbuf.o
                0x000026cc                fnet_netbuf_new
 .text.fnet_netbuf_copy
                0x00002780      0x200 ./Framework/FNET/stack/fnet_netbuf.o
                0x00002780                fnet_netbuf_copy
 .text.fnet_netbuf_from_buf
                0x00002980       0x38 ./Framework/FNET/stack/fnet_netbuf.o
                0x00002980                fnet_netbuf_from_buf
 .text.fnet_netbuf_to_buf
                0x000029b8       0xfc ./Framework/FNET/stack/fnet_netbuf.o
                0x000029b8                fnet_netbuf_to_buf
 .text.fnet_netbuf_free
                0x00002ab4       0x4c ./Framework/FNET/stack/fnet_netbuf.o
                0x00002ab4                fnet_netbuf_free
 .text.fnet_netbuf_free_chain
                0x00002b00       0x4c ./Framework/FNET/stack/fnet_netbuf.o
                0x00002b00                fnet_netbuf_free_chain
 .text.fnet_netbuf_pullup
                0x00002b4c      0x170 ./Framework/FNET/stack/fnet_netbuf.o
                0x00002b4c                fnet_netbuf_pullup
 .text.fnet_netbuf_trim
                0x00002cbc      0x138 ./Framework/FNET/stack/fnet_netbuf.o
                0x00002cbc                fnet_netbuf_trim
 .text.fnet_netbuf_cut_center
                0x00002df4      0x224 ./Framework/FNET/stack/fnet_netbuf.o
                0x00002df4                fnet_netbuf_cut_center
 .text.fnet_netbuf_concat
                0x00003018       0x64 ./Framework/FNET/stack/fnet_netbuf.o
                0x00003018                fnet_netbuf_concat
 .text.fnet_netbuf_add_chain
                0x0000307c       0x40 ./Framework/FNET/stack/fnet_netbuf.o
                0x0000307c                fnet_netbuf_add_chain
 .text.fnet_netbuf_del_chain
                0x000030bc       0x70 ./Framework/FNET/stack/fnet_netbuf.o
                0x000030bc                fnet_netbuf_del_chain
 .text.fnet_heap_init
                0x0000312c       0x3c ./Framework/FNET/stack/fnet_netbuf.o
                0x0000312c                fnet_heap_init
 .text.fnet_free_netbuf
                0x00003168       0x20 ./Framework/FNET/stack/fnet_netbuf.o
                0x00003168                fnet_free_netbuf
 .text.fnet_malloc_netbuf
                0x00003188       0x24 ./Framework/FNET/stack/fnet_netbuf.o
                0x00003188                fnet_malloc_netbuf
 .text.fnet_free_mem_status_netbuf
                0x000031ac       0x18 ./Framework/FNET/stack/fnet_netbuf.o
                0x000031ac                fnet_free_mem_status_netbuf
 .text.fnet_malloc_max_netbuf
                0x000031c4       0x18 ./Framework/FNET/stack/fnet_netbuf.o
                0x000031c4                fnet_malloc_max_netbuf
 .text.fnet_mem_release_netbuf
                0x000031dc       0x14 ./Framework/FNET/stack/fnet_netbuf.o
                0x000031dc                fnet_mem_release_netbuf
 .text.fnet_free
                0x000031f0       0x20 ./Framework/FNET/stack/fnet_netbuf.o
                0x000031f0                fnet_free
 .text.fnet_malloc
                0x00003210       0x24 ./Framework/FNET/stack/fnet_netbuf.o
                0x00003210                fnet_malloc
 .text.fnet_free_mem_status
                0x00003234       0x18 ./Framework/FNET/stack/fnet_netbuf.o
                0x00003234                fnet_free_mem_status
 .text.fnet_malloc_max
                0x0000324c       0x18 ./Framework/FNET/stack/fnet_netbuf.o
                0x0000324c                fnet_malloc_max
 .text.fnet_mem_release
                0x00003264       0x14 ./Framework/FNET/stack/fnet_netbuf.o
                0x00003264                fnet_mem_release
 .text          0x00003278        0x0 ./Framework/FNET/stack/fnet_netif.o
 .text.fnet_netif_init_all
                0x00003278       0x90 ./Framework/FNET/stack/fnet_netif.o
                0x00003278                fnet_netif_init_all
 .text.fnet_netif_release_all
                0x00003308       0x44 ./Framework/FNET/stack/fnet_netif.o
                0x00003308                fnet_netif_release_all
 .text.fnet_netif_drain
                0x0000334c       0x40 ./Framework/FNET/stack/fnet_netif.o
                0x0000334c                fnet_netif_drain
 .text.fnet_netif_get_by_name
                0x0000338c       0x50 ./Framework/FNET/stack/fnet_netif.o
                0x0000338c                fnet_netif_get_by_name
 .text.fnet_netif_get_by_number
                0x000033dc       0x44 ./Framework/FNET/stack/fnet_netif.o
                0x000033dc                fnet_netif_get_by_number
 .text.fnet_netif_get_by_ip4_addr
                0x00003420       0x44 ./Framework/FNET/stack/fnet_netif.o
                0x00003420                fnet_netif_get_by_ip4_addr
 .text.fnet_netif_get_by_sockaddr
                0x00003464       0x34 ./Framework/FNET/stack/fnet_netif.o
                0x00003464                fnet_netif_get_by_sockaddr
 .text.fnet_netif_init
                0x00003498      0x104 ./Framework/FNET/stack/fnet_netif.o
                0x00003498                fnet_netif_init
 .text.fnet_netif_release
                0x0000359c       0x5c ./Framework/FNET/stack/fnet_netif.o
                0x0000359c                fnet_netif_release
 .text.fnet_netif_set_default
                0x000035f8       0x24 ./Framework/FNET/stack/fnet_netif.o
                0x000035f8                fnet_netif_set_default
 .text.fnet_netif_set_ip4_addr
                0x0000361c       0xe4 ./Framework/FNET/stack/fnet_netif.o
                0x0000361c                fnet_netif_set_ip4_addr
 .text.fnet_netif_set_ip4_subnet_mask
                0x00003700       0x48 ./Framework/FNET/stack/fnet_netif.o
                0x00003700                fnet_netif_set_ip4_subnet_mask
 .text.fnet_netif_set_ip4_gateway
                0x00003748       0x2c ./Framework/FNET/stack/fnet_netif.o
                0x00003748                fnet_netif_set_ip4_gateway
 .text.fnet_netif_get_default
                0x00003774       0x18 ./Framework/FNET/stack/fnet_netif.o
                0x00003774                fnet_netif_get_default
 .text.fnet_netif_get_ip4_addr
                0x0000378c       0x28 ./Framework/FNET/stack/fnet_netif.o
                0x0000378c                fnet_netif_get_ip4_addr
 .text.fnet_netif_get_ip4_subnet_mask
                0x000037b4       0x28 ./Framework/FNET/stack/fnet_netif.o
                0x000037b4                fnet_netif_get_ip4_subnet_mask
 .text.fnet_netif_get_ip4_gateway
                0x000037dc       0x28 ./Framework/FNET/stack/fnet_netif.o
                0x000037dc                fnet_netif_get_ip4_gateway
 .text.fnet_netif_get_name
                0x00003804       0x30 ./Framework/FNET/stack/fnet_netif.o
                0x00003804                fnet_netif_get_name
 .text.fnet_netif_get_ip4_addr_automatic
                0x00003834       0x28 ./Framework/FNET/stack/fnet_netif.o
                0x00003834                fnet_netif_get_ip4_addr_automatic
 .text.fnet_netif_set_ip4_addr_automatic
                0x0000385c       0x24 ./Framework/FNET/stack/fnet_netif.o
                0x0000385c                fnet_netif_set_ip4_addr_automatic
 .text.fnet_netif_get_hw_addr
                0x00003880       0x60 ./Framework/FNET/stack/fnet_netif.o
                0x00003880                fnet_netif_get_hw_addr
 .text.fnet_netif_set_hw_addr
                0x000038e0       0x5c ./Framework/FNET/stack/fnet_netif.o
                0x000038e0                fnet_netif_set_hw_addr
 .text.fnet_netif_type
                0x0000393c       0x30 ./Framework/FNET/stack/fnet_netif.o
                0x0000393c                fnet_netif_type
 .text.fnet_netif_connected
                0x0000396c       0x38 ./Framework/FNET/stack/fnet_netif.o
                0x0000396c                fnet_netif_connected
 .text.fnet_netif_get_statistics
                0x000039a4       0x44 ./Framework/FNET/stack/fnet_netif.o
                0x000039a4                fnet_netif_get_statistics
 .text.fnet_netif_dupip_handler_init
                0x000039e8       0x1c ./Framework/FNET/stack/fnet_netif.o
                0x000039e8                fnet_netif_dupip_handler_init
 .text.fnet_netif_dupip_handler_signal
                0x00003a04       0x24 ./Framework/FNET/stack/fnet_netif.o
                0x00003a04                fnet_netif_dupip_handler_signal
 .text.fnet_netif_assign_scope_id
                0x00003a28       0x58 ./Framework/FNET/stack/fnet_netif.o
 .text.fnet_netif_get_scope_id
                0x00003a80       0x2c ./Framework/FNET/stack/fnet_netif.o
                0x00003a80                fnet_netif_get_scope_id
 .text.fnet_netif_get_by_scope_id
                0x00003aac       0x44 ./Framework/FNET/stack/fnet_netif.o
                0x00003aac                fnet_netif_get_by_scope_id
 .text          0x00003af0        0x0 ./Framework/FNET/stack/fnet_prot.o
 .text.fnet_prot_init
                0x00003af0       0x7c ./Framework/FNET/stack/fnet_prot.o
                0x00003af0                fnet_prot_init
 .text.fnet_prot_release
                0x00003b6c       0x48 ./Framework/FNET/stack/fnet_prot.o
                0x00003b6c                fnet_prot_release
 .text.fnet_prot_find
                0x00003bb4       0x9c ./Framework/FNET/stack/fnet_prot.o
                0x00003bb4                fnet_prot_find
 .text.fnet_prot_drain
                0x00003c50       0x44 ./Framework/FNET/stack/fnet_prot.o
                0x00003c50                fnet_prot_drain
 .text          0x00003c94        0x0 ./Framework/FNET/stack/fnet_raw.o
 .text.fnet_raw_release
                0x00003c94       0x20 ./Framework/FNET/stack/fnet_raw.o
 .text.fnet_raw_output
                0x00003cb4       0x6c ./Framework/FNET/stack/fnet_raw.o
 .text.fnet_raw_input_ip4
                0x00003d20       0x68 ./Framework/FNET/stack/fnet_raw.o
                0x00003d20                fnet_raw_input_ip4
 .text.fnet_raw_input
                0x00003d88      0x1a0 ./Framework/FNET/stack/fnet_raw.o
 .text.fnet_raw_attach
                0x00003f28       0x38 ./Framework/FNET/stack/fnet_raw.o
 .text.fnet_raw_detach
                0x00003f60       0x28 ./Framework/FNET/stack/fnet_raw.o
 .text.fnet_raw_shutdown
                0x00003f88       0x48 ./Framework/FNET/stack/fnet_raw.o
 .text.fnet_raw_connect
                0x00003fd0       0x48 ./Framework/FNET/stack/fnet_raw.o
 .text.fnet_raw_snd
                0x00004018       0xcc ./Framework/FNET/stack/fnet_raw.o
 .text.fnet_raw_rcv
                0x000040e4       0x94 ./Framework/FNET/stack/fnet_raw.o
 .text          0x00004178        0x0 ./Framework/FNET/stack/fnet_socket.o
 .text.fnet_socket_init
                0x00004178       0x14 ./Framework/FNET/stack/fnet_socket.o
                0x00004178                fnet_socket_init
 .text.fnet_socket_set_error
                0x0000418c       0x38 ./Framework/FNET/stack/fnet_socket.o
                0x0000418c                fnet_socket_set_error
 .text.fnet_socket_list_add
                0x000041c4       0x3c ./Framework/FNET/stack/fnet_socket.o
                0x000041c4                fnet_socket_list_add
 .text.fnet_socket_list_del
                0x00004200       0x48 ./Framework/FNET/stack/fnet_socket.o
                0x00004200                fnet_socket_list_del
 .text.fnet_socket_desc_alloc
                0x00004248       0x54 ./Framework/FNET/stack/fnet_socket.o
 .text.fnet_socket_desc_set
                0x0000429c       0x28 ./Framework/FNET/stack/fnet_socket.o
 .text.fnet_socket_desc_free
                0x000042c4       0x20 ./Framework/FNET/stack/fnet_socket.o
 .text.fnet_socket_desc_find
                0x000042e4       0x48 ./Framework/FNET/stack/fnet_socket.o
 .text.fnet_socket_release
                0x0000432c       0x3c ./Framework/FNET/stack/fnet_socket.o
                0x0000432c                fnet_socket_release
 .text.fnet_socket_conflict
                0x00004368       0xa0 ./Framework/FNET/stack/fnet_socket.o
                0x00004368                fnet_socket_conflict
 .text.fnet_socket_lookup
                0x00004408      0x10c ./Framework/FNET/stack/fnet_socket.o
                0x00004408                fnet_socket_lookup
 .text.fnet_socket_get_uniqueport
                0x00004514       0x78 ./Framework/FNET/stack/fnet_socket.o
                0x00004514                fnet_socket_get_uniqueport
 .text.fnet_socket_copy
                0x0000458c       0x88 ./Framework/FNET/stack/fnet_socket.o
                0x0000458c                fnet_socket_copy
 .text.socket   0x00004614      0x104 ./Framework/FNET/stack/fnet_socket.o
                0x00004614                socket
 .text.connect  0x00004718      0x18c ./Framework/FNET/stack/fnet_socket.o
                0x00004718                connect
 .text.bind     0x000048a4      0x130 ./Framework/FNET/stack/fnet_socket.o
                0x000048a4                bind
 .text.closesocket
                0x000049d4       0x60 ./Framework/FNET/stack/fnet_socket.o
                0x000049d4                closesocket
 .text.shutdown
                0x00004a34       0x60 ./Framework/FNET/stack/fnet_socket.o
                0x00004a34                shutdown
 .text.listen   0x00004a94       0x98 ./Framework/FNET/stack/fnet_socket.o
                0x00004a94                listen
 .text.accept   0x00004b2c       0xfc ./Framework/FNET/stack/fnet_socket.o
                0x00004b2c                accept
 .text.send     0x00004c28       0x2c ./Framework/FNET/stack/fnet_socket.o
                0x00004c28                send
 .text.sendto   0x00004c54       0xdc ./Framework/FNET/stack/fnet_socket.o
                0x00004c54                sendto
 .text.recv     0x00004d30       0x2c ./Framework/FNET/stack/fnet_socket.o
                0x00004d30                recv
 .text.recvfrom
                0x00004d5c       0xe0 ./Framework/FNET/stack/fnet_socket.o
                0x00004d5c                recvfrom
 .text.getsockname
                0x00004e3c       0x90 ./Framework/FNET/stack/fnet_socket.o
                0x00004e3c                getsockname
 .text.getpeername
                0x00004ecc       0x8c ./Framework/FNET/stack/fnet_socket.o
                0x00004ecc                getpeername
 .text.setsockopt
                0x00004f58      0x17c ./Framework/FNET/stack/fnet_socket.o
                0x00004f58                setsockopt
 .text.getsockopt
                0x000050d4      0x288 ./Framework/FNET/stack/fnet_socket.o
                0x000050d4                getsockopt
 .text.fnet_socket_buffer_release
                0x0000535c       0x50 ./Framework/FNET/stack/fnet_socket.o
                0x0000535c                fnet_socket_buffer_release
 .text.fnet_socket_buffer_append_record
                0x000053ac       0x58 ./Framework/FNET/stack/fnet_socket.o
                0x000053ac                fnet_socket_buffer_append_record
 .text.fnet_socket_buffer_append_address
                0x00005404       0x84 ./Framework/FNET/stack/fnet_socket.o
                0x00005404                fnet_socket_buffer_append_address
 .text.fnet_socket_buffer_read_record
                0x00005488       0x70 ./Framework/FNET/stack/fnet_socket.o
                0x00005488                fnet_socket_buffer_read_record
 .text.fnet_socket_buffer_read_address
                0x000054f8       0xa8 ./Framework/FNET/stack/fnet_socket.o
                0x000054f8                fnet_socket_buffer_read_address
 .text.fnet_socket_addr_check_len
                0x000055a0       0x4c ./Framework/FNET/stack/fnet_socket.o
 .text.fnet_socket_addr_is_multicast
                0x000055ec       0x40 ./Framework/FNET/stack/fnet_socket.o
                0x000055ec                fnet_socket_addr_is_multicast
 .text.fnet_socket_addr_is_broadcast
                0x0000562c       0x38 ./Framework/FNET/stack/fnet_socket.o
                0x0000562c                fnet_socket_addr_is_broadcast
 .text.fnet_socket_addr_is_unspecified
                0x00005664       0x3c ./Framework/FNET/stack/fnet_socket.o
                0x00005664                fnet_socket_addr_is_unspecified
 .text.fnet_socket_addr_are_equal
                0x000056a0       0x54 ./Framework/FNET/stack/fnet_socket.o
                0x000056a0                fnet_socket_addr_are_equal
 .text.fnet_socket_ip_addr_copy
                0x000056f4       0x40 ./Framework/FNET/stack/fnet_socket.o
                0x000056f4                fnet_socket_ip_addr_copy
 .text.fnet_socket_addr_copy
                0x00005734       0x34 ./Framework/FNET/stack/fnet_socket.o
                0x00005734                fnet_socket_addr_copy
 .text.fnet_socket_addr_route
                0x00005768       0x34 ./Framework/FNET/stack/fnet_socket.o
                0x00005768                fnet_socket_addr_route
 .text          0x0000579c        0x0 ./Framework/FNET/stack/fnet_stack.o
 .text.fnet_init
                0x0000579c       0x54 ./Framework/FNET/stack/fnet_stack.o
                0x0000579c                fnet_init
 .text.fnet_init_static
                0x000057f0       0x28 ./Framework/FNET/stack/fnet_stack.o
                0x000057f0                fnet_init_static
 .text.fnet_release
                0x00005818       0x1c ./Framework/FNET/stack/fnet_stack.o
                0x00005818                fnet_release
 .text.fnet_stack_init
                0x00005834       0x48 ./Framework/FNET/stack/fnet_stack.o
 .text.fnet_stack_release
                0x0000587c       0x18 ./Framework/FNET/stack/fnet_stack.o
 .text          0x00005894        0x0 ./Framework/FNET/stack/fnet_stdlib.o
 .text.fnet_memcpy
                0x00005894      0x33c ./Framework/FNET/stack/fnet_stdlib.o
                0x00005894                fnet_memcpy
 .text.fnet_memset
                0x00005bd0       0x3c ./Framework/FNET/stack/fnet_stdlib.o
                0x00005bd0                fnet_memset
 .text.fnet_memset_zero
                0x00005c0c       0x1c ./Framework/FNET/stack/fnet_stdlib.o
                0x00005c0c                fnet_memset_zero
 .text.fnet_memcmp
                0x00005c28       0x50 ./Framework/FNET/stack/fnet_stdlib.o
                0x00005c28                fnet_memcmp
 .text.fnet_strcmp
                0x00005c78       0x54 ./Framework/FNET/stack/fnet_stdlib.o
                0x00005c78                fnet_strcmp
 .text.fnet_strlen
                0x00005ccc       0x3c ./Framework/FNET/stack/fnet_stdlib.o
                0x00005ccc                fnet_strlen
 .text.fnet_strcat
                0x00005d08       0x50 ./Framework/FNET/stack/fnet_stdlib.o
                0x00005d08                fnet_strcat
 .text.fnet_strncat
                0x00005d58       0x68 ./Framework/FNET/stack/fnet_stdlib.o
                0x00005d58                fnet_strncat
 .text.fnet_strcpy
                0x00005dc0       0x48 ./Framework/FNET/stack/fnet_stdlib.o
                0x00005dc0                fnet_strcpy
 .text.fnet_strncpy
                0x00005e08       0x5c ./Framework/FNET/stack/fnet_stdlib.o
                0x00005e08                fnet_strncpy
 .text.fnet_strrchr
                0x00005e64       0x6c ./Framework/FNET/stack/fnet_stdlib.o
                0x00005e64                fnet_strrchr
 .text.fnet_strchr
                0x00005ed0       0x60 ./Framework/FNET/stack/fnet_stdlib.o
                0x00005ed0                fnet_strchr
 .text.fnet_strstr
                0x00005f30       0x98 ./Framework/FNET/stack/fnet_stdlib.o
                0x00005f30                fnet_strstr
 .text.fnet_strncmp
                0x00005fc8       0x64 ./Framework/FNET/stack/fnet_stdlib.o
                0x00005fc8                fnet_strncmp
 .text.fnet_strtoul
                0x0000602c      0x1a0 ./Framework/FNET/stack/fnet_stdlib.o
                0x0000602c                fnet_strtoul
 .text.fnet_tolower
                0x000061cc       0x34 ./Framework/FNET/stack/fnet_stdlib.o
 .text.fnet_strcasecmp
                0x00006200       0x6c ./Framework/FNET/stack/fnet_stdlib.o
                0x00006200                fnet_strcasecmp
 .text.fnet_strcmp_splitter
                0x0000626c       0xa8 ./Framework/FNET/stack/fnet_stdlib.o
                0x0000626c                fnet_strcmp_splitter
 .text.fnet_strtok_r
                0x00006314       0xbc ./Framework/FNET/stack/fnet_stdlib.o
                0x00006314                fnet_strtok_r
 .text          0x000063d0        0x0 ./Framework/FNET/stack/fnet_tcp.o
 .text.fnet_tcp_init
                0x000063d0       0x68 ./Framework/FNET/stack/fnet_tcp.o
 .text.fnet_tcp_release
                0x00006438       0x6c ./Framework/FNET/stack/fnet_tcp.o
 .text.fnet_tcp_input_ip4
                0x000064a4       0x5c ./Framework/FNET/stack/fnet_tcp.o
 .text.fnet_tcp_input
                0x00006500      0x148 ./Framework/FNET/stack/fnet_tcp.o
 .text.fnet_tcp_ctrlinput
                0x00006648       0xfc ./Framework/FNET/stack/fnet_tcp.o
 .text.fnet_tcp_attach
                0x00006744       0x88 ./Framework/FNET/stack/fnet_tcp.o
 .text.fnet_tcp_close
                0x000067cc      0x144 ./Framework/FNET/stack/fnet_tcp.o
 .text.fnet_tcp_connect
                0x00006910       0xf0 ./Framework/FNET/stack/fnet_tcp.o
 .text.fnet_tcp_accept
                0x00006a00       0x5c ./Framework/FNET/stack/fnet_tcp.o
 .text.fnet_tcp_rcv
                0x00006a5c      0x194 ./Framework/FNET/stack/fnet_tcp.o
 .text.fnet_tcp_snd
                0x00006bf0      0x270 ./Framework/FNET/stack/fnet_tcp.o
 .text.fnet_tcp_shutdown
                0x00006e60       0x74 ./Framework/FNET/stack/fnet_tcp.o
 .text.fnet_tcp_setsockopt
                0x00006ed4      0x134 ./Framework/FNET/stack/fnet_tcp.o
 .text.fnet_tcp_getsockopt
                0x00007008      0x114 ./Framework/FNET/stack/fnet_tcp.o
 .text.fnet_tcp_listen
                0x0000711c       0xa0 ./Framework/FNET/stack/fnet_tcp.o
 .text.fnet_tcp_drain
                0x000071bc       0x70 ./Framework/FNET/stack/fnet_tcp.o
 .text.fnet_tcp_initconnection
                0x0000722c       0xf4 ./Framework/FNET/stack/fnet_tcp.o
 .text.fnet_tcp_inputsk
                0x00007320      0x844 ./Framework/FNET/stack/fnet_tcp.o
 .text.fnet_tcp_dataprocess
                0x00007b64      0x478 ./Framework/FNET/stack/fnet_tcp.o
 .text.fnet_tcp_addinpbuf
                0x00007fdc      0x414 ./Framework/FNET/stack/fnet_tcp.o
 .text.fnet_tcp_sendanydata
                0x000083f0      0x294 ./Framework/FNET/stack/fnet_tcp.o
 .text.fnet_tcp_urgprocessing
                0x00008684      0x19c ./Framework/FNET/stack/fnet_tcp.o
 .text.fnet_tcp_finprocessing
                0x00008820       0x7c ./Framework/FNET/stack/fnet_tcp.o
 .text.fnet_tcp_getrcvwnd
                0x0000889c       0x70 ./Framework/FNET/stack/fnet_tcp.o
 .text.fnet_tcp_slowtimo
                0x0000890c       0x84 ./Framework/FNET/stack/fnet_tcp.o
 .text.fnet_tcp_fasttimo
                0x00008990       0x50 ./Framework/FNET/stack/fnet_tcp.o
 .text.fnet_tcp_slowtimosk
                0x000089e0      0x170 ./Framework/FNET/stack/fnet_tcp.o
 .text.fnet_tcp_fasttimosk
                0x00008b50       0x54 ./Framework/FNET/stack/fnet_tcp.o
 .text.fnet_tcp_rtimeo
                0x00008ba4      0x174 ./Framework/FNET/stack/fnet_tcp.o
 .text.fnet_tcp_ktimeo
                0x00008d18       0xc8 ./Framework/FNET/stack/fnet_tcp.o
 .text.fnet_tcp_ptimeo
                0x00008de0       0x9c ./Framework/FNET/stack/fnet_tcp.o
 .text.fnet_tcp_sendseg
                0x00008e7c      0x1c8 ./Framework/FNET/stack/fnet_tcp.o
 .text.fnet_tcp_sendheadseg
                0x00009044      0x1c0 ./Framework/FNET/stack/fnet_tcp.o
 .text.fnet_tcp_senddataseg
                0x00009204      0x284 ./Framework/FNET/stack/fnet_tcp.o
 .text.fnet_tcp_sendack
                0x00009488       0xb4 ./Framework/FNET/stack/fnet_tcp.o
 .text.fnet_tcp_sendrst
                0x0000953c       0xd8 ./Framework/FNET/stack/fnet_tcp.o
 .text.fnet_tcp_sendrstsk
                0x00009614       0xa4 ./Framework/FNET/stack/fnet_tcp.o
 .text.fnet_tcp_abortsk
                0x000096b8       0x4c ./Framework/FNET/stack/fnet_tcp.o
 .text.fnet_tcp_addopt
                0x00009704       0xbc ./Framework/FNET/stack/fnet_tcp.o
 .text.fnet_tcp_getopt
                0x000097c0      0x120 ./Framework/FNET/stack/fnet_tcp.o
 .text.fnet_tcp_setsynopt
                0x000098e0       0xa8 ./Framework/FNET/stack/fnet_tcp.o
 .text.fnet_tcp_getsynopt
                0x00009988       0x4c ./Framework/FNET/stack/fnet_tcp.o
 .text.fnet_tcp_findsk
                0x000099d4      0x140 ./Framework/FNET/stack/fnet_tcp.o
 .text.fnet_tcp_addpartialsk
                0x00009b14       0x2c ./Framework/FNET/stack/fnet_tcp.o
 .text.fnet_tcp_movesk2incominglist
                0x00009b40       0x40 ./Framework/FNET/stack/fnet_tcp.o
 .text.fnet_tcp_closesk
                0x00009b80       0x74 ./Framework/FNET/stack/fnet_tcp.o
 .text.fnet_tcp_delpartialsk
                0x00009bf4       0x28 ./Framework/FNET/stack/fnet_tcp.o
 .text.fnet_tcp_delincomingsk
                0x00009c1c       0x28 ./Framework/FNET/stack/fnet_tcp.o
 .text.fnet_tcp_delcb
                0x00009c44       0x24 ./Framework/FNET/stack/fnet_tcp.o
 .text.fnet_tcp_deletetmpbuf
                0x00009c68       0x38 ./Framework/FNET/stack/fnet_tcp.o
 .text.fnet_tcp_delsk
                0x00009ca0       0x24 ./Framework/FNET/stack/fnet_tcp.o
 .text.fnet_tcp_hit
                0x00009cc4       0x4c ./Framework/FNET/stack/fnet_tcp.o
 .text.fnet_tcp_getsize
                0x00009d10       0x34 ./Framework/FNET/stack/fnet_tcp.o
 .text          0x00009d44        0x0 ./Framework/FNET/stack/fnet_timer.o
 .text.fnet_timer_init
                0x00009d44       0x24 ./Framework/FNET/stack/fnet_timer.o
                0x00009d44                fnet_timer_init
 .text.fnet_timer_release
                0x00009d68       0x38 ./Framework/FNET/stack/fnet_timer.o
                0x00009d68                fnet_timer_release
 .text.fnet_timer_ticks
                0x00009da0       0x18 ./Framework/FNET/stack/fnet_timer.o
                0x00009da0                fnet_timer_ticks
 .text.fnet_timer_seconds
                0x00009db8       0x24 ./Framework/FNET/stack/fnet_timer.o
                0x00009db8                fnet_timer_seconds
 .text.fnet_timer_ms
                0x00009ddc       0x1c ./Framework/FNET/stack/fnet_timer.o
                0x00009ddc                fnet_timer_ms
 .text.fnet_timer_ticks_inc
                0x00009df8       0x1c ./Framework/FNET/stack/fnet_timer.o
                0x00009df8                fnet_timer_ticks_inc
 .text.fnet_timer_handler_bottom
                0x00009e14       0x60 ./Framework/FNET/stack/fnet_timer.o
                0x00009e14                fnet_timer_handler_bottom
 .text.fnet_timer_new
                0x00009e74       0x60 ./Framework/FNET/stack/fnet_timer.o
                0x00009e74                fnet_timer_new
 .text.fnet_timer_free
                0x00009ed4       0x58 ./Framework/FNET/stack/fnet_timer.o
                0x00009ed4                fnet_timer_free
 .text.fnet_timer_reset_all
                0x00009f2c       0x34 ./Framework/FNET/stack/fnet_timer.o
                0x00009f2c                fnet_timer_reset_all
 .text.fnet_timer_get_interval
                0x00009f60       0x2c ./Framework/FNET/stack/fnet_timer.o
                0x00009f60                fnet_timer_get_interval
 .text.fnet_timer_delay
                0x00009f8c       0x30 ./Framework/FNET/stack/fnet_timer.o
                0x00009f8c                fnet_timer_delay
 .text.fnet_timer_ms2ticks
                0x00009fbc       0x24 ./Framework/FNET/stack/fnet_timer.o
                0x00009fbc                fnet_timer_ms2ticks
 .text          0x00009fe0        0x0 ./Framework/FNET/stack/fnet_udp.o
 .text.fnet_udp_release
                0x00009fe0       0x20 ./Framework/FNET/stack/fnet_udp.o
 .text.fnet_udp_output
                0x0000a000       0xe4 ./Framework/FNET/stack/fnet_udp.o
 .text.fnet_udp_input_ip4
                0x0000a0e4       0x5c ./Framework/FNET/stack/fnet_udp.o
 .text.fnet_udp_input
                0x0000a140      0x270 ./Framework/FNET/stack/fnet_udp.o
 .text.fnet_udp_attach
                0x0000a3b0       0x38 ./Framework/FNET/stack/fnet_udp.o
 .text.fnet_udp_detach
                0x0000a3e8       0x28 ./Framework/FNET/stack/fnet_udp.o
 .text.fnet_udp_shutdown
                0x0000a410       0x48 ./Framework/FNET/stack/fnet_udp.o
 .text.fnet_udp_connect
                0x0000a458       0x38 ./Framework/FNET/stack/fnet_udp.o
 .text.fnet_udp_snd
                0x0000a490       0xfc ./Framework/FNET/stack/fnet_udp.o
 .text.fnet_udp_rcv
                0x0000a58c       0xa4 ./Framework/FNET/stack/fnet_udp.o
 .text.fnet_udp_control_input
                0x0000a630       0xf8 ./Framework/FNET/stack/fnet_udp.o
 .text          0x0000a728        0x0 ./Framework/FNET/services/tftp/fnet_tftp_cln.o
 .text          0x0000a728        0x0 ./Framework/FNET/services/tftp/fnet_tftp_srv.o
 .text          0x0000a728        0x0 ./Framework/FNET/services/telnet/fnet_telnet.o
 .text.tx_buffer_write
                0x0000a728       0x2c ./Framework/FNET/services/telnet/fnet_telnet.o
 .text.tx_buffer_free_space
                0x0000a754       0x1c ./Framework/FNET/services/telnet/fnet_telnet.o
 .text.rx_buffer_write
                0x0000a770       0x40 ./Framework/FNET/services/telnet/fnet_telnet.o
 .text.rx_buffer_read
                0x0000a7b0       0x40 ./Framework/FNET/services/telnet/fnet_telnet.o
 .text.rx_buffer_free_space
                0x0000a7f0       0x34 ./Framework/FNET/services/telnet/fnet_telnet.o
 .text.fnet_telnet_putchar
                0x0000a824       0x3c ./Framework/FNET/services/telnet/fnet_telnet.o
 .text.fnet_telnet_getchar
                0x0000a860       0x30 ./Framework/FNET/services/telnet/fnet_telnet.o
 .text.fnet_telnet_flush
                0x0000a890       0x18 ./Framework/FNET/services/telnet/fnet_telnet.o
 .text.fnet_telnet_send
                0x0000a8a8       0x88 ./Framework/FNET/services/telnet/fnet_telnet.o
 .text.fnet_telnet_send_cmd
                0x0000a930       0x40 ./Framework/FNET/services/telnet/fnet_telnet.o
 .text.fnet_telnet_state_machine
                0x0000a970      0x2c8 ./Framework/FNET/services/telnet/fnet_telnet.o
 .text.fnet_telnet_init
                0x0000ac38      0x2a4 ./Framework/FNET/services/telnet/fnet_telnet.o
                0x0000ac38                fnet_telnet_init
 .text.fnet_telnet_release
                0x0000aedc       0x90 ./Framework/FNET/services/telnet/fnet_telnet.o
                0x0000aedc                fnet_telnet_release
 .text.fnet_telnet_close_session
                0x0000af6c       0x34 ./Framework/FNET/services/telnet/fnet_telnet.o
                0x0000af6c                fnet_telnet_close_session
 .text.fnet_telnet_enabled
                0x0000afa0       0x2c ./Framework/FNET/services/telnet/fnet_telnet.o
                0x0000afa0                fnet_telnet_enabled
 .text          0x0000afcc        0x0 ./Framework/FNET/services/shell/fnet_shell.o
 .text.fnet_shell_echo
                0x0000afcc       0x24 ./Framework/FNET/services/shell/fnet_shell.o
 .text.fnet_shell_state_machine
                0x0000aff0      0x340 ./Framework/FNET/services/shell/fnet_shell.o
 .text.fnet_shell_init
                0x0000b330      0x100 ./Framework/FNET/services/shell/fnet_shell.o
                0x0000b330                fnet_shell_init
 .text.fnet_shell_release
                0x0000b430       0x30 ./Framework/FNET/services/shell/fnet_shell.o
                0x0000b430                fnet_shell_release
 .text.fnet_shell_esc_clear
                0x0000b460       0x58 ./Framework/FNET/services/shell/fnet_shell.o
 .text.fnet_shell_make_argv
                0x0000b4b8      0x124 ./Framework/FNET/services/shell/fnet_shell.o
 .text.fnet_shell_printf
                0x0000b5dc       0x48 ./Framework/FNET/services/shell/fnet_shell.o
                0x0000b5dc                fnet_shell_printf
 .text.fnet_shell_println
                0x0000b624       0x5c ./Framework/FNET/services/shell/fnet_shell.o
                0x0000b624                fnet_shell_println
 .text.fnet_shell_putchar
                0x0000b680       0x30 ./Framework/FNET/services/shell/fnet_shell.o
                0x0000b680                fnet_shell_putchar
 .text.fnet_shell_getchar
                0x0000b6b0       0x30 ./Framework/FNET/services/shell/fnet_shell.o
                0x0000b6b0                fnet_shell_getchar
 .text.fnet_shell_script
                0x0000b6e0       0x44 ./Framework/FNET/services/shell/fnet_shell.o
                0x0000b6e0                fnet_shell_script
 .text.fnet_shell_script_release
                0x0000b724       0x28 ./Framework/FNET/services/shell/fnet_shell.o
                0x0000b724                fnet_shell_script_release
 .text.fnet_shell_help
                0x0000b74c       0x44 ./Framework/FNET/services/shell/fnet_shell.o
                0x0000b74c                fnet_shell_help
 .text.fnet_shell_ctrlc
                0x0000b790       0x34 ./Framework/FNET/services/shell/fnet_shell.o
                0x0000b790                fnet_shell_ctrlc
 .text.fnet_shell_block
                0x0000b7c4       0x44 ./Framework/FNET/services/shell/fnet_shell.o
                0x0000b7c4                fnet_shell_block
 .text.fnet_shell_unblock
                0x0000b808       0x24 ./Framework/FNET/services/shell/fnet_shell.o
                0x0000b808                fnet_shell_unblock
 .text          0x0000b82c        0x0 ./Framework/FNET/services/serial/fnet_serial.o
 .text.fnet_serial_putchar
                0x0000b82c       0x20 ./Framework/FNET/services/serial/fnet_serial.o
                0x0000b82c                fnet_serial_putchar
 .text.fnet_serial_getchar
                0x0000b84c       0x20 ./Framework/FNET/services/serial/fnet_serial.o
                0x0000b84c                fnet_serial_getchar
 .text.fnet_serial_flush
                0x0000b86c       0x24 ./Framework/FNET/services/serial/fnet_serial.o
                0x0000b86c                fnet_serial_flush
 .text.fnet_serial_printk_mknumstr
                0x0000b890      0x100 ./Framework/FNET/services/serial/fnet_serial.o
 .text.fnet_serial_printk_pad
                0x0000b990       0x40 ./Framework/FNET/services/serial/fnet_serial.o
 .text.fnet_serial_vprintf
                0x0000b9d0      0x628 ./Framework/FNET/services/serial/fnet_serial.o
                0x0000b9d0                fnet_serial_vprintf
 .text.fnet_serial_printf
                0x0000bff8       0x2c ./Framework/FNET/services/serial/fnet_serial.o
                0x0000bff8                fnet_serial_printf
 .text.fnet_printf
                0x0000c024       0x2c ./Framework/FNET/services/serial/fnet_serial.o
                0x0000c024                fnet_printf
 .text.fnet_println
                0x0000c050       0x44 ./Framework/FNET/services/serial/fnet_serial.o
                0x0000c050                fnet_println
 .text.fnet_serial_buffer_putchar
                0x0000c094       0x40 ./Framework/FNET/services/serial/fnet_serial.o
 .text.fnet_sprintf
                0x0000c0d4       0x58 ./Framework/FNET/services/serial/fnet_serial.o
                0x0000c0d4                fnet_sprintf
 .text.fnet_snprintf
                0x0000c12c       0x70 ./Framework/FNET/services/serial/fnet_serial.o
                0x0000c12c                fnet_snprintf
 .text.fnet_putchar
                0x0000c19c       0x18 ./Framework/FNET/services/serial/fnet_serial.o
                0x0000c19c                fnet_putchar
 .text.fnet_getchar
                0x0000c1b4       0x10 ./Framework/FNET/services/serial/fnet_serial.o
                0x0000c1b4                fnet_getchar
 .text          0x0000c1c4        0x0 ./Framework/FNET/services/poll/fnet_poll.o
 .text.fnet_poll_services
                0x0000c1c4       0x48 ./Framework/FNET/services/poll/fnet_poll.o
                0x0000c1c4                fnet_poll_services
 .text.fnet_poll_services_release
                0x0000c20c       0x14 ./Framework/FNET/services/poll/fnet_poll.o
                0x0000c20c                fnet_poll_services_release
 .text.fnet_poll_service_register
                0x0000c220       0x78 ./Framework/FNET/services/poll/fnet_poll.o
                0x0000c220                fnet_poll_service_register
 .text.fnet_poll_service_unregister
                0x0000c298       0x38 ./Framework/FNET/services/poll/fnet_poll.o
                0x0000c298                fnet_poll_service_unregister
 .text          0x0000c2d0        0x0 ./Framework/FNET/services/ping/fnet_ping.o
 .text.fnet_ping_request
                0x0000c2d0      0x16c ./Framework/FNET/services/ping/fnet_ping.o
                0x0000c2d0                fnet_ping_request
 .text.fnet_ping_state_machine
                0x0000c43c      0x278 ./Framework/FNET/services/ping/fnet_ping.o
 .text.fnet_ping_release
                0x0000c6b4       0x2c ./Framework/FNET/services/ping/fnet_ping.o
                0x0000c6b4                fnet_ping_release
 .text.fnet_ping_state
                0x0000c6e0       0x18 ./Framework/FNET/services/ping/fnet_ping.o
                0x0000c6e0                fnet_ping_state
 .text          0x0000c6f8        0x0 ./Framework/FNET/services/http/fnet_http.o
 .text.fnet_http_state_machine
                0x0000c6f8      0x46c ./Framework/FNET/services/http/fnet_http.o
 .text.fnet_http_init
                0x0000cb64      0x228 ./Framework/FNET/services/http/fnet_http.o
                0x0000cb64                fnet_http_init
 .text.fnet_http_release
                0x0000cd8c       0x98 ./Framework/FNET/services/http/fnet_http.o
                0x0000cd8c                fnet_http_release
 .text.fnet_http_enabled
                0x0000ce24       0x2c ./Framework/FNET/services/http/fnet_http.o
                0x0000ce24                fnet_http_enabled
 .text.fnet_http_tx_status_line
                0x0000ce50      0x220 ./Framework/FNET/services/http/fnet_http.o
 .text.fnet_http_find_handler
                0x0000d070       0x78 ./Framework/FNET/services/http/fnet_http.o
                0x0000d070                fnet_http_find_handler
 .text.fnet_http_find_content_type
                0x0000d0e8       0x7c ./Framework/FNET/services/http/fnet_http.o
                0x0000d0e8                fnet_http_find_content_type
 .text.fnet_http_default_handle
                0x0000d164       0xa0 ./Framework/FNET/services/http/fnet_http.o
                0x0000d164                fnet_http_default_handle
 .text.fnet_http_default_send
                0x0000d204       0x30 ./Framework/FNET/services/http/fnet_http.o
                0x0000d204                fnet_http_default_send
 .text.fnet_http_default_close
                0x0000d234       0x30 ./Framework/FNET/services/http/fnet_http.o
                0x0000d234                fnet_http_default_close
 .text.fnet_http_query_unencode
                0x0000d264      0x12c ./Framework/FNET/services/http/fnet_http.o
                0x0000d264                fnet_http_query_unencode
 .text.fnet_http_uri_parse
                0x0000d390       0xdc ./Framework/FNET/services/http/fnet_http.o
                0x0000d390                fnet_http_uri_parse
 .text.fnet_http_version_parse
                0x0000d46c       0xc4 ./Framework/FNET/services/http/fnet_http.o
 .text.fnet_http_status_ok
                0x0000d530       0x30 ./Framework/FNET/services/http/fnet_http.o
 .text          0x0000d560        0x0 ./Framework/FNET/services/http/fnet_http_auth.o
 .text          0x0000d560        0x0 ./Framework/FNET/services/http/fnet_http_cgi.o
 .text.fnet_http_cgi_handle
                0x0000d560       0xc8 ./Framework/FNET/services/http/fnet_http_cgi.o
 .text.fnet_http_cgi_send
                0x0000d628       0x58 ./Framework/FNET/services/http/fnet_http_cgi.o
 .text          0x0000d680        0x0 ./Framework/FNET/services/http/fnet_http_get.o
 .text.fnet_http_get_handle
                0x0000d680       0x58 ./Framework/FNET/services/http/fnet_http_get.o
 .text.fnet_http_get_send
                0x0000d6d8       0x44 ./Framework/FNET/services/http/fnet_http_get.o
 .text.fnet_http_get_close
                0x0000d71c       0x38 ./Framework/FNET/services/http/fnet_http_get.o
 .text          0x0000d754        0x0 ./Framework/FNET/services/http/fnet_http_post.o
 .text          0x0000d754        0x0 ./Framework/FNET/services/http/fnet_http_ssi.o
 .text.fnet_http_ssi_handle
                0x0000d754       0x2c ./Framework/FNET/services/http/fnet_http_ssi.o
 .text.fnet_http_ssi_send
                0x0000d780      0x2ac ./Framework/FNET/services/http/fnet_http_ssi.o
 .text          0x0000da2c        0x0 ./Framework/FNET/services/fs/fnet_fs.o
 .text.fnet_fs_init
                0x0000da2c       0x3c ./Framework/FNET/services/fs/fnet_fs.o
                0x0000da2c                fnet_fs_init
 .text.fnet_fs_release
                0x0000da68       0x38 ./Framework/FNET/services/fs/fnet_fs.o
                0x0000da68                fnet_fs_release
 .text.fnet_fs_register
                0x0000daa0       0x40 ./Framework/FNET/services/fs/fnet_fs.o
                0x0000daa0                fnet_fs_register
 .text.fnet_fs_unregister
                0x0000dae0       0x4c ./Framework/FNET/services/fs/fnet_fs.o
                0x0000dae0                fnet_fs_unregister
 .text.fnet_fs_find_name
                0x0000db2c       0x4c ./Framework/FNET/services/fs/fnet_fs.o
                0x0000db2c                fnet_fs_find_name
 .text.fnet_fs_mount
                0x0000db78       0xc0 ./Framework/FNET/services/fs/fnet_fs.o
                0x0000db78                fnet_fs_mount
 .text.fnet_fs_path_cmp
                0x0000dc38       0xa8 ./Framework/FNET/services/fs/fnet_fs.o
                0x0000dc38                fnet_fs_path_cmp
 .text.fnet_fs_find_mount
                0x0000dce0       0x68 ./Framework/FNET/services/fs/fnet_fs.o
 .text.fnet_fs_unmount
                0x0000dd48       0x68 ./Framework/FNET/services/fs/fnet_fs.o
                0x0000dd48                fnet_fs_unmount
 .text.fnet_fs_opendir
                0x0000ddb0       0xbc ./Framework/FNET/services/fs/fnet_fs.o
                0x0000ddb0                fnet_fs_opendir
 .text.fnet_fs_closedir
                0x0000de6c       0x30 ./Framework/FNET/services/fs/fnet_fs.o
                0x0000de6c                fnet_fs_closedir
 .text.fnet_fs_readdir
                0x0000de9c       0x64 ./Framework/FNET/services/fs/fnet_fs.o
                0x0000de9c                fnet_fs_readdir
 .text.fnet_fs_rewinddir
                0x0000df00       0x24 ./Framework/FNET/services/fs/fnet_fs.o
                0x0000df00                fnet_fs_rewinddir
 .text.fnet_fs_fopen
                0x0000df24       0x20 ./Framework/FNET/services/fs/fnet_fs.o
                0x0000df24                fnet_fs_fopen
 .text.fnet_fs_fopen_re
                0x0000df44      0x14c ./Framework/FNET/services/fs/fnet_fs.o
                0x0000df44                fnet_fs_fopen_re
 .text.fnet_fs_fclose
                0x0000e090       0x30 ./Framework/FNET/services/fs/fnet_fs.o
                0x0000e090                fnet_fs_fclose
 .text.fnet_fs_rewind
                0x0000e0c0       0x24 ./Framework/FNET/services/fs/fnet_fs.o
                0x0000e0c0                fnet_fs_rewind
 .text.fnet_fs_fread
                0x0000e0e4       0x74 ./Framework/FNET/services/fs/fnet_fs.o
                0x0000e0e4                fnet_fs_fread
 .text.fnet_fs_feof
                0x0000e158       0x34 ./Framework/FNET/services/fs/fnet_fs.o
                0x0000e158                fnet_fs_feof
 .text.fnet_fs_fgetc
                0x0000e18c       0x70 ./Framework/FNET/services/fs/fnet_fs.o
                0x0000e18c                fnet_fs_fgetc
 .text.fnet_fs_fseek
                0x0000e1fc       0x68 ./Framework/FNET/services/fs/fnet_fs.o
                0x0000e1fc                fnet_fs_fseek
 .text.fnet_fs_ftell
                0x0000e264       0x2c ./Framework/FNET/services/fs/fnet_fs.o
                0x0000e264                fnet_fs_ftell
 .text.fnet_fs_finfo
                0x0000e290       0x64 ./Framework/FNET/services/fs/fnet_fs.o
                0x0000e290                fnet_fs_finfo
 .text          0x0000e2f4        0x0 ./Framework/FNET/services/fs/fnet_fs_rom.o
 .text.fnet_fs_rom_register
                0x0000e2f4       0x24 ./Framework/FNET/services/fs/fnet_fs_rom.o
                0x0000e2f4                fnet_fs_rom_register
 .text.fnet_fs_rom_unregister
                0x0000e318       0x24 ./Framework/FNET/services/fs/fnet_fs_rom.o
                0x0000e318                fnet_fs_rom_unregister
 .text.fnet_fs_rom_mount
                0x0000e33c       0x44 ./Framework/FNET/services/fs/fnet_fs_rom.o
                0x0000e33c                fnet_fs_rom_mount
 .text.fnet_fs_rom_find
                0x0000e380       0xb0 ./Framework/FNET/services/fs/fnet_fs_rom.o
 .text.fnet_fs_rom_opendir
                0x0000e430       0x58 ./Framework/FNET/services/fs/fnet_fs_rom.o
                0x0000e430                fnet_fs_rom_opendir
 .text.fnet_fs_rom_fill_dirent
                0x0000e488       0x3c ./Framework/FNET/services/fs/fnet_fs_rom.o
 .text.fnet_fs_rom_readdir
                0x0000e4c4       0x98 ./Framework/FNET/services/fs/fnet_fs_rom.o
                0x0000e4c4                fnet_fs_rom_readdir
 .text.fnet_fs_rom_fopen
                0x0000e55c       0x7c ./Framework/FNET/services/fs/fnet_fs_rom.o
                0x0000e55c                fnet_fs_rom_fopen
 .text.fnet_fs_rom_fread
                0x0000e5d8       0xa0 ./Framework/FNET/services/fs/fnet_fs_rom.o
                0x0000e5d8                fnet_fs_rom_fread
 .text.fnet_fs_rom_fseek
                0x0000e678       0x98 ./Framework/FNET/services/fs/fnet_fs_rom.o
                0x0000e678                fnet_fs_rom_fseek
 .text.fnet_fs_rom_finfo
                0x0000e710       0x40 ./Framework/FNET/services/fs/fnet_fs_rom.o
                0x0000e710                fnet_fs_rom_finfo
 .text          0x0000e750        0x0 ./Framework/FNET/services/fs/fnet_fs_root.o
 .text.fnet_fs_root_register
                0x0000e750       0x24 ./Framework/FNET/services/fs/fnet_fs_root.o
                0x0000e750                fnet_fs_root_register
 .text.fnet_fs_root_unregister
                0x0000e774       0x24 ./Framework/FNET/services/fs/fnet_fs_root.o
                0x0000e774                fnet_fs_root_unregister
 .text.fnet_fs_root_opendir
                0x0000e798       0x38 ./Framework/FNET/services/fs/fnet_fs_root.o
                0x0000e798                fnet_fs_root_opendir
 .text.fnet_fs_root_readdir
                0x0000e7d0       0xb8 ./Framework/FNET/services/fs/fnet_fs_root.o
                0x0000e7d0                fnet_fs_root_readdir
 .text          0x0000e888        0x0 ./Framework/FNET/services/flash/fnet_flash.o
 .text          0x0000e888        0x0 ./Framework/FNET/services/dns/fnet_dns.o
 .text          0x0000e888        0x0 ./Framework/FNET/services/dhcp/fnet_dhcp.o
 .text          0x0000e888        0x0 ./Framework/FNET/os/ucosII/fnet_ucosII_isr.o
 .text          0x0000e888        0x0 ./Framework/FNET/os/freertos/fnet_freertos.o
 .text          0x0000e888        0x0 ./Framework/FNET/os/brtos/fnet_brtos.o
 .text          0x0000e888        0x0 ./Framework/FNET/cpu/lpc17xx/fnet_lpc.o
 .text.fnet_cpu_irq_disable
                0x0000e888       0x44 ./Framework/FNET/cpu/lpc17xx/fnet_lpc.o
                0x0000e888                fnet_cpu_irq_disable
 .text.fnet_cpu_irq_enable
                0x0000e8cc       0x3c ./Framework/FNET/cpu/lpc17xx/fnet_lpc.o
                0x0000e8cc                fnet_cpu_irq_enable
 .text.fnet_cpu_isr_install
                0x0000e908       0x18 ./Framework/FNET/cpu/lpc17xx/fnet_lpc.o
                0x0000e908                fnet_cpu_isr_install
 .text          0x0000e920        0x0 ./Framework/FNET/cpu/lpc17xx/fnet_lpc1768_serial.o
 .text.fnet_cpu_serial_putchar
                0x0000e920       0x44 ./Framework/FNET/cpu/lpc17xx/fnet_lpc1768_serial.o
                0x0000e920                fnet_cpu_serial_putchar
 .text.fnet_cpu_serial_getchar
                0x0000e964       0x34 ./Framework/FNET/cpu/lpc17xx/fnet_lpc1768_serial.o
                0x0000e964                fnet_cpu_serial_getchar
 .text.fnet_cpu_serial_init
                0x0000e998       0xa4 ./Framework/FNET/cpu/lpc17xx/fnet_lpc1768_serial.o
                0x0000e998                fnet_cpu_serial_init
 .text          0x0000ea3c        0x0 ./Framework/FNET/cpu/lpc17xx/fnet_lpc1768_timer.o
 .text.NVIC_EnableIRQ
                0x0000ea3c       0x30 ./Framework/FNET/cpu/lpc17xx/fnet_lpc1768_timer.o
 .text.fnet_cpu_timer_handler_top
                0x0000ea6c       0x1c ./Framework/FNET/cpu/lpc17xx/fnet_lpc1768_timer.o
                0x0000ea6c                fnet_cpu_timer_handler_top
 .text.fnet_cpu_timer_handler_bottom
                0x0000ea88       0x14 ./Framework/FNET/cpu/lpc17xx/fnet_lpc1768_timer.o
                0x0000ea88                fnet_cpu_timer_handler_bottom
 .text.TIMER2_IRQHandler
                0x0000ea9c       0x14 ./Framework/FNET/cpu/lpc17xx/fnet_lpc1768_timer.o
                0x0000ea9c                TIMER2_IRQHandler
 .text.fnet_cpu_timer_init
                0x0000eab0       0xe8 ./Framework/FNET/cpu/lpc17xx/fnet_lpc1768_timer.o
                0x0000eab0                fnet_cpu_timer_init
 .text.fnet_cpu_timer_release
                0x0000eb98       0x2c ./Framework/FNET/cpu/lpc17xx/fnet_lpc1768_timer.o
                0x0000eb98                fnet_cpu_timer_release
 .text          0x0000ebc4        0x0 ./Framework/FNET/cpu/lpc17xx/fnet_lpc_eth.o
 .text.NVIC_EnableIRQ
                0x0000ebc4       0x30 ./Framework/FNET/cpu/lpc17xx/fnet_lpc_eth.o
 .text.fnet_lpceth_write_to_phy
                0x0000ebf4       0x50 ./Framework/FNET/cpu/lpc17xx/fnet_lpc_eth.o
                0x0000ebf4                fnet_lpceth_write_to_phy
 .text.fnet_lpceth_read_from_phy
                0x0000ec44       0x5c ./Framework/FNET/cpu/lpc17xx/fnet_lpc_eth.o
                0x0000ec44                fnet_lpceth_read_from_phy
 .text.fnet_eth_io_init
                0x0000eca0       0x94 ./Framework/FNET/cpu/lpc17xx/fnet_lpc_eth.o
                0x0000eca0                fnet_eth_io_init
 .text.fnet_lpceth_init
                0x0000ed34      0x1cc ./Framework/FNET/cpu/lpc17xx/fnet_lpc_eth.o
                0x0000ed34                fnet_lpceth_init
 .text.fnet_lpceth_init_dma
                0x0000ef00      0x140 ./Framework/FNET/cpu/lpc17xx/fnet_lpc_eth.o
                0x0000ef00                fnet_lpceth_init_dma
 .text.fnet_lpceth_release
                0x0000f040       0x14 ./Framework/FNET/cpu/lpc17xx/fnet_lpc_eth.o
                0x0000f040                fnet_lpceth_release
 .text.fnet_lpceth_input
                0x0000f054      0x138 ./Framework/FNET/cpu/lpc17xx/fnet_lpc_eth.o
                0x0000f054                fnet_lpceth_input
 .text.fnet_lpceth_output
                0x0000f18c      0x16c ./Framework/FNET/cpu/lpc17xx/fnet_lpc_eth.o
                0x0000f18c                fnet_lpceth_output
 .text.fnet_lpceth_get_hw_addr
                0x0000f2f8       0x74 ./Framework/FNET/cpu/lpc17xx/fnet_lpc_eth.o
                0x0000f2f8                fnet_lpceth_get_hw_addr
 .text.fnet_lpceth_set_hw_addr
                0x0000f36c       0x58 ./Framework/FNET/cpu/lpc17xx/fnet_lpc_eth.o
                0x0000f36c                fnet_lpceth_set_hw_addr
 .text.fnet_lpceth_get_statistics
                0x0000f3c4       0x30 ./Framework/FNET/cpu/lpc17xx/fnet_lpc_eth.o
                0x0000f3c4                fnet_lpceth_get_statistics
 .text.fnet_lpceth_is_connected
                0x0000f3f4       0x18 ./Framework/FNET/cpu/lpc17xx/fnet_lpc_eth.o
                0x0000f3f4                fnet_lpceth_is_connected
 .text.fnet_lpceth_interrupt_handler_top
                0x0000f40c       0xd8 ./Framework/FNET/cpu/lpc17xx/fnet_lpc_eth.o
                0x0000f40c                fnet_lpceth_interrupt_handler_top
 .text.fnet_lpceth_interrupt_handler_bottom
                0x0000f4e4       0x30 ./Framework/FNET/cpu/lpc17xx/fnet_lpc_eth.o
                0x0000f4e4                fnet_lpceth_interrupt_handler_bottom
 .text.ENET_IRQHandler
                0x0000f514        0xc ./Framework/FNET/cpu/lpc17xx/fnet_lpc_eth.o
                0x0000f514                ENET_IRQHandler
 .text          0x0000f520        0x0 ./Framework/FNET/cpu/common/fnet_fec.o
 .text          0x0000f520        0x0 ./Framework/FNET/cpu/fnet_cpu.o
 .text.fnet_htons
                0x0000f520       0x2c ./Framework/FNET/cpu/fnet_cpu.o
                0x0000f520                fnet_htons
 .text.fnet_htonl
                0x0000f54c       0x38 ./Framework/FNET/cpu/fnet_cpu.o
                0x0000f54c                fnet_htonl
 .text          0x0000f584        0x0 ./Framework/FNET/fapp_fs_image.o
 .text          0x0000f584        0x0 ./Framework/FNET/fapp_fs_image_http09.o
 .text          0x0000f584        0x0 ./Framework/FNET/fapp_http_cgi.o
 .text.init_http
                0x0000f584       0x70 ./Framework/FNET/fapp_http_cgi.o
                0x0000f584                init_http
 .text.fapp_http_cgi_stdata_handle
                0x0000f5f4       0xb8 ./Framework/FNET/fapp_http_cgi.o
 .text.fapp_http_cgi_rand
                0x0000f6ac       0x34 ./Framework/FNET/fapp_http_cgi.o
 .text.fapp_http_cgi_graph_handle
                0x0000f6e0       0x68 ./Framework/FNET/fapp_http_cgi.o
 .text.fapp_http_string_buffer_respond
                0x0000f748       0x74 ./Framework/FNET/fapp_http_cgi.o
 .text          0x0000f7bc        0x0 ./Framework/FNET/fnet_main.o
 .text.FNET_START
                0x0000f7bc       0x9c ./Framework/FNET/fnet_main.o
                0x0000f7bc                FNET_START
 .text          0x0000f858        0x0 ./Chip/Driver/Source/debug_frmwrk.o
 .text          0x0000f858        0x0 ./Chip/Driver/Source/lpc177x_8x_adc.o
 .text          0x0000f858        0x0 ./Chip/Driver/Source/lpc177x_8x_bod.o
 .text          0x0000f858        0x0 ./Chip/Driver/Source/lpc177x_8x_can.o
 .text          0x0000f858        0x0 ./Chip/Driver/Source/lpc177x_8x_clkpwr.o
 .text.CLKPWR_SetCLKDiv
                0x0000f858       0xdc ./Chip/Driver/Source/lpc177x_8x_clkpwr.o
                0x0000f858                CLKPWR_SetCLKDiv
 .text.CLKPWR_GetCLK
                0x0000f934       0x60 ./Chip/Driver/Source/lpc177x_8x_clkpwr.o
                0x0000f934                CLKPWR_GetCLK
 .text.CLKPWR_ConfigPPWR
                0x0000f994       0x4c ./Chip/Driver/Source/lpc177x_8x_clkpwr.o
                0x0000f994                CLKPWR_ConfigPPWR
 .text.CLKPWR_Sleep
                0x0000f9e0       0x1c ./Chip/Driver/Source/lpc177x_8x_clkpwr.o
                0x0000f9e0                CLKPWR_Sleep
 .text.CLKPWR_DeepSleep
                0x0000f9fc       0x24 ./Chip/Driver/Source/lpc177x_8x_clkpwr.o
                0x0000f9fc                CLKPWR_DeepSleep
 .text.CLKPWR_PowerDown
                0x0000fa20       0x24 ./Chip/Driver/Source/lpc177x_8x_clkpwr.o
                0x0000fa20                CLKPWR_PowerDown
 .text.CLKPWR_DeepPowerDown
                0x0000fa44       0x24 ./Chip/Driver/Source/lpc177x_8x_clkpwr.o
                0x0000fa44                CLKPWR_DeepPowerDown
 .text          0x0000fa68        0x0 ./Chip/Driver/Source/lpc177x_8x_crc.o
 .text          0x0000fa68        0x0 ./Chip/Driver/Source/lpc177x_8x_dac.o
 .text          0x0000fa68        0x0 ./Chip/Driver/Source/lpc177x_8x_eeprom.o
 .text          0x0000fa68        0x0 ./Chip/Driver/Source/lpc177x_8x_emac.o
 .text          0x0000fa68        0x0 ./Chip/Driver/Source/lpc177x_8x_emc.o
 .text          0x0000fa68        0x0 ./Chip/Driver/Source/lpc177x_8x_exti.o
 .text          0x0000fa68        0x0 ./Chip/Driver/Source/lpc177x_8x_gpdma.o
 .text          0x0000fa68        0x0 ./Chip/Driver/Source/lpc177x_8x_gpio.o
 .text.GPIO_GetPointer
                0x0000fa68       0x80 ./Chip/Driver/Source/lpc177x_8x_gpio.o
 .text.FIO_HalfWordGetPointer
                0x0000fae8       0x80 ./Chip/Driver/Source/lpc177x_8x_gpio.o
 .text.FIO_ByteGetPointer
                0x0000fb68       0x80 ./Chip/Driver/Source/lpc177x_8x_gpio.o
 .text.GPIO_Init
                0x0000fbe8       0x14 ./Chip/Driver/Source/lpc177x_8x_gpio.o
                0x0000fbe8                GPIO_Init
 .text.GPIO_Deinit
                0x0000fbfc       0x14 ./Chip/Driver/Source/lpc177x_8x_gpio.o
                0x0000fbfc                GPIO_Deinit
 .text.GPIO_SetDir
                0x0000fc10       0x48 ./Chip/Driver/Source/lpc177x_8x_gpio.o
                0x0000fc10                GPIO_SetDir
 .text.GPIO_SetValue
                0x0000fc58       0x28 ./Chip/Driver/Source/lpc177x_8x_gpio.o
                0x0000fc58                GPIO_SetValue
 .text.GPIO_ClearValue
                0x0000fc80       0x28 ./Chip/Driver/Source/lpc177x_8x_gpio.o
                0x0000fc80                GPIO_ClearValue
 .text.GPIO_OutputValue
                0x0000fca8       0x34 ./Chip/Driver/Source/lpc177x_8x_gpio.o
                0x0000fca8                GPIO_OutputValue
 .text.GPIO_ReadValue
                0x0000fcdc       0x2c ./Chip/Driver/Source/lpc177x_8x_gpio.o
                0x0000fcdc                GPIO_ReadValue
 .text.GPIO_IntCmd
                0x0000fd08       0x70 ./Chip/Driver/Source/lpc177x_8x_gpio.o
                0x0000fd08                GPIO_IntCmd
 .text.GPIO_GetIntStatus
                0x0000fd78       0xbc ./Chip/Driver/Source/lpc177x_8x_gpio.o
                0x0000fd78                GPIO_GetIntStatus
 .text.GPIO_ClearInt
                0x0000fe34       0x38 ./Chip/Driver/Source/lpc177x_8x_gpio.o
                0x0000fe34                GPIO_ClearInt
 .text.FIO_SetDir
                0x0000fe6c       0x24 ./Chip/Driver/Source/lpc177x_8x_gpio.o
                0x0000fe6c                FIO_SetDir
 .text.FIO_SetValue
                0x0000fe90       0x1c ./Chip/Driver/Source/lpc177x_8x_gpio.o
                0x0000fe90                FIO_SetValue
 .text.FIO_ClearValue
                0x0000feac       0x1c ./Chip/Driver/Source/lpc177x_8x_gpio.o
                0x0000feac                FIO_ClearValue
 .text.FIO_ReadValue
                0x0000fec8       0x1c ./Chip/Driver/Source/lpc177x_8x_gpio.o
                0x0000fec8                FIO_ReadValue
 .text.FIO_IntCmd
                0x0000fee4       0x24 ./Chip/Driver/Source/lpc177x_8x_gpio.o
                0x0000fee4                FIO_IntCmd
 .text.FIO_GetIntStatus
                0x0000ff08       0x28 ./Chip/Driver/Source/lpc177x_8x_gpio.o
                0x0000ff08                FIO_GetIntStatus
 .text.FIO_ClearInt
                0x0000ff30       0x1c ./Chip/Driver/Source/lpc177x_8x_gpio.o
                0x0000ff30                FIO_ClearInt
 .text.FIO_SetMask
                0x0000ff4c       0x48 ./Chip/Driver/Source/lpc177x_8x_gpio.o
                0x0000ff4c                FIO_SetMask
 .text.FIO_HalfWordSetDir
                0x0000ff94       0x8c ./Chip/Driver/Source/lpc177x_8x_gpio.o
                0x0000ff94                FIO_HalfWordSetDir
 .text.FIO_HalfWordSetMask
                0x00010020       0x8c ./Chip/Driver/Source/lpc177x_8x_gpio.o
                0x00010020                FIO_HalfWordSetMask
 .text.FIO_HalfWordSetValue
                0x000100ac       0x3c ./Chip/Driver/Source/lpc177x_8x_gpio.o
                0x000100ac                FIO_HalfWordSetValue
 .text.FIO_HalfWordClearValue
                0x000100e8       0x3c ./Chip/Driver/Source/lpc177x_8x_gpio.o
                0x000100e8                FIO_HalfWordClearValue
 .text.FIO_HalfWordReadValue
                0x00010124       0x40 ./Chip/Driver/Source/lpc177x_8x_gpio.o
                0x00010124                FIO_HalfWordReadValue
 .text.FIO_ByteSetDir
                0x00010164       0x68 ./Chip/Driver/Source/lpc177x_8x_gpio.o
                0x00010164                FIO_ByteSetDir
 .text.FIO_ByteSetMask
                0x000101cc       0x70 ./Chip/Driver/Source/lpc177x_8x_gpio.o
                0x000101cc                FIO_ByteSetMask
 .text.FIO_ByteSetValue
                0x0001023c       0x38 ./Chip/Driver/Source/lpc177x_8x_gpio.o
                0x0001023c                FIO_ByteSetValue
 .text.FIO_ByteClearValue
                0x00010274       0x38 ./Chip/Driver/Source/lpc177x_8x_gpio.o
                0x00010274                FIO_ByteClearValue
 .text.FIO_ByteReadValue
                0x000102ac       0x3c ./Chip/Driver/Source/lpc177x_8x_gpio.o
                0x000102ac                FIO_ByteReadValue
 .text          0x000102e8        0x0 ./Chip/Driver/Source/lpc177x_8x_i2c.o
 .text          0x000102e8        0x0 ./Chip/Driver/Source/lpc177x_8x_i2s.o
 .text          0x000102e8        0x0 ./Chip/Driver/Source/lpc177x_8x_iap.o
 .text          0x000102e8        0x0 ./Chip/Driver/Source/lpc177x_8x_lcd.o
 .text          0x000102e8        0x0 ./Chip/Driver/Source/lpc177x_8x_mci.o
 .text          0x000102e8        0x0 ./Chip/Driver/Source/lpc177x_8x_mcpwm.o
 .text          0x000102e8        0x0 ./Chip/Driver/Source/lpc177x_8x_nvic.o
 .text.NVIC_DeInit
                0x000102e8       0x58 ./Chip/Driver/Source/lpc177x_8x_nvic.o
                0x000102e8                NVIC_DeInit
 .text.NVIC_SCBDeInit
                0x00010340       0x74 ./Chip/Driver/Source/lpc177x_8x_nvic.o
                0x00010340                NVIC_SCBDeInit
 .text.NVIC_SetVTOR
                0x000103b4       0x1c ./Chip/Driver/Source/lpc177x_8x_nvic.o
                0x000103b4                NVIC_SetVTOR
 .text          0x000103d0        0x0 ./Chip/Driver/Source/lpc177x_8x_pinsel.o
 .text.PIN_GetPointer
                0x000103d0       0x34 ./Chip/Driver/Source/lpc177x_8x_pinsel.o
 .text.PINSEL_GetPinType
                0x00010404      0x11c ./Chip/Driver/Source/lpc177x_8x_pinsel.o
                0x00010404                PINSEL_GetPinType
 .text.PINSEL_ConfigPin
                0x00010520       0x68 ./Chip/Driver/Source/lpc177x_8x_pinsel.o
                0x00010520                PINSEL_ConfigPin
 .text.PINSEL_SetPinMode
                0x00010588       0x84 ./Chip/Driver/Source/lpc177x_8x_pinsel.o
                0x00010588                PINSEL_SetPinMode
 .text.PINSEL_SetHysMode
                0x0001060c       0x80 ./Chip/Driver/Source/lpc177x_8x_pinsel.o
                0x0001060c                PINSEL_SetHysMode
 .text.PINSEL_SetInvertInput
                0x0001068c       0x7c ./Chip/Driver/Source/lpc177x_8x_pinsel.o
                0x0001068c                PINSEL_SetInvertInput
 .text.PINSEL_SetSlewMode
                0x00010708       0x80 ./Chip/Driver/Source/lpc177x_8x_pinsel.o
                0x00010708                PINSEL_SetSlewMode
 .text.PINSEL_SetI2CMode
                0x00010788       0xc4 ./Chip/Driver/Source/lpc177x_8x_pinsel.o
                0x00010788                PINSEL_SetI2CMode
 .text.PINSEL_SetOpenDrainMode
                0x0001084c       0x88 ./Chip/Driver/Source/lpc177x_8x_pinsel.o
                0x0001084c                PINSEL_SetOpenDrainMode
 .text.PINSEL_SetAnalogPinMode
                0x000108d4       0x7c ./Chip/Driver/Source/lpc177x_8x_pinsel.o
                0x000108d4                PINSEL_SetAnalogPinMode
 .text.PINSEL_DacEnable
                0x00010950       0x80 ./Chip/Driver/Source/lpc177x_8x_pinsel.o
                0x00010950                PINSEL_DacEnable
 .text.PINSEL_SetFilter
                0x000109d0       0x80 ./Chip/Driver/Source/lpc177x_8x_pinsel.o
                0x000109d0                PINSEL_SetFilter
 .text.PINSEL_SetI2CFilter
                0x00010a50       0x7c ./Chip/Driver/Source/lpc177x_8x_pinsel.o
                0x00010a50                PINSEL_SetI2CFilter
 .text          0x00010acc        0x0 ./Chip/Driver/Source/lpc177x_8x_pwm.o
 .text          0x00010acc        0x0 ./Chip/Driver/Source/lpc177x_8x_qei.o
 .text          0x00010acc        0x0 ./Chip/Driver/Source/lpc177x_8x_rtc.o
 .text          0x00010acc        0x0 ./Chip/Driver/Source/lpc177x_8x_ssp.o
 .text          0x00010acc        0x0 ./Chip/Driver/Source/lpc177x_8x_systick.o
 .text          0x00010acc        0x0 ./Chip/Driver/Source/lpc177x_8x_timer.o
 .text          0x00010acc        0x0 ./Chip/Driver/Source/lpc177x_8x_uart.o
 .text.uart_set_divisors
                0x00010acc      0x2d8 ./Chip/Driver/Source/lpc177x_8x_uart.o
 .text.uart_get_pointer
                0x00010da4       0x4c ./Chip/Driver/Source/lpc177x_8x_uart.o
 .text.UART_Init
                0x00010df0      0x2fc ./Chip/Driver/Source/lpc177x_8x_uart.o
                0x00010df0                UART_Init
 .text.UART_DeInit
                0x000110ec       0x70 ./Chip/Driver/Source/lpc177x_8x_uart.o
                0x000110ec                UART_DeInit
 .text.UART_ConfigStructInit
                0x0001115c       0x2c ./Chip/Driver/Source/lpc177x_8x_uart.o
                0x0001115c                UART_ConfigStructInit
 .text.UART_SendByte
                0x00011188       0x78 ./Chip/Driver/Source/lpc177x_8x_uart.o
                0x00011188                UART_SendByte
 .text.UART_ReceiveByte
                0x00011200       0x78 ./Chip/Driver/Source/lpc177x_8x_uart.o
                0x00011200                UART_ReceiveByte
 .text.UART_Send
                0x00011278      0x148 ./Chip/Driver/Source/lpc177x_8x_uart.o
                0x00011278                UART_Send
 .text.UART_Receive
                0x000113c0      0x110 ./Chip/Driver/Source/lpc177x_8x_uart.o
                0x000113c0                UART_Receive
 .text.UART_ForceBreak
                0x000114d0       0xa0 ./Chip/Driver/Source/lpc177x_8x_uart.o
                0x000114d0                UART_ForceBreak
 .text.UART_IntConfig
                0x00011570      0x118 ./Chip/Driver/Source/lpc177x_8x_uart.o
                0x00011570                UART_IntConfig
 .text.UART_GetLineStatus
                0x00011688       0x78 ./Chip/Driver/Source/lpc177x_8x_uart.o
                0x00011688                UART_GetLineStatus
 .text.UART_GetIntId
                0x00011700       0x8c ./Chip/Driver/Source/lpc177x_8x_uart.o
                0x00011700                UART_GetIntId
 .text.UART_CheckBusy
                0x0001178c       0xa4 ./Chip/Driver/Source/lpc177x_8x_uart.o
                0x0001178c                UART_CheckBusy
 .text.UART_FIFOConfig
                0x00011830      0x100 ./Chip/Driver/Source/lpc177x_8x_uart.o
                0x00011830                UART_FIFOConfig
 .text.UART_FIFOConfigStructInit
                0x00011930       0x2c ./Chip/Driver/Source/lpc177x_8x_uart.o
                0x00011930                UART_FIFOConfigStructInit
 .text.UART_ABCmd
                0x0001195c      0x13c ./Chip/Driver/Source/lpc177x_8x_uart.o
                0x0001195c                UART_ABCmd
 .text.UART_ABClearIntPending
                0x00011a98       0x5c ./Chip/Driver/Source/lpc177x_8x_uart.o
                0x00011a98                UART_ABClearIntPending
 .text.UART_TxCmd
                0x00011af4       0x94 ./Chip/Driver/Source/lpc177x_8x_uart.o
                0x00011af4                UART_TxCmd
 .text.UART_IrDAInvtInputCmd
                0x00011b88       0x4c ./Chip/Driver/Source/lpc177x_8x_uart.o
                0x00011b88                UART_IrDAInvtInputCmd
 .text.UART_IrDACmd
                0x00011bd4       0x44 ./Chip/Driver/Source/lpc177x_8x_uart.o
                0x00011bd4                UART_IrDACmd
 .text.UART_IrDAPulseDivConfig
                0x00011c18       0x50 ./Chip/Driver/Source/lpc177x_8x_uart.o
                0x00011c18                UART_IrDAPulseDivConfig
 .text.UART_FullModemForcePinState
                0x00011c68       0x78 ./Chip/Driver/Source/lpc177x_8x_uart.o
                0x00011c68                UART_FullModemForcePinState
 .text.UART_FullModemConfigMode
                0x00011ce0       0x7c ./Chip/Driver/Source/lpc177x_8x_uart.o
                0x00011ce0                UART_FullModemConfigMode
 .text.UART_FullModemGetStatus
                0x00011d5c       0x2c ./Chip/Driver/Source/lpc177x_8x_uart.o
                0x00011d5c                UART_FullModemGetStatus
 .text.UART_RS485Config
                0x00011d88      0x118 ./Chip/Driver/Source/lpc177x_8x_uart.o
                0x00011d88                UART_RS485Config
 .text.UART_RS485ReceiverCmd
                0x00011ea0       0x64 ./Chip/Driver/Source/lpc177x_8x_uart.o
                0x00011ea0                UART_RS485ReceiverCmd
 .text.UART_RS485Send
                0x00011f04       0xc4 ./Chip/Driver/Source/lpc177x_8x_uart.o
                0x00011f04                UART_RS485Send
 .text.UART_RS485SendSlvAddr
                0x00011fc8       0x24 ./Chip/Driver/Source/lpc177x_8x_uart.o
                0x00011fc8                UART_RS485SendSlvAddr
 .text.UART_RS485SendData
                0x00011fec       0x28 ./Chip/Driver/Source/lpc177x_8x_uart.o
                0x00011fec                UART_RS485SendData
 .text          0x00012014        0x0 ./Chip/Driver/Source/lpc177x_8x_wwdt.o
 .text          0x00012014       0x9c ./Chip/Core/Source/Template/GCC/startup_LPC177x_8x.o
                0x00012014                Reset_Handler
                0x00012048                NMI_Handler
                0x0001204c                MemManage_Handler
                0x0001204e                BusFault_Handler
                0x00012050                UsageFault_Handler
                0x00012052                SVC_Handler
                0x00012054                DebugMon_Handler
                0x00012056                PendSV_Handler
                0x0001205a                Default_Handler
                0x0001205c                WDT_IRQHandler
                0x0001205e                TIMER0_IRQHandler
                0x00012060                TIMER1_IRQHandler
                0x00012064                TIMER3_IRQHandler
                0x00012066                UART0_IRQHandler
                0x00012068                UART1_IRQHandler
                0x0001206a                UART2_IRQHandler
                0x0001206c                UART3_IRQHandler
                0x0001206e                PWM1_IRQHandler
                0x00012070                I2C0_IRQHandler
                0x00012072                I2C1_IRQHandler
                0x00012074                I2C2_IRQHandler
                0x00012076                SPI_IRQHandler
                0x00012078                SSP0_IRQHandler
                0x0001207a                SSP1_IRQHandler
                0x0001207c                PLL0_IRQHandler
                0x0001207e                RTC_IRQHandler
                0x00012080                EINT0_IRQHandler
                0x00012082                EINT1_IRQHandler
                0x00012084                EINT2_IRQHandler
                0x00012086                EINT3_IRQHandler
                0x00012088                ADC_IRQHandler
                0x0001208a                BOD_IRQHandler
                0x0001208c                USB_IRQHandler
                0x0001208e                CAN_IRQHandler
                0x00012090                DMA_IRQHandler
                0x00012092                I2S_IRQHandler
                0x00012094                FNET_ENET_IRQHandler
                0x00012096                SDIO_IRQHandler
                0x00012098                MCPWM_IRQHandler
                0x0001209a                QEI_IRQHandler
                0x0001209c                PLL1_IRQHandler
                0x0001209e                USBActivity_IRQHandler
                0x000120a0                CANActivity_IRQHandler
                0x000120a2                UART4_IRQHandler
                0x000120a4                SSP2_IRQHandler
                0x000120a6                LCD_IRQHandler
                0x000120a8                GPIO_IRQHandler
                0x000120aa                PWM0_IRQHandler
                0x000120ac                EEPROM_IRQHandler
 .text          0x000120b0        0x0 ./Chip/Core/Source/Template/system_LPC177x_8x.o
 .text.SystemCoreClockUpdate
                0x000120b0      0x37c ./Chip/Core/Source/Template/system_LPC177x_8x.o
                0x000120b0                SystemCoreClockUpdate
 .text.SystemInit
                0x0001242c       0xec ./Chip/Core/Source/Template/system_LPC177x_8x.o
                0x0001242c                SystemInit
 .text          0x00012518        0x0 ./main.o
 .text.SysTick_Handler
                0x00012518       0x1c ./main.o
                0x00012518                SysTick_Handler
 .text.cpu_serial_init
                0x00012534       0x30 ./main.o
                0x00012534                cpu_serial_init
 .text.Delay    0x00012564       0x2c ./main.o
                0x00012564                Delay
 .text.HardFault_Handler
                0x00012590       0x20 ./main.o
                0x00012590                HardFault_Handler
 .text.HW_initialize_ETH
                0x000125b0       0x6c ./main.o
                0x000125b0                HW_initialize_ETH
 .text.Initialize_UART
                0x0001261c       0xd8 ./main.o
                0x0001261c                Initialize_UART
 .text.main     0x000126f4      0x20c ./main.o
                0x000126f4                main
 .text          0x00012900      0x370 c:/embedded/tools/gcc-arm/bin/../lib/gcc/arm-none-eabi/4.8.4/armv7-m\libgcc.a(_arm_addsubdf3.o)
                0x00012900                __aeabi_drsub
                0x00012908                __aeabi_dsub
                0x00012908                __subdf3
                0x0001290c                __aeabi_dadd
                0x0001290c                __adddf3
                0x00012b84                __floatunsidf
                0x00012b84                __aeabi_ui2d
                0x00012ba4                __floatsidf
                0x00012ba4                __aeabi_i2d
                0x00012bc8                __aeabi_f2d
                0x00012bc8                __extendsfdf2
                0x00012c04                __floatundidf
                0x00012c04                __aeabi_ul2d
                0x00012c14                __floatdidf
                0x00012c14                __aeabi_l2d
 .text          0x00012c70      0x424 c:/embedded/tools/gcc-arm/bin/../lib/gcc/arm-none-eabi/4.8.4/armv7-m\libgcc.a(_arm_muldivdf3.o)
                0x00012c70                __aeabi_dmul
                0x00012c70                __muldf3
                0x00012ec4                __divdf3
                0x00012ec4                __aeabi_ddiv
 .text          0x00013094       0xa0 c:/embedded/tools/gcc-arm/bin/../lib/gcc/arm-none-eabi/4.8.4/armv7-m\libgcc.a(_arm_truncdfsf2.o)
                0x00013094                __truncdfsf2
                0x00013094                __aeabi_d2f
 .text          0x00013134      0x21c c:/embedded/tools/gcc-arm/bin/../lib/gcc/arm-none-eabi/4.8.4/armv7-m\libgcc.a(_arm_addsubsf3.o)
                0x00013134                __aeabi_frsub